[0.001s] Invoking command in '/home/bart/goliath_mobile/build/hoverboard_demo_bringup': CMAKE_PREFIX_PATH=/home/bart/goliath_mobile/install/hoverboard_demo_description:/home/bart/goliath_mobile/install/rplidar_ros:/home/bart/goliath_mobile/install/ros2_control_demos:/home/bart/goliath_mobile/install/moveit:/home/bart/goliath_mobile/install/gripper_controller:/home/bart/goliath_mobile/install/goliath_moveit_config:/home/bart/goliath_mobile/install/goliath_controller:/home/bart/goliath_mobile/install/ros2_control_demo_description:/home/bart/goliath_mobile/install/hoverboard_ros2_control:/home/bart/goliath_mobile/install/hoverboard_hardware_interface:/home/bart/goliath_mobile/install/hoverboard_demo_bringup:/home/bart/goliath_mobile/install/goliath_commander_cpp:/home/bart/goliath_mobile/install/goliath_interfaces:/home/bart/goliath_mobile/install/arm_move_joy:/home/bart/goliath_base/install/hoverboard_demo_bringup:/home/bart/goliath_base/install/hoverboard_demo_description:/home/bart/goliath_mobile/install/ros2_control_demo_testing:/home/bart/goliath_mobile/install/gripper_description:/opt/ros/humble /usr/bin/cmake /home/bart/goliath_mobile/src/golitath_mobile/hoverboard_ros2_control/hoverboard_demo_bringup -DAMENT_CMAKE_SYMLINK_INSTALL=1 -DCMAKE_INSTALL_PREFIX=/home/bart/goliath_mobile/install/hoverboard_demo_bringup
[0.178s] -- The C compiler identification is GNU 11.4.0
[0.329s] -- The CXX compiler identification is GNU 11.4.0
[0.348s] -- Detecting C compiler ABI info
[0.513s] -- Detecting C compiler ABI info - done
[0.536s] -- Check for working C compiler: /usr/bin/cc - skipped
[0.537s] -- Detecting C compile features
[0.538s] -- Detecting C compile features - done
[0.549s] -- Detecting CXX compiler ABI info
[0.734s] -- Detecting CXX compiler ABI info - done
[0.756s] -- Check for working CXX compiler: /usr/bin/c++ - skipped
[0.757s] -- Detecting CXX compile features
[0.759s] -- Detecting CXX compile features - done
[0.770s] -- Found ament_cmake_auto: 1.3.14 (/opt/ros/humble/share/ament_cmake_auto/cmake)
[1.189s] -- Found Python3: /usr/bin/python3 (found version "3.10.12") found components: Interpreter 
[1.377s] -- Override CMake install command with custom implementation using symlinks instead of copying resources
[1.491s] -- Found ament_lint_auto: 0.12.15 (/opt/ros/humble/share/ament_lint_auto/cmake)
[1.759s] -- Added test 'flake8' to check Python code syntax and style conventions
[1.763s] -- Added test 'lint_cmake' to check CMake code style
[1.767s] -- Added test 'pep257' to check Python code against some of the docstring style conventions in PEP 257
[1.770s] -- Added test 'xmllint' to check XML markup files
[1.776s] -- Configuring done
[1.786s] -- Generating done
[1.789s] -- Build files have been written to: /home/bart/goliath_mobile/build/hoverboard_demo_bringup
[1.801s] Invoked command in '/home/bart/goliath_mobile/build/hoverboard_demo_bringup' returned '0': CMAKE_PREFIX_PATH=/home/bart/goliath_mobile/install/hoverboard_demo_description:/home/bart/goliath_mobile/install/rplidar_ros:/home/bart/goliath_mobile/install/ros2_control_demos:/home/bart/goliath_mobile/install/moveit:/home/bart/goliath_mobile/install/gripper_controller:/home/bart/goliath_mobile/install/goliath_moveit_config:/home/bart/goliath_mobile/install/goliath_controller:/home/bart/goliath_mobile/install/ros2_control_demo_description:/home/bart/goliath_mobile/install/hoverboard_ros2_control:/home/bart/goliath_mobile/install/hoverboard_hardware_interface:/home/bart/goliath_mobile/install/hoverboard_demo_bringup:/home/bart/goliath_mobile/install/goliath_commander_cpp:/home/bart/goliath_mobile/install/goliath_interfaces:/home/bart/goliath_mobile/install/arm_move_joy:/home/bart/goliath_base/install/hoverboard_demo_bringup:/home/bart/goliath_base/install/hoverboard_demo_description:/home/bart/goliath_mobile/install/ros2_control_demo_testing:/home/bart/goliath_mobile/install/gripper_description:/opt/ros/humble /usr/bin/cmake /home/bart/goliath_mobile/src/golitath_mobile/hoverboard_ros2_control/hoverboard_demo_bringup -DAMENT_CMAKE_SYMLINK_INSTALL=1 -DCMAKE_INSTALL_PREFIX=/home/bart/goliath_mobile/install/hoverboard_demo_bringup
[1.806s] Invoking command in '/home/bart/goliath_mobile/build/hoverboard_demo_bringup': CMAKE_PREFIX_PATH=/home/bart/goliath_mobile/install/hoverboard_demo_description:/home/bart/goliath_mobile/install/rplidar_ros:/home/bart/goliath_mobile/install/ros2_control_demos:/home/bart/goliath_mobile/install/moveit:/home/bart/goliath_mobile/install/gripper_controller:/home/bart/goliath_mobile/install/goliath_moveit_config:/home/bart/goliath_mobile/install/goliath_controller:/home/bart/goliath_mobile/install/ros2_control_demo_description:/home/bart/goliath_mobile/install/hoverboard_ros2_control:/home/bart/goliath_mobile/install/hoverboard_hardware_interface:/home/bart/goliath_mobile/install/hoverboard_demo_bringup:/home/bart/goliath_mobile/install/goliath_commander_cpp:/home/bart/goliath_mobile/install/goliath_interfaces:/home/bart/goliath_mobile/install/arm_move_joy:/home/bart/goliath_base/install/hoverboard_demo_bringup:/home/bart/goliath_base/install/hoverboard_demo_description:/home/bart/goliath_mobile/install/ros2_control_demo_testing:/home/bart/goliath_mobile/install/gripper_description:/opt/ros/humble /usr/bin/cmake --build /home/bart/goliath_mobile/build/hoverboard_demo_bringup -- -j4 -l4
[1.892s] Invoked command in '/home/bart/goliath_mobile/build/hoverboard_demo_bringup' returned '0': CMAKE_PREFIX_PATH=/home/bart/goliath_mobile/install/hoverboard_demo_description:/home/bart/goliath_mobile/install/rplidar_ros:/home/bart/goliath_mobile/install/ros2_control_demos:/home/bart/goliath_mobile/install/moveit:/home/bart/goliath_mobile/install/gripper_controller:/home/bart/goliath_mobile/install/goliath_moveit_config:/home/bart/goliath_mobile/install/goliath_controller:/home/bart/goliath_mobile/install/ros2_control_demo_description:/home/bart/goliath_mobile/install/hoverboard_ros2_control:/home/bart/goliath_mobile/install/hoverboard_hardware_interface:/home/bart/goliath_mobile/install/hoverboard_demo_bringup:/home/bart/goliath_mobile/install/goliath_commander_cpp:/home/bart/goliath_mobile/install/goliath_interfaces:/home/bart/goliath_mobile/install/arm_move_joy:/home/bart/goliath_base/install/hoverboard_demo_bringup:/home/bart/goliath_base/install/hoverboard_demo_description:/home/bart/goliath_mobile/install/ros2_control_demo_testing:/home/bart/goliath_mobile/install/gripper_description:/opt/ros/humble /usr/bin/cmake --build /home/bart/goliath_mobile/build/hoverboard_demo_bringup -- -j4 -l4
[1.893s] Invoking command in '/home/bart/goliath_mobile/build/hoverboard_demo_bringup': CMAKE_PREFIX_PATH=/home/bart/goliath_mobile/install/hoverboard_demo_description:/home/bart/goliath_mobile/install/rplidar_ros:/home/bart/goliath_mobile/install/ros2_control_demos:/home/bart/goliath_mobile/install/moveit:/home/bart/goliath_mobile/install/gripper_controller:/home/bart/goliath_mobile/install/goliath_moveit_config:/home/bart/goliath_mobile/install/goliath_controller:/home/bart/goliath_mobile/install/ros2_control_demo_description:/home/bart/goliath_mobile/install/hoverboard_ros2_control:/home/bart/goliath_mobile/install/hoverboard_hardware_interface:/home/bart/goliath_mobile/install/hoverboard_demo_bringup:/home/bart/goliath_mobile/install/goliath_commander_cpp:/home/bart/goliath_mobile/install/goliath_interfaces:/home/bart/goliath_mobile/install/arm_move_joy:/home/bart/goliath_base/install/hoverboard_demo_bringup:/home/bart/goliath_base/install/hoverboard_demo_description:/home/bart/goliath_mobile/install/ros2_control_demo_testing:/home/bart/goliath_mobile/install/gripper_description:/opt/ros/humble /usr/bin/cmake --install /home/bart/goliath_mobile/build/hoverboard_demo_bringup
[1.911s] -- Install configuration: ""
[1.911s] -- Execute custom install script
[1.913s] -- Symlinking: /home/bart/goliath_mobile/install/hoverboard_demo_bringup/share/hoverboard_demo_bringup/config/hoverboard_controllers.yaml
[1.932s] -- Symlinking: /home/bart/goliath_mobile/install/hoverboard_demo_bringup/share/hoverboard_demo_bringup/config/mapper_params_online_async.yaml
[1.956s] -- Symlinking: /home/bart/goliath_mobile/install/hoverboard_demo_bringup/share/hoverboard_demo_bringup/config/ps4.config.yaml
[1.976s] -- Symlinking: /home/bart/goliath_mobile/install/hoverboard_demo_bringup/share/hoverboard_demo_bringup/launch/hoverboard.launch.py
[1.996s] -- Symlinking: /home/bart/goliath_mobile/install/hoverboard_demo_bringup/share/ament_index/resource_index/package_run_dependencies/hoverboard_demo_bringup
[2.015s] -- Symlinking: /home/bart/goliath_mobile/install/hoverboard_demo_bringup/share/ament_index/resource_index/parent_prefix_path/hoverboard_demo_bringup
[2.033s] -- Symlinking: /home/bart/goliath_mobile/install/hoverboard_demo_bringup/share/hoverboard_demo_bringup/environment/ament_prefix_path.sh
[2.056s] -- Symlinking: /home/bart/goliath_mobile/install/hoverboard_demo_bringup/share/hoverboard_demo_bringup/environment/ament_prefix_path.dsv
[2.078s] -- Symlinking: /home/bart/goliath_mobile/install/hoverboard_demo_bringup/share/hoverboard_demo_bringup/environment/path.sh
[2.095s] -- Symlinking: /home/bart/goliath_mobile/install/hoverboard_demo_bringup/share/hoverboard_demo_bringup/environment/path.dsv
[2.117s] -- Symlinking: /home/bart/goliath_mobile/install/hoverboard_demo_bringup/share/hoverboard_demo_bringup/local_setup.bash
[2.140s] -- Symlinking: /home/bart/goliath_mobile/install/hoverboard_demo_bringup/share/hoverboard_demo_bringup/local_setup.sh
[2.166s] -- Symlinking: /home/bart/goliath_mobile/install/hoverboard_demo_bringup/share/hoverboard_demo_bringup/local_setup.zsh
[2.186s] -- Symlinking: /home/bart/goliath_mobile/install/hoverboard_demo_bringup/share/hoverboard_demo_bringup/local_setup.dsv
[2.206s] -- Symlinking: /home/bart/goliath_mobile/install/hoverboard_demo_bringup/share/hoverboard_demo_bringup/package.dsv
[2.227s] -- Symlinking: /home/bart/goliath_mobile/install/hoverboard_demo_bringup/share/ament_index/resource_index/packages/hoverboard_demo_bringup
[2.252s] -- Symlinking: /home/bart/goliath_mobile/install/hoverboard_demo_bringup/share/hoverboard_demo_bringup/cmake/hoverboard_demo_bringupConfig.cmake
[2.274s] -- Symlinking: /home/bart/goliath_mobile/install/hoverboard_demo_bringup/share/hoverboard_demo_bringup/cmake/hoverboard_demo_bringupConfig-version.cmake
[2.295s] -- Symlinking: /home/bart/goliath_mobile/install/hoverboard_demo_bringup/share/hoverboard_demo_bringup/package.xml
[2.317s] Invoked command in '/home/bart/goliath_mobile/build/hoverboard_demo_bringup' returned '0': CMAKE_PREFIX_PATH=/home/bart/goliath_mobile/install/hoverboard_demo_description:/home/bart/goliath_mobile/install/rplidar_ros:/home/bart/goliath_mobile/install/ros2_control_demos:/home/bart/goliath_mobile/install/moveit:/home/bart/goliath_mobile/install/gripper_controller:/home/bart/goliath_mobile/install/goliath_moveit_config:/home/bart/goliath_mobile/install/goliath_controller:/home/bart/goliath_mobile/install/ros2_control_demo_description:/home/bart/goliath_mobile/install/hoverboard_ros2_control:/home/bart/goliath_mobile/install/hoverboard_hardware_interface:/home/bart/goliath_mobile/install/hoverboard_demo_bringup:/home/bart/goliath_mobile/install/goliath_commander_cpp:/home/bart/goliath_mobile/install/goliath_interfaces:/home/bart/goliath_mobile/install/arm_move_joy:/home/bart/goliath_base/install/hoverboard_demo_bringup:/home/bart/goliath_base/install/hoverboard_demo_description:/home/bart/goliath_mobile/install/ros2_control_demo_testing:/home/bart/goliath_mobile/install/gripper_description:/opt/ros/humble /usr/bin/cmake --install /home/bart/goliath_mobile/build/hoverboard_demo_bringup
