[0.036s] Invoking command in '/home/bart/goliath_mobile/build/goliath_controller': AMENT_PREFIX_PATH=/home/bart/goliath_mobile/install/ros2_control_demo_testing:/home/bart/goliath_mobile/install/rplidar_ros:/home/bart/goliath_mobile/install/ros2_control_demos:/home/bart/goliath_mobile/install/moveit:/home/bart/goliath_mobile/install/gripper_controller:/home/bart/goliath_mobile/install/goliath_moveit_config:/home/bart/goliath_mobile/install/goliath_controller:/home/bart/goliath_mobile/install/ros2_control_demo_description:/home/bart/goliath_mobile/install/hoverboard_ros2_control:/home/bart/goliath_mobile/install/hoverboard_hardware_interface:/home/bart/goliath_mobile/install/hoverboard_demo_bringup:/home/bart/goliath_mobile/install/hoverboard_demo_description:/home/bart/goliath_mobile/install/gripper_description:/home/bart/goliath_mobile/install/goliath_commander_cpp:/home/bart/goliath_mobile/install/goliath_interfaces:/home/bart/goliath_mobile/install/arm_move_joy:/home/bart/goliath_base/install/hoverboard_demo_bringup:/home/bart/goliath_base/install/hoverboard_demo_description:/opt/ros/humble CMAKE_PREFIX_PATH=/home/bart/goliath_mobile/install/ros2_control_demo_description:/home/bart/goliath_mobile/install/rplidar_ros:/home/bart/goliath_mobile/install/ros2_control_demos:/home/bart/goliath_mobile/install/moveit:/home/bart/goliath_mobile/install/gripper_controller:/home/bart/goliath_mobile/install/goliath_moveit_config:/home/bart/goliath_mobile/install/goliath_controller:/home/bart/goliath_mobile/install/hoverboard_ros2_control:/home/bart/goliath_mobile/install/hoverboard_hardware_interface:/home/bart/goliath_mobile/install/hoverboard_demo_bringup:/home/bart/goliath_mobile/install/hoverboard_demo_description:/home/bart/goliath_mobile/install/goliath_commander_cpp:/home/bart/goliath_mobile/install/goliath_interfaces:/home/bart/goliath_mobile/install/arm_move_joy:/home/bart/goliath_base/install/hoverboard_demo_bringup:/home/bart/goliath_base/install/hoverboard_demo_description:/home/bart/goliath_mobile/install/ros2_control_demo_testing:/home/bart/goliath_mobile/install/gripper_description:/opt/ros/humble /usr/bin/cmake /home/bart/goliath_mobile/src/golitath_mobile/goliath/goliath_controller -DAMENT_CMAKE_SYMLINK_INSTALL=1 -DCMAKE_INSTALL_PREFIX=/home/bart/goliath_mobile/install/goliath_controller
[0.204s] -- The CXX compiler identification is GNU 11.4.0
[0.221s] -- Detecting CXX compiler ABI info
[0.406s] -- Detecting CXX compiler ABI info - done
[0.430s] -- Check for working CXX compiler: /usr/bin/c++ - skipped
[0.431s] -- Detecting CXX compile features
[0.433s] -- Detecting CXX compile features - done
[0.450s] -- Found ament_cmake: 1.3.14 (/opt/ros/humble/share/ament_cmake/cmake)
[1.061s] -- Found Python3: /usr/bin/python3 (found version "3.10.12") found components: Interpreter 
[1.394s] -- Override CMake install command with custom implementation using symlinks instead of copying resources
[1.580s] -- Found pluginlib: 5.1.4 (/opt/ros/humble/share/pluginlib/cmake)
[1.857s] -- Found hardware_interface: 2.54.0 (/opt/ros/humble/share/hardware_interface/cmake)
[2.013s] -- Found rosidl_generator_c: 3.1.8 (/opt/ros/humble/share/rosidl_generator_c/cmake)
[2.045s] -- Found rosidl_adapter: 3.1.8 (/opt/ros/humble/share/rosidl_adapter/cmake)
[2.082s] -- Found rosidl_generator_cpp: 3.1.8 (/opt/ros/humble/share/rosidl_generator_cpp/cmake)
[2.179s] -- Using all available rosidl_typesupport_c: rosidl_typesupport_fastrtps_c;rosidl_typesupport_introspection_c
[2.296s] -- Using all available rosidl_typesupport_cpp: rosidl_typesupport_fastrtps_cpp;rosidl_typesupport_introspection_cpp
[3.563s] -- Found rmw_implementation_cmake: 6.1.2 (/opt/ros/humble/share/rmw_implementation_cmake/cmake)
[3.583s] -- Found rmw_cyclonedds_cpp: 1.3.4 (/opt/ros/humble/share/rmw_cyclonedds_cpp/cmake)
[3.663s] -- Using RMW implementation 'rmw_cyclonedds_cpp' as default
[3.715s] -- Looking for C++ include pthread.h
[4.156s] -- Looking for C++ include pthread.h - found
[4.157s] -- Performing Test CMAKE_HAVE_LIBC_PTHREAD
[4.665s] -- Performing Test CMAKE_HAVE_LIBC_PTHREAD - Success
[4.670s] -- Found Threads: TRUE  
[4.961s] -- Found kdl_parser: 2.6.4 (/opt/ros/humble/share/kdl_parser/cmake)
[5.007s] -- Found eigen3_cmake_module: 0.1.1 (/opt/ros/humble/share/eigen3_cmake_module/cmake)
[5.014s] -- Found Eigen3: TRUE (found version "3.4.0") 
[5.014s] -- Ensuring Eigen3 include directory is part of orocos-kdl CMake target
[5.056s] -- Found controller_interface: 2.54.0 (/opt/ros/humble/share/controller_interface/cmake)
[5.086s] -- Found realtime_tools: 2.15.0 (/opt/ros/humble/share/realtime_tools/cmake)
[5.246s] -- Found Boost: /usr/lib/x86_64-linux-gnu/cmake/Boost-1.74.0/BoostConfig.cmake (found version "1.74.0") found components: thread 
[5.255s] -- Found ament_cmake_pytest: 1.3.14 (/opt/ros/humble/share/ament_cmake_pytest/cmake)
[8.479s] -- Configuring done
[8.538s] -- Generating done
[8.555s] -- Build files have been written to: /home/bart/goliath_mobile/build/goliath_controller
[8.590s] Invoked command in '/home/bart/goliath_mobile/build/goliath_controller' returned '0': AMENT_PREFIX_PATH=/home/bart/goliath_mobile/install/ros2_control_demo_testing:/home/bart/goliath_mobile/install/rplidar_ros:/home/bart/goliath_mobile/install/ros2_control_demos:/home/bart/goliath_mobile/install/moveit:/home/bart/goliath_mobile/install/gripper_controller:/home/bart/goliath_mobile/install/goliath_moveit_config:/home/bart/goliath_mobile/install/goliath_controller:/home/bart/goliath_mobile/install/ros2_control_demo_description:/home/bart/goliath_mobile/install/hoverboard_ros2_control:/home/bart/goliath_mobile/install/hoverboard_hardware_interface:/home/bart/goliath_mobile/install/hoverboard_demo_bringup:/home/bart/goliath_mobile/install/hoverboard_demo_description:/home/bart/goliath_mobile/install/gripper_description:/home/bart/goliath_mobile/install/goliath_commander_cpp:/home/bart/goliath_mobile/install/goliath_interfaces:/home/bart/goliath_mobile/install/arm_move_joy:/home/bart/goliath_base/install/hoverboard_demo_bringup:/home/bart/goliath_base/install/hoverboard_demo_description:/opt/ros/humble CMAKE_PREFIX_PATH=/home/bart/goliath_mobile/install/ros2_control_demo_description:/home/bart/goliath_mobile/install/rplidar_ros:/home/bart/goliath_mobile/install/ros2_control_demos:/home/bart/goliath_mobile/install/moveit:/home/bart/goliath_mobile/install/gripper_controller:/home/bart/goliath_mobile/install/goliath_moveit_config:/home/bart/goliath_mobile/install/goliath_controller:/home/bart/goliath_mobile/install/hoverboard_ros2_control:/home/bart/goliath_mobile/install/hoverboard_hardware_interface:/home/bart/goliath_mobile/install/hoverboard_demo_bringup:/home/bart/goliath_mobile/install/hoverboard_demo_description:/home/bart/goliath_mobile/install/goliath_commander_cpp:/home/bart/goliath_mobile/install/goliath_interfaces:/home/bart/goliath_mobile/install/arm_move_joy:/home/bart/goliath_base/install/hoverboard_demo_bringup:/home/bart/goliath_base/install/hoverboard_demo_description:/home/bart/goliath_mobile/install/ros2_control_demo_testing:/home/bart/goliath_mobile/install/gripper_description:/opt/ros/humble /usr/bin/cmake /home/bart/goliath_mobile/src/golitath_mobile/goliath/goliath_controller -DAMENT_CMAKE_SYMLINK_INSTALL=1 -DCMAKE_INSTALL_PREFIX=/home/bart/goliath_mobile/install/goliath_controller
[8.593s] Invoking command in '/home/bart/goliath_mobile/build/goliath_controller': AMENT_PREFIX_PATH=/home/bart/goliath_mobile/install/ros2_control_demo_testing:/home/bart/goliath_mobile/install/rplidar_ros:/home/bart/goliath_mobile/install/ros2_control_demos:/home/bart/goliath_mobile/install/moveit:/home/bart/goliath_mobile/install/gripper_controller:/home/bart/goliath_mobile/install/goliath_moveit_config:/home/bart/goliath_mobile/install/goliath_controller:/home/bart/goliath_mobile/install/ros2_control_demo_description:/home/bart/goliath_mobile/install/hoverboard_ros2_control:/home/bart/goliath_mobile/install/hoverboard_hardware_interface:/home/bart/goliath_mobile/install/hoverboard_demo_bringup:/home/bart/goliath_mobile/install/hoverboard_demo_description:/home/bart/goliath_mobile/install/gripper_description:/home/bart/goliath_mobile/install/goliath_commander_cpp:/home/bart/goliath_mobile/install/goliath_interfaces:/home/bart/goliath_mobile/install/arm_move_joy:/home/bart/goliath_base/install/hoverboard_demo_bringup:/home/bart/goliath_base/install/hoverboard_demo_description:/opt/ros/humble CMAKE_PREFIX_PATH=/home/bart/goliath_mobile/install/ros2_control_demo_description:/home/bart/goliath_mobile/install/rplidar_ros:/home/bart/goliath_mobile/install/ros2_control_demos:/home/bart/goliath_mobile/install/moveit:/home/bart/goliath_mobile/install/gripper_controller:/home/bart/goliath_mobile/install/goliath_moveit_config:/home/bart/goliath_mobile/install/goliath_controller:/home/bart/goliath_mobile/install/hoverboard_ros2_control:/home/bart/goliath_mobile/install/hoverboard_hardware_interface:/home/bart/goliath_mobile/install/hoverboard_demo_bringup:/home/bart/goliath_mobile/install/hoverboard_demo_description:/home/bart/goliath_mobile/install/goliath_commander_cpp:/home/bart/goliath_mobile/install/goliath_interfaces:/home/bart/goliath_mobile/install/arm_move_joy:/home/bart/goliath_base/install/hoverboard_demo_bringup:/home/bart/goliath_base/install/hoverboard_demo_description:/home/bart/goliath_mobile/install/ros2_control_demo_testing:/home/bart/goliath_mobile/install/gripper_description:/opt/ros/humble /usr/bin/cmake --build /home/bart/goliath_mobile/build/goliath_controller -- -j4 -l4
[8.709s] [ 20%] [32mBuilding CXX object CMakeFiles/send_trajectory.dir/reference_generator/send_trajectory.cpp.o[0m
[8.729s] [ 40%] [32mBuilding CXX object CMakeFiles/goliath_controller.dir/hardware/goliath_hardware.cpp.o[0m
[8.744s] [ 60%] [32mBuilding CXX object CMakeFiles/goliath_controller.dir/controller/goliath_controller.cpp.o[0m
[38.231s] [ 80%] [32m[1mLinking CXX executable send_trajectory[0m
[39.953s] [ 80%] Built target send_trajectory
[55.313s] [100%] [32m[1mLinking CXX shared library libgoliath_controller.so[0m
[58.481s] [100%] Built target goliath_controller
[58.522s] Invoked command in '/home/bart/goliath_mobile/build/goliath_controller' returned '0': AMENT_PREFIX_PATH=/home/bart/goliath_mobile/install/ros2_control_demo_testing:/home/bart/goliath_mobile/install/rplidar_ros:/home/bart/goliath_mobile/install/ros2_control_demos:/home/bart/goliath_mobile/install/moveit:/home/bart/goliath_mobile/install/gripper_controller:/home/bart/goliath_mobile/install/goliath_moveit_config:/home/bart/goliath_mobile/install/goliath_controller:/home/bart/goliath_mobile/install/ros2_control_demo_description:/home/bart/goliath_mobile/install/hoverboard_ros2_control:/home/bart/goliath_mobile/install/hoverboard_hardware_interface:/home/bart/goliath_mobile/install/hoverboard_demo_bringup:/home/bart/goliath_mobile/install/hoverboard_demo_description:/home/bart/goliath_mobile/install/gripper_description:/home/bart/goliath_mobile/install/goliath_commander_cpp:/home/bart/goliath_mobile/install/goliath_interfaces:/home/bart/goliath_mobile/install/arm_move_joy:/home/bart/goliath_base/install/hoverboard_demo_bringup:/home/bart/goliath_base/install/hoverboard_demo_description:/opt/ros/humble CMAKE_PREFIX_PATH=/home/bart/goliath_mobile/install/ros2_control_demo_description:/home/bart/goliath_mobile/install/rplidar_ros:/home/bart/goliath_mobile/install/ros2_control_demos:/home/bart/goliath_mobile/install/moveit:/home/bart/goliath_mobile/install/gripper_controller:/home/bart/goliath_mobile/install/goliath_moveit_config:/home/bart/goliath_mobile/install/goliath_controller:/home/bart/goliath_mobile/install/hoverboard_ros2_control:/home/bart/goliath_mobile/install/hoverboard_hardware_interface:/home/bart/goliath_mobile/install/hoverboard_demo_bringup:/home/bart/goliath_mobile/install/hoverboard_demo_description:/home/bart/goliath_mobile/install/goliath_commander_cpp:/home/bart/goliath_mobile/install/goliath_interfaces:/home/bart/goliath_mobile/install/arm_move_joy:/home/bart/goliath_base/install/hoverboard_demo_bringup:/home/bart/goliath_base/install/hoverboard_demo_description:/home/bart/goliath_mobile/install/ros2_control_demo_testing:/home/bart/goliath_mobile/install/gripper_description:/opt/ros/humble /usr/bin/cmake --build /home/bart/goliath_mobile/build/goliath_controller -- -j4 -l4
[58.544s] Invoking command in '/home/bart/goliath_mobile/build/goliath_controller': AMENT_PREFIX_PATH=/home/bart/goliath_mobile/install/ros2_control_demo_testing:/home/bart/goliath_mobile/install/rplidar_ros:/home/bart/goliath_mobile/install/ros2_control_demos:/home/bart/goliath_mobile/install/moveit:/home/bart/goliath_mobile/install/gripper_controller:/home/bart/goliath_mobile/install/goliath_moveit_config:/home/bart/goliath_mobile/install/goliath_controller:/home/bart/goliath_mobile/install/ros2_control_demo_description:/home/bart/goliath_mobile/install/hoverboard_ros2_control:/home/bart/goliath_mobile/install/hoverboard_hardware_interface:/home/bart/goliath_mobile/install/hoverboard_demo_bringup:/home/bart/goliath_mobile/install/hoverboard_demo_description:/home/bart/goliath_mobile/install/gripper_description:/home/bart/goliath_mobile/install/goliath_commander_cpp:/home/bart/goliath_mobile/install/goliath_interfaces:/home/bart/goliath_mobile/install/arm_move_joy:/home/bart/goliath_base/install/hoverboard_demo_bringup:/home/bart/goliath_base/install/hoverboard_demo_description:/opt/ros/humble CMAKE_PREFIX_PATH=/home/bart/goliath_mobile/install/ros2_control_demo_description:/home/bart/goliath_mobile/install/rplidar_ros:/home/bart/goliath_mobile/install/ros2_control_demos:/home/bart/goliath_mobile/install/moveit:/home/bart/goliath_mobile/install/gripper_controller:/home/bart/goliath_mobile/install/goliath_moveit_config:/home/bart/goliath_mobile/install/goliath_controller:/home/bart/goliath_mobile/install/hoverboard_ros2_control:/home/bart/goliath_mobile/install/hoverboard_hardware_interface:/home/bart/goliath_mobile/install/hoverboard_demo_bringup:/home/bart/goliath_mobile/install/hoverboard_demo_description:/home/bart/goliath_mobile/install/goliath_commander_cpp:/home/bart/goliath_mobile/install/goliath_interfaces:/home/bart/goliath_mobile/install/arm_move_joy:/home/bart/goliath_base/install/hoverboard_demo_bringup:/home/bart/goliath_base/install/hoverboard_demo_description:/home/bart/goliath_mobile/install/ros2_control_demo_testing:/home/bart/goliath_mobile/install/gripper_description:/opt/ros/humble /usr/bin/cmake --install /home/bart/goliath_mobile/build/goliath_controller
[58.576s] -- Install configuration: ""
[58.579s] -- Execute custom install script
[58.584s] -- Symlinking: /home/bart/goliath_mobile/install/goliath_controller/share/goliath_controller//goliath_controller.xml
[58.626s] -- Up-to-date symlink: /home/bart/goliath_mobile/install/goliath_controller/share/goliath_controller//goliath_controller.xml
[58.633s] -- Symlinking: /home/bart/goliath_mobile/install/goliath_controller/include/goliath_controller/goliath_controller/goliath_hardware.hpp
[58.679s] -- Symlinking: /home/bart/goliath_mobile/install/goliath_controller/share/goliath_controller/launch/view_goliath.launch.py
[58.725s] -- Symlinking: /home/bart/goliath_mobile/install/goliath_controller/share/goliath_controller/ros2_control/goliath.ros2_control.xacro
[58.762s] -- Symlinking: /home/bart/goliath_mobile/install/goliath_controller/share/goliath_controller/urdf/goliath.urdf.xacro
[58.794s] -- Symlinking: /home/bart/goliath_mobile/install/goliath_controller/share/goliath_controller/urdf/macros.xacro
[58.814s] -- Symlinking: /home/bart/goliath_mobile/install/goliath_controller/share/goliath_controller/urdf/materials.xacro
[58.856s] -- Symlinking: /home/bart/goliath_mobile/install/goliath_controller/share/goliath_controller/urdf/wheels.xacro
[58.910s] -- Symlinking: /home/bart/goliath_mobile/install/goliath_controller/share/goliath_controller/launch/arm_move_joy.py
[58.954s] -- Symlinking: /home/bart/goliath_mobile/install/goliath_controller/share/goliath_controller/launch/goliath_controller.launch.py
[58.983s] -- Symlinking: /home/bart/goliath_mobile/install/goliath_controller/share/goliath_controller/launch/goliath_slam.launch.py
[59.007s] -- Symlinking: /home/bart/goliath_mobile/install/goliath_controller/share/goliath_controller/launch/send_trajectory.launch.py
[59.037s] -- Symlinking: /home/bart/goliath_mobile/install/goliath_controller/share/goliath_controller/config/goliath_controller.yaml
[59.086s] -- Symlinking: /home/bart/goliath_mobile/install/goliath_controller/share/goliath_controller/config/mapper_params_online_async.yaml
[59.135s] -- Symlinking: /home/bart/goliath_mobile/install/goliath_controller/share/goliath_controller/config/ps5_controller.yaml
[59.158s] -- Symlinking: /home/bart/goliath_mobile/install/goliath_controller/share/goliath_controller/config/twist_mux.yaml
[59.188s] -- Symlinking: /home/bart/goliath_mobile/install/goliath_controller/lib/goliath_controller/send_trajectory
[59.217s] -- Symlinking: /home/bart/goliath_mobile/install/goliath_controller/share/goliath_controller/environment/library_path.sh
[59.242s] -- Symlinking: /home/bart/goliath_mobile/install/goliath_controller/share/goliath_controller/environment/library_path.dsv
[59.269s] -- Symlinking: /home/bart/goliath_mobile/install/goliath_controller/share/ament_index/resource_index/package_run_dependencies/goliath_controller
[59.290s] -- Symlinking: /home/bart/goliath_mobile/install/goliath_controller/share/ament_index/resource_index/parent_prefix_path/goliath_controller
[59.313s] -- Symlinking: /home/bart/goliath_mobile/install/goliath_controller/share/goliath_controller/environment/ament_prefix_path.sh
[59.336s] -- Symlinking: /home/bart/goliath_mobile/install/goliath_controller/share/goliath_controller/environment/ament_prefix_path.dsv
[59.356s] -- Symlinking: /home/bart/goliath_mobile/install/goliath_controller/share/goliath_controller/environment/path.sh
[59.382s] -- Symlinking: /home/bart/goliath_mobile/install/goliath_controller/share/goliath_controller/environment/path.dsv
[59.400s] -- Symlinking: /home/bart/goliath_mobile/install/goliath_controller/share/goliath_controller/local_setup.bash
[59.419s] -- Symlinking: /home/bart/goliath_mobile/install/goliath_controller/share/goliath_controller/local_setup.sh
[59.438s] -- Symlinking: /home/bart/goliath_mobile/install/goliath_controller/share/goliath_controller/local_setup.zsh
[59.460s] -- Symlinking: /home/bart/goliath_mobile/install/goliath_controller/share/goliath_controller/local_setup.dsv
[59.478s] -- Symlinking: /home/bart/goliath_mobile/install/goliath_controller/share/goliath_controller/package.dsv
[59.498s] -- Symlinking: /home/bart/goliath_mobile/install/goliath_controller/share/ament_index/resource_index/packages/goliath_controller
[59.516s] -- Symlinking: /home/bart/goliath_mobile/install/goliath_controller/share/ament_index/resource_index/hardware_interface__pluginlib__plugin/goliath_controller
[59.544s] -- Symlinking: /home/bart/goliath_mobile/install/goliath_controller/share/ament_index/resource_index/controller_interface__pluginlib__plugin/goliath_controller
[59.559s] -- Symlinking: /home/bart/goliath_mobile/install/goliath_controller/share/goliath_controller/cmake/ament_cmake_export_targets-extras.cmake
[59.578s] -- Symlinking: /home/bart/goliath_mobile/install/goliath_controller/share/goliath_controller/cmake/ament_cmake_export_dependencies-extras.cmake
[59.597s] -- Symlinking: /home/bart/goliath_mobile/install/goliath_controller/share/goliath_controller/cmake/goliath_controllerConfig.cmake
[59.615s] -- Symlinking: /home/bart/goliath_mobile/install/goliath_controller/share/goliath_controller/cmake/goliath_controllerConfig-version.cmake
[59.637s] -- Symlinking: /home/bart/goliath_mobile/install/goliath_controller/share/goliath_controller/package.xml
[59.656s] -- Installing: /home/bart/goliath_mobile/install/goliath_controller/lib/libgoliath_controller.so
[59.668s] -- Set runtime path of "/home/bart/goliath_mobile/install/goliath_controller/lib/libgoliath_controller.so" to ""
[59.669s] -- Installing: /home/bart/goliath_mobile/install/goliath_controller/share/goliath_controller/cmake/export_goliath_controllerExport.cmake
[59.678s] -- Installing: /home/bart/goliath_mobile/install/goliath_controller/share/goliath_controller/cmake/export_goliath_controllerExport-noconfig.cmake
[59.689s] Invoked command in '/home/bart/goliath_mobile/build/goliath_controller' returned '0': AMENT_PREFIX_PATH=/home/bart/goliath_mobile/install/ros2_control_demo_testing:/home/bart/goliath_mobile/install/rplidar_ros:/home/bart/goliath_mobile/install/ros2_control_demos:/home/bart/goliath_mobile/install/moveit:/home/bart/goliath_mobile/install/gripper_controller:/home/bart/goliath_mobile/install/goliath_moveit_config:/home/bart/goliath_mobile/install/goliath_controller:/home/bart/goliath_mobile/install/ros2_control_demo_description:/home/bart/goliath_mobile/install/hoverboard_ros2_control:/home/bart/goliath_mobile/install/hoverboard_hardware_interface:/home/bart/goliath_mobile/install/hoverboard_demo_bringup:/home/bart/goliath_mobile/install/hoverboard_demo_description:/home/bart/goliath_mobile/install/gripper_description:/home/bart/goliath_mobile/install/goliath_commander_cpp:/home/bart/goliath_mobile/install/goliath_interfaces:/home/bart/goliath_mobile/install/arm_move_joy:/home/bart/goliath_base/install/hoverboard_demo_bringup:/home/bart/goliath_base/install/hoverboard_demo_description:/opt/ros/humble CMAKE_PREFIX_PATH=/home/bart/goliath_mobile/install/ros2_control_demo_description:/home/bart/goliath_mobile/install/rplidar_ros:/home/bart/goliath_mobile/install/ros2_control_demos:/home/bart/goliath_mobile/install/moveit:/home/bart/goliath_mobile/install/gripper_controller:/home/bart/goliath_mobile/install/goliath_moveit_config:/home/bart/goliath_mobile/install/goliath_controller:/home/bart/goliath_mobile/install/hoverboard_ros2_control:/home/bart/goliath_mobile/install/hoverboard_hardware_interface:/home/bart/goliath_mobile/install/hoverboard_demo_bringup:/home/bart/goliath_mobile/install/hoverboard_demo_description:/home/bart/goliath_mobile/install/goliath_commander_cpp:/home/bart/goliath_mobile/install/goliath_interfaces:/home/bart/goliath_mobile/install/arm_move_joy:/home/bart/goliath_base/install/hoverboard_demo_bringup:/home/bart/goliath_base/install/hoverboard_demo_description:/home/bart/goliath_mobile/install/ros2_control_demo_testing:/home/bart/goliath_mobile/install/gripper_description:/opt/ros/humble /usr/bin/cmake --install /home/bart/goliath_mobile/build/goliath_controller
