[0.036s] Invoking command in '/home/bart/goliath_mobile/build/goliath_controller': AMENT_PREFIX_PATH=/home/bart/goliath_mobile/install/ros2_control_demo_testing:/home/bart/goliath_mobile/install/rplidar_ros:/home/bart/goliath_mobile/install/ros2_control_demos:/home/bart/goliath_mobile/install/moveit:/home/bart/goliath_mobile/install/gripper_controller:/home/bart/goliath_mobile/install/goliath_moveit_config:/home/bart/goliath_mobile/install/goliath_controller:/home/bart/goliath_mobile/install/ros2_control_demo_description:/home/bart/goliath_mobile/install/hoverboard_ros2_control:/home/bart/goliath_mobile/install/hoverboard_hardware_interface:/home/bart/goliath_mobile/install/hoverboard_demo_bringup:/home/bart/goliath_mobile/install/hoverboard_demo_description:/home/bart/goliath_mobile/install/gripper_description:/home/bart/goliath_mobile/install/goliath_commander_cpp:/home/bart/goliath_mobile/install/goliath_interfaces:/home/bart/goliath_mobile/install/arm_move_joy:/home/bart/goliath_base/install/hoverboard_demo_bringup:/home/bart/goliath_base/install/hoverboard_demo_description:/opt/ros/humble CMAKE_PREFIX_PATH=/home/bart/goliath_mobile/install/ros2_control_demo_description:/home/bart/goliath_mobile/install/rplidar_ros:/home/bart/goliath_mobile/install/ros2_control_demos:/home/bart/goliath_mobile/install/moveit:/home/bart/goliath_mobile/install/gripper_controller:/home/bart/goliath_mobile/install/goliath_moveit_config:/home/bart/goliath_mobile/install/goliath_controller:/home/bart/goliath_mobile/install/hoverboard_ros2_control:/home/bart/goliath_mobile/install/hoverboard_hardware_interface:/home/bart/goliath_mobile/install/hoverboard_demo_bringup:/home/bart/goliath_mobile/install/hoverboard_demo_description:/home/bart/goliath_mobile/install/goliath_commander_cpp:/home/bart/goliath_mobile/install/goliath_interfaces:/home/bart/goliath_mobile/install/arm_move_joy:/home/bart/goliath_base/install/hoverboard_demo_bringup:/home/bart/goliath_base/install/hoverboard_demo_description:/home/bart/goliath_mobile/install/ros2_control_demo_testing:/home/bart/goliath_mobile/install/gripper_description:/opt/ros/humble /usr/bin/cmake --build /home/bart/goliath_mobile/build/goliath_controller -- -j4 -l4
[0.137s] [35m[1mConsolidate compiler generated dependencies of target send_trajectory[0m
[0.152s] [35m[1mConsolidate compiler generated dependencies of target goliath_controller[0m
[0.187s] [ 40%] Built target send_trajectory
[0.234s] [100%] Built target goliath_controller
[0.253s] Invoked command in '/home/bart/goliath_mobile/build/goliath_controller' returned '0': AMENT_PREFIX_PATH=/home/bart/goliath_mobile/install/ros2_control_demo_testing:/home/bart/goliath_mobile/install/rplidar_ros:/home/bart/goliath_mobile/install/ros2_control_demos:/home/bart/goliath_mobile/install/moveit:/home/bart/goliath_mobile/install/gripper_controller:/home/bart/goliath_mobile/install/goliath_moveit_config:/home/bart/goliath_mobile/install/goliath_controller:/home/bart/goliath_mobile/install/ros2_control_demo_description:/home/bart/goliath_mobile/install/hoverboard_ros2_control:/home/bart/goliath_mobile/install/hoverboard_hardware_interface:/home/bart/goliath_mobile/install/hoverboard_demo_bringup:/home/bart/goliath_mobile/install/hoverboard_demo_description:/home/bart/goliath_mobile/install/gripper_description:/home/bart/goliath_mobile/install/goliath_commander_cpp:/home/bart/goliath_mobile/install/goliath_interfaces:/home/bart/goliath_mobile/install/arm_move_joy:/home/bart/goliath_base/install/hoverboard_demo_bringup:/home/bart/goliath_base/install/hoverboard_demo_description:/opt/ros/humble CMAKE_PREFIX_PATH=/home/bart/goliath_mobile/install/ros2_control_demo_description:/home/bart/goliath_mobile/install/rplidar_ros:/home/bart/goliath_mobile/install/ros2_control_demos:/home/bart/goliath_mobile/install/moveit:/home/bart/goliath_mobile/install/gripper_controller:/home/bart/goliath_mobile/install/goliath_moveit_config:/home/bart/goliath_mobile/install/goliath_controller:/home/bart/goliath_mobile/install/hoverboard_ros2_control:/home/bart/goliath_mobile/install/hoverboard_hardware_interface:/home/bart/goliath_mobile/install/hoverboard_demo_bringup:/home/bart/goliath_mobile/install/hoverboard_demo_description:/home/bart/goliath_mobile/install/goliath_commander_cpp:/home/bart/goliath_mobile/install/goliath_interfaces:/home/bart/goliath_mobile/install/arm_move_joy:/home/bart/goliath_base/install/hoverboard_demo_bringup:/home/bart/goliath_base/install/hoverboard_demo_description:/home/bart/goliath_mobile/install/ros2_control_demo_testing:/home/bart/goliath_mobile/install/gripper_description:/opt/ros/humble /usr/bin/cmake --build /home/bart/goliath_mobile/build/goliath_controller -- -j4 -l4
[0.256s] Invoking command in '/home/bart/goliath_mobile/build/goliath_controller': AMENT_PREFIX_PATH=/home/bart/goliath_mobile/install/ros2_control_demo_testing:/home/bart/goliath_mobile/install/rplidar_ros:/home/bart/goliath_mobile/install/ros2_control_demos:/home/bart/goliath_mobile/install/moveit:/home/bart/goliath_mobile/install/gripper_controller:/home/bart/goliath_mobile/install/goliath_moveit_config:/home/bart/goliath_mobile/install/goliath_controller:/home/bart/goliath_mobile/install/ros2_control_demo_description:/home/bart/goliath_mobile/install/hoverboard_ros2_control:/home/bart/goliath_mobile/install/hoverboard_hardware_interface:/home/bart/goliath_mobile/install/hoverboard_demo_bringup:/home/bart/goliath_mobile/install/hoverboard_demo_description:/home/bart/goliath_mobile/install/gripper_description:/home/bart/goliath_mobile/install/goliath_commander_cpp:/home/bart/goliath_mobile/install/goliath_interfaces:/home/bart/goliath_mobile/install/arm_move_joy:/home/bart/goliath_base/install/hoverboard_demo_bringup:/home/bart/goliath_base/install/hoverboard_demo_description:/opt/ros/humble CMAKE_PREFIX_PATH=/home/bart/goliath_mobile/install/ros2_control_demo_description:/home/bart/goliath_mobile/install/rplidar_ros:/home/bart/goliath_mobile/install/ros2_control_demos:/home/bart/goliath_mobile/install/moveit:/home/bart/goliath_mobile/install/gripper_controller:/home/bart/goliath_mobile/install/goliath_moveit_config:/home/bart/goliath_mobile/install/goliath_controller:/home/bart/goliath_mobile/install/hoverboard_ros2_control:/home/bart/goliath_mobile/install/hoverboard_hardware_interface:/home/bart/goliath_mobile/install/hoverboard_demo_bringup:/home/bart/goliath_mobile/install/hoverboard_demo_description:/home/bart/goliath_mobile/install/goliath_commander_cpp:/home/bart/goliath_mobile/install/goliath_interfaces:/home/bart/goliath_mobile/install/arm_move_joy:/home/bart/goliath_base/install/hoverboard_demo_bringup:/home/bart/goliath_base/install/hoverboard_demo_description:/home/bart/goliath_mobile/install/ros2_control_demo_testing:/home/bart/goliath_mobile/install/gripper_description:/opt/ros/humble /usr/bin/cmake --install /home/bart/goliath_mobile/build/goliath_controller
[0.273s] -- Install configuration: ""
[0.274s] -- Execute custom install script
[0.275s] -- Up-to-date symlink: /home/bart/goliath_mobile/install/goliath_controller/share/goliath_controller//goliath_controller.xml
[0.275s] -- Up-to-date symlink: /home/bart/goliath_mobile/install/goliath_controller/share/goliath_controller//goliath_controller.xml
[0.276s] -- Up-to-date symlink: /home/bart/goliath_mobile/install/goliath_controller/include/goliath_controller/goliath_controller/goliath_hardware.hpp
[0.277s] -- Up-to-date symlink: /home/bart/goliath_mobile/install/goliath_controller/share/goliath_controller/launch/view_goliath.launch.py
[0.277s] -- Up-to-date symlink: /home/bart/goliath_mobile/install/goliath_controller/share/goliath_controller/ros2_control/goliath.ros2_control.xacro
[0.278s] -- Up-to-date symlink: /home/bart/goliath_mobile/install/goliath_controller/share/goliath_controller/urdf/goliath.urdf.xacro
[0.278s] -- Up-to-date symlink: /home/bart/goliath_mobile/install/goliath_controller/share/goliath_controller/urdf/macros.xacro
[0.279s] -- Up-to-date symlink: /home/bart/goliath_mobile/install/goliath_controller/share/goliath_controller/urdf/materials.xacro
[0.279s] -- Up-to-date symlink: /home/bart/goliath_mobile/install/goliath_controller/share/goliath_controller/urdf/wheels.xacro
[0.280s] -- Up-to-date symlink: /home/bart/goliath_mobile/install/goliath_controller/share/goliath_controller/launch/arm_move_joy.py
[0.280s] -- Up-to-date symlink: /home/bart/goliath_mobile/install/goliath_controller/share/goliath_controller/launch/goliath_controller.launch.py
[0.280s] -- Up-to-date symlink: /home/bart/goliath_mobile/install/goliath_controller/share/goliath_controller/launch/goliath_slam.launch.py
[0.281s] -- Up-to-date symlink: /home/bart/goliath_mobile/install/goliath_controller/share/goliath_controller/launch/send_trajectory.launch.py
[0.281s] -- Up-to-date symlink: /home/bart/goliath_mobile/install/goliath_controller/share/goliath_controller/config/goliath_controller.yaml
[0.282s] -- Up-to-date symlink: /home/bart/goliath_mobile/install/goliath_controller/share/goliath_controller/config/mapper_params_online_async.yaml
[0.282s] -- Up-to-date symlink: /home/bart/goliath_mobile/install/goliath_controller/share/goliath_controller/config/ps5_controller.yaml
[0.282s] -- Up-to-date symlink: /home/bart/goliath_mobile/install/goliath_controller/share/goliath_controller/config/twist_mux.yaml
[0.283s] -- Up-to-date symlink: /home/bart/goliath_mobile/install/goliath_controller/lib/goliath_controller/send_trajectory
[0.285s] -- Up-to-date symlink: /home/bart/goliath_mobile/install/goliath_controller/share/goliath_controller/environment/library_path.sh
[0.285s] -- Up-to-date symlink: /home/bart/goliath_mobile/install/goliath_controller/share/goliath_controller/environment/library_path.dsv
[0.285s] -- Up-to-date symlink: /home/bart/goliath_mobile/install/goliath_controller/share/ament_index/resource_index/package_run_dependencies/goliath_controller
[0.286s] -- Up-to-date symlink: /home/bart/goliath_mobile/install/goliath_controller/share/ament_index/resource_index/parent_prefix_path/goliath_controller
[0.286s] -- Up-to-date symlink: /home/bart/goliath_mobile/install/goliath_controller/share/goliath_controller/environment/ament_prefix_path.sh
[0.286s] -- Up-to-date symlink: /home/bart/goliath_mobile/install/goliath_controller/share/goliath_controller/environment/ament_prefix_path.dsv
[0.286s] -- Up-to-date symlink: /home/bart/goliath_mobile/install/goliath_controller/share/goliath_controller/environment/path.sh
[0.287s] -- Up-to-date symlink: /home/bart/goliath_mobile/install/goliath_controller/share/goliath_controller/environment/path.dsv
[0.287s] -- Up-to-date symlink: /home/bart/goliath_mobile/install/goliath_controller/share/goliath_controller/local_setup.bash
[0.287s] -- Up-to-date symlink: /home/bart/goliath_mobile/install/goliath_controller/share/goliath_controller/local_setup.sh
[0.287s] -- Up-to-date symlink: /home/bart/goliath_mobile/install/goliath_controller/share/goliath_controller/local_setup.zsh
[0.288s] -- Up-to-date symlink: /home/bart/goliath_mobile/install/goliath_controller/share/goliath_controller/local_setup.dsv
[0.288s] -- Symlinking: /home/bart/goliath_mobile/install/goliath_controller/share/goliath_controller/package.dsv
[0.313s] -- Up-to-date symlink: /home/bart/goliath_mobile/install/goliath_controller/share/ament_index/resource_index/packages/goliath_controller
[0.313s] -- Up-to-date symlink: /home/bart/goliath_mobile/install/goliath_controller/share/ament_index/resource_index/hardware_interface__pluginlib__plugin/goliath_controller
[0.314s] -- Up-to-date symlink: /home/bart/goliath_mobile/install/goliath_controller/share/ament_index/resource_index/controller_interface__pluginlib__plugin/goliath_controller
[0.314s] -- Up-to-date symlink: /home/bart/goliath_mobile/install/goliath_controller/share/goliath_controller/cmake/ament_cmake_export_targets-extras.cmake
[0.314s] -- Up-to-date symlink: /home/bart/goliath_mobile/install/goliath_controller/share/goliath_controller/cmake/ament_cmake_export_dependencies-extras.cmake
[0.315s] -- Up-to-date symlink: /home/bart/goliath_mobile/install/goliath_controller/share/goliath_controller/cmake/goliath_controllerConfig.cmake
[0.315s] -- Up-to-date symlink: /home/bart/goliath_mobile/install/goliath_controller/share/goliath_controller/cmake/goliath_controllerConfig-version.cmake
[0.316s] -- Up-to-date symlink: /home/bart/goliath_mobile/install/goliath_controller/share/goliath_controller/package.xml
[0.319s] -- Up-to-date: /home/bart/goliath_mobile/install/goliath_controller/lib/libgoliath_controller.so
[0.319s] -- Up-to-date: /home/bart/goliath_mobile/install/goliath_controller/share/goliath_controller/cmake/export_goliath_controllerExport.cmake
[0.319s] -- Up-to-date: /home/bart/goliath_mobile/install/goliath_controller/share/goliath_controller/cmake/export_goliath_controllerExport-noconfig.cmake
[0.324s] Invoked command in '/home/bart/goliath_mobile/build/goliath_controller' returned '0': AMENT_PREFIX_PATH=/home/bart/goliath_mobile/install/ros2_control_demo_testing:/home/bart/goliath_mobile/install/rplidar_ros:/home/bart/goliath_mobile/install/ros2_control_demos:/home/bart/goliath_mobile/install/moveit:/home/bart/goliath_mobile/install/gripper_controller:/home/bart/goliath_mobile/install/goliath_moveit_config:/home/bart/goliath_mobile/install/goliath_controller:/home/bart/goliath_mobile/install/ros2_control_demo_description:/home/bart/goliath_mobile/install/hoverboard_ros2_control:/home/bart/goliath_mobile/install/hoverboard_hardware_interface:/home/bart/goliath_mobile/install/hoverboard_demo_bringup:/home/bart/goliath_mobile/install/hoverboard_demo_description:/home/bart/goliath_mobile/install/gripper_description:/home/bart/goliath_mobile/install/goliath_commander_cpp:/home/bart/goliath_mobile/install/goliath_interfaces:/home/bart/goliath_mobile/install/arm_move_joy:/home/bart/goliath_base/install/hoverboard_demo_bringup:/home/bart/goliath_base/install/hoverboard_demo_description:/opt/ros/humble CMAKE_PREFIX_PATH=/home/bart/goliath_mobile/install/ros2_control_demo_description:/home/bart/goliath_mobile/install/rplidar_ros:/home/bart/goliath_mobile/install/ros2_control_demos:/home/bart/goliath_mobile/install/moveit:/home/bart/goliath_mobile/install/gripper_controller:/home/bart/goliath_mobile/install/goliath_moveit_config:/home/bart/goliath_mobile/install/goliath_controller:/home/bart/goliath_mobile/install/hoverboard_ros2_control:/home/bart/goliath_mobile/install/hoverboard_hardware_interface:/home/bart/goliath_mobile/install/hoverboard_demo_bringup:/home/bart/goliath_mobile/install/hoverboard_demo_description:/home/bart/goliath_mobile/install/goliath_commander_cpp:/home/bart/goliath_mobile/install/goliath_interfaces:/home/bart/goliath_mobile/install/arm_move_joy:/home/bart/goliath_base/install/hoverboard_demo_bringup:/home/bart/goliath_base/install/hoverboard_demo_description:/home/bart/goliath_mobile/install/ros2_control_demo_testing:/home/bart/goliath_mobile/install/gripper_description:/opt/ros/humble /usr/bin/cmake --install /home/bart/goliath_mobile/build/goliath_controller
