[0.482s] Invoking command in '/home/bart/goliath_mobile/build/hoverboard_demo_description': CMAKE_PREFIX_PATH=${CMAKE_PREFIX_PATH}:/home/bart/goliath_mobile/install/ros2_control_demo_testing:/home/bart/goliath_mobile/install/gripper_description:/opt/ros/humble /usr/bin/cmake /home/bart/goliath_mobile/src/golitath_mobile/hoverboard_ros2_control/hoverboard_demo_description -DAMENT_CMAKE_SYMLINK_INSTALL=1 -DCMAKE_INSTALL_PREFIX=/home/bart/goliath_mobile/install/hoverboard_demo_description
[0.621s] -- The C compiler identification is GNU 11.4.0
[0.757s] -- The CXX compiler identification is GNU 11.4.0
[0.778s] -- Detecting C compiler ABI info
[0.946s] -- Detecting C compiler ABI info - done
[0.971s] -- Check for working C compiler: /usr/bin/cc - skipped
[0.972s] -- Detecting C compile features
[0.974s] -- Detecting C compile features - done
[0.983s] -- Detecting CXX compiler ABI info
[1.177s] -- Detecting CXX compiler ABI info - done
[1.202s] -- Check for working CXX compiler: /usr/bin/c++ - skipped
[1.204s] -- Detecting CXX compile features
[1.206s] -- Detecting CXX compile features - done
[1.212s] -- Found ament_cmake_auto: 1.3.14 (/opt/ros/humble/share/ament_cmake_auto/cmake)
[1.592s] -- Found Python3: /usr/bin/python3 (found version "3.10.12") found components: Interpreter 
[1.771s] -- Override CMake install command with custom implementation using symlinks instead of copying resources
[1.857s] -- Found ament_lint_auto: 0.12.15 (/opt/ros/humble/share/ament_lint_auto/cmake)
[2.109s] -- Added test 'lint_cmake' to check CMake code style
[2.112s] -- Added test 'xmllint' to check XML markup files
[2.118s] -- Configuring done
[2.126s] -- Generating done
[2.128s] -- Build files have been written to: /home/bart/goliath_mobile/build/hoverboard_demo_description
[2.138s] Invoked command in '/home/bart/goliath_mobile/build/hoverboard_demo_description' returned '0': CMAKE_PREFIX_PATH=${CMAKE_PREFIX_PATH}:/home/bart/goliath_mobile/install/ros2_control_demo_testing:/home/bart/goliath_mobile/install/gripper_description:/opt/ros/humble /usr/bin/cmake /home/bart/goliath_mobile/src/golitath_mobile/hoverboard_ros2_control/hoverboard_demo_description -DAMENT_CMAKE_SYMLINK_INSTALL=1 -DCMAKE_INSTALL_PREFIX=/home/bart/goliath_mobile/install/hoverboard_demo_description
[2.143s] Invoking command in '/home/bart/goliath_mobile/build/hoverboard_demo_description': CMAKE_PREFIX_PATH=${CMAKE_PREFIX_PATH}:/home/bart/goliath_mobile/install/ros2_control_demo_testing:/home/bart/goliath_mobile/install/gripper_description:/opt/ros/humble /usr/bin/cmake --build /home/bart/goliath_mobile/build/hoverboard_demo_description -- -j4 -l4
[2.228s] Invoked command in '/home/bart/goliath_mobile/build/hoverboard_demo_description' returned '0': CMAKE_PREFIX_PATH=${CMAKE_PREFIX_PATH}:/home/bart/goliath_mobile/install/ros2_control_demo_testing:/home/bart/goliath_mobile/install/gripper_description:/opt/ros/humble /usr/bin/cmake --build /home/bart/goliath_mobile/build/hoverboard_demo_description -- -j4 -l4
[2.229s] Invoking command in '/home/bart/goliath_mobile/build/hoverboard_demo_description': CMAKE_PREFIX_PATH=${CMAKE_PREFIX_PATH}:/home/bart/goliath_mobile/install/ros2_control_demo_testing:/home/bart/goliath_mobile/install/gripper_description:/opt/ros/humble /usr/bin/cmake --install /home/bart/goliath_mobile/build/hoverboard_demo_description
[2.244s] -- Install configuration: ""
[2.246s] -- Execute custom install script
[2.248s] -- Symlinking: /home/bart/goliath_mobile/install/hoverboard_demo_description/share/hoverboard_demo_description/urdf/hoverboard_description.xacro
[2.268s] -- Symlinking: /home/bart/goliath_mobile/install/hoverboard_demo_description/share/hoverboard_demo_description/urdf/macros.xacro
[2.287s] -- Symlinking: /home/bart/goliath_mobile/install/hoverboard_demo_description/share/hoverboard_demo_description/urdf/materials.xacro
[2.305s] -- Symlinking: /home/bart/goliath_mobile/install/hoverboard_demo_description/share/hoverboard_demo_description/urdf/ros2_control.xacro
[2.328s] -- Symlinking: /home/bart/goliath_mobile/install/hoverboard_demo_description/share/hoverboard_demo_description/urdf/wheels.xacro
[2.349s] -- Symlinking: /home/bart/goliath_mobile/install/hoverboard_demo_description/share/hoverboard_demo_description/rviz/hoverboard.rviz
[2.369s] -- Symlinking: /home/bart/goliath_mobile/install/hoverboard_demo_description/share/hoverboard_demo_description/meshes/base_link.stl
[2.389s] -- Symlinking: /home/bart/goliath_mobile/install/hoverboard_demo_description/share/hoverboard_demo_description/meshes/front_plate.stl
[2.406s] -- Symlinking: /home/bart/goliath_mobile/install/hoverboard_demo_description/share/hoverboard_demo_description/meshes/imu.stl
[2.429s] -- Symlinking: /home/bart/goliath_mobile/install/hoverboard_demo_description/share/hoverboard_demo_description/meshes/jetson.stl
[2.449s] -- Symlinking: /home/bart/goliath_mobile/install/hoverboard_demo_description/share/hoverboard_demo_description/meshes/left_back_wheel.stl
[2.469s] -- Symlinking: /home/bart/goliath_mobile/install/hoverboard_demo_description/share/hoverboard_demo_description/meshes/left_front_wheel.stl
[2.490s] -- Symlinking: /home/bart/goliath_mobile/install/hoverboard_demo_description/share/hoverboard_demo_description/meshes/left_plate.stl
[2.511s] -- Symlinking: /home/bart/goliath_mobile/install/hoverboard_demo_description/share/hoverboard_demo_description/meshes/lidar.stl
[2.532s] -- Symlinking: /home/bart/goliath_mobile/install/hoverboard_demo_description/share/hoverboard_demo_description/meshes/logo1.stl
[2.553s] -- Symlinking: /home/bart/goliath_mobile/install/hoverboard_demo_description/share/hoverboard_demo_description/meshes/logo2.stl
[2.575s] -- Symlinking: /home/bart/goliath_mobile/install/hoverboard_demo_description/share/hoverboard_demo_description/meshes/mount_link.stl
[2.592s] -- Symlinking: /home/bart/goliath_mobile/install/hoverboard_demo_description/share/hoverboard_demo_description/meshes/plate.stl
[2.614s] -- Symlinking: /home/bart/goliath_mobile/install/hoverboard_demo_description/share/hoverboard_demo_description/meshes/rear_plate.stl
[2.634s] -- Symlinking: /home/bart/goliath_mobile/install/hoverboard_demo_description/share/hoverboard_demo_description/meshes/right_back_wheel.stl
[2.653s] -- Symlinking: /home/bart/goliath_mobile/install/hoverboard_demo_description/share/hoverboard_demo_description/meshes/right_front_wheel.stl
[2.677s] -- Symlinking: /home/bart/goliath_mobile/install/hoverboard_demo_description/share/hoverboard_demo_description/meshes/right_plate.stl
[2.699s] -- Symlinking: /home/bart/goliath_mobile/install/hoverboard_demo_description/share/hoverboard_demo_description/meshes/top_cover.stl
[2.720s] -- Symlinking: /home/bart/goliath_mobile/install/hoverboard_demo_description/share/hoverboard_demo_description/meshes/zed_mini.stl
[2.740s] -- Symlinking: /home/bart/goliath_mobile/install/hoverboard_demo_description/share/ament_index/resource_index/package_run_dependencies/hoverboard_demo_description
[2.760s] -- Symlinking: /home/bart/goliath_mobile/install/hoverboard_demo_description/share/ament_index/resource_index/parent_prefix_path/hoverboard_demo_description
[2.781s] -- Symlinking: /home/bart/goliath_mobile/install/hoverboard_demo_description/share/hoverboard_demo_description/environment/ament_prefix_path.sh
[2.799s] -- Symlinking: /home/bart/goliath_mobile/install/hoverboard_demo_description/share/hoverboard_demo_description/environment/ament_prefix_path.dsv
[2.823s] -- Symlinking: /home/bart/goliath_mobile/install/hoverboard_demo_description/share/hoverboard_demo_description/environment/path.sh
[2.844s] -- Symlinking: /home/bart/goliath_mobile/install/hoverboard_demo_description/share/hoverboard_demo_description/environment/path.dsv
[2.865s] -- Symlinking: /home/bart/goliath_mobile/install/hoverboard_demo_description/share/hoverboard_demo_description/local_setup.bash
[2.884s] -- Symlinking: /home/bart/goliath_mobile/install/hoverboard_demo_description/share/hoverboard_demo_description/local_setup.sh
[2.903s] -- Symlinking: /home/bart/goliath_mobile/install/hoverboard_demo_description/share/hoverboard_demo_description/local_setup.zsh
[2.923s] -- Symlinking: /home/bart/goliath_mobile/install/hoverboard_demo_description/share/hoverboard_demo_description/local_setup.dsv
[2.942s] -- Symlinking: /home/bart/goliath_mobile/install/hoverboard_demo_description/share/hoverboard_demo_description/package.dsv
[2.962s] -- Symlinking: /home/bart/goliath_mobile/install/hoverboard_demo_description/share/ament_index/resource_index/packages/hoverboard_demo_description
[2.983s] -- Symlinking: /home/bart/goliath_mobile/install/hoverboard_demo_description/share/hoverboard_demo_description/cmake/hoverboard_demo_descriptionConfig.cmake
[3.005s] -- Symlinking: /home/bart/goliath_mobile/install/hoverboard_demo_description/share/hoverboard_demo_description/cmake/hoverboard_demo_descriptionConfig-version.cmake
[3.033s] -- Symlinking: /home/bart/goliath_mobile/install/hoverboard_demo_description/share/hoverboard_demo_description/package.xml
[3.060s] Invoked command in '/home/bart/goliath_mobile/build/hoverboard_demo_description' returned '0': CMAKE_PREFIX_PATH=${CMAKE_PREFIX_PATH}:/home/bart/goliath_mobile/install/ros2_control_demo_testing:/home/bart/goliath_mobile/install/gripper_description:/opt/ros/humble /usr/bin/cmake --install /home/bart/goliath_mobile/build/hoverboard_demo_description
