[0.091s] Invoking command in '/home/bart/goliath_mobile/build/rplidar_ros': CMAKE_PREFIX_PATH=${CMAKE_PREFIX_PATH}:/home/bart/goliath_mobile/install/ros2_control_demo_testing:/home/bart/goliath_mobile/install/gripper_description:/opt/ros/humble /usr/bin/cmake --build /home/bart/goliath_mobile/build/rplidar_ros -- -j4 -l4
[0.302s] [ 47%] Built target rplidar_node
[0.312s] [ 52%] Built target rplidar_client
[0.361s] [100%] Built target rplidar_composition
[0.396s] Invoked command in '/home/bart/goliath_mobile/build/rplidar_ros' returned '0': CMAKE_PREFIX_PATH=${CMAKE_PREFIX_PATH}:/home/bart/goliath_mobile/install/ros2_control_demo_testing:/home/bart/goliath_mobile/install/gripper_description:/opt/ros/humble /usr/bin/cmake --build /home/bart/goliath_mobile/build/rplidar_ros -- -j4 -l4
[0.402s] Invoking command in '/home/bart/goliath_mobile/build/rplidar_ros': CMAKE_PREFIX_PATH=${CMAKE_PREFIX_PATH}:/home/bart/goliath_mobile/install/ros2_control_demo_testing:/home/bart/goliath_mobile/install/gripper_description:/opt/ros/humble /usr/bin/cmake --install /home/bart/goliath_mobile/build/rplidar_ros
[0.419s] -- Install configuration: ""
[0.420s] -- Execute custom install script
[0.421s] -- Up-to-date symlink: /home/bart/goliath_mobile/install/rplidar_ros/share/rplidar_ros/launch/rplidar_a1_launch.py
[0.422s] -- Up-to-date symlink: /home/bart/goliath_mobile/install/rplidar_ros/share/rplidar_ros/launch/rplidar_a2m12_launch.py
[0.422s] -- Up-to-date symlink: /home/bart/goliath_mobile/install/rplidar_ros/share/rplidar_ros/launch/rplidar_a2m7_launch.py
[0.423s] -- Up-to-date symlink: /home/bart/goliath_mobile/install/rplidar_ros/share/rplidar_ros/launch/rplidar_a2m8_launch.py
[0.424s] -- Up-to-date symlink: /home/bart/goliath_mobile/install/rplidar_ros/share/rplidar_ros/launch/rplidar_a3_launch.py
[0.425s] -- Up-to-date symlink: /home/bart/goliath_mobile/install/rplidar_ros/share/rplidar_ros/launch/rplidar_c1_launch.py
[0.426s] -- Up-to-date symlink: /home/bart/goliath_mobile/install/rplidar_ros/share/rplidar_ros/launch/rplidar_s1_launch.py
[0.426s] -- Up-to-date symlink: /home/bart/goliath_mobile/install/rplidar_ros/share/rplidar_ros/launch/rplidar_s1_tcp_launch.py
[0.427s] -- Up-to-date symlink: /home/bart/goliath_mobile/install/rplidar_ros/share/rplidar_ros/launch/rplidar_s2_launch.py
[0.427s] -- Up-to-date symlink: /home/bart/goliath_mobile/install/rplidar_ros/share/rplidar_ros/launch/rplidar_s2e_launch.py
[0.428s] -- Up-to-date symlink: /home/bart/goliath_mobile/install/rplidar_ros/share/rplidar_ros/launch/rplidar_s3_launch.py
[0.428s] -- Up-to-date symlink: /home/bart/goliath_mobile/install/rplidar_ros/share/rplidar_ros/launch/rplidar_t1_launch.py
[0.429s] -- Up-to-date symlink: /home/bart/goliath_mobile/install/rplidar_ros/share/rplidar_ros/launch/view_rplidar_a1_launch.py
[0.429s] -- Up-to-date symlink: /home/bart/goliath_mobile/install/rplidar_ros/share/rplidar_ros/launch/view_rplidar_a2m12_launch.py
[0.430s] -- Up-to-date symlink: /home/bart/goliath_mobile/install/rplidar_ros/share/rplidar_ros/launch/view_rplidar_a2m7_launch.py
[0.431s] -- Up-to-date symlink: /home/bart/goliath_mobile/install/rplidar_ros/share/rplidar_ros/launch/view_rplidar_a2m8_launch.py
[0.432s] -- Up-to-date symlink: /home/bart/goliath_mobile/install/rplidar_ros/share/rplidar_ros/launch/view_rplidar_a3_launch.py
[0.432s] -- Up-to-date symlink: /home/bart/goliath_mobile/install/rplidar_ros/share/rplidar_ros/launch/view_rplidar_c1_launch.py
[0.433s] -- Up-to-date symlink: /home/bart/goliath_mobile/install/rplidar_ros/share/rplidar_ros/launch/view_rplidar_s1_launch.py
[0.433s] -- Up-to-date symlink: /home/bart/goliath_mobile/install/rplidar_ros/share/rplidar_ros/launch/view_rplidar_s1_tcp_launch.py
[0.433s] -- Up-to-date symlink: /home/bart/goliath_mobile/install/rplidar_ros/share/rplidar_ros/launch/view_rplidar_s2_launch.py
[0.433s] -- Up-to-date symlink: /home/bart/goliath_mobile/install/rplidar_ros/share/rplidar_ros/launch/view_rplidar_s2e_launch.py
[0.433s] -- Up-to-date symlink: /home/bart/goliath_mobile/install/rplidar_ros/share/rplidar_ros/launch/view_rplidar_s3_launch.py
[0.434s] -- Up-to-date symlink: /home/bart/goliath_mobile/install/rplidar_ros/share/rplidar_ros/launch/view_rplidar_t1_launch.py
[0.434s] -- Up-to-date symlink: /home/bart/goliath_mobile/install/rplidar_ros/share/rplidar_ros/rviz/rplidar_ros.rviz
[0.434s] -- Up-to-date symlink: /home/bart/goliath_mobile/install/rplidar_ros/lib/rplidar_ros/rplidar_node
[0.434s] -- Up-to-date symlink: /home/bart/goliath_mobile/install/rplidar_ros/lib/rplidar_ros/rplidar_composition
[0.434s] -- Up-to-date symlink: /home/bart/goliath_mobile/install/rplidar_ros/lib/rplidar_ros/rplidar_client
[0.434s] -- Up-to-date symlink: /home/bart/goliath_mobile/install/rplidar_ros/share/ament_index/resource_index/package_run_dependencies/rplidar_ros
[0.435s] -- Up-to-date symlink: /home/bart/goliath_mobile/install/rplidar_ros/share/ament_index/resource_index/parent_prefix_path/rplidar_ros
[0.435s] -- Up-to-date symlink: /home/bart/goliath_mobile/install/rplidar_ros/share/rplidar_ros/environment/ament_prefix_path.sh
[0.435s] -- Up-to-date symlink: /home/bart/goliath_mobile/install/rplidar_ros/share/rplidar_ros/environment/ament_prefix_path.dsv
[0.435s] -- Up-to-date symlink: /home/bart/goliath_mobile/install/rplidar_ros/share/rplidar_ros/environment/path.sh
[0.440s] -- Up-to-date symlink: /home/bart/goliath_mobile/install/rplidar_ros/share/rplidar_ros/environment/path.dsv
[0.440s] -- Up-to-date symlink: /home/bart/goliath_mobile/install/rplidar_ros/share/rplidar_ros/local_setup.bash
[0.440s] -- Up-to-date symlink: /home/bart/goliath_mobile/install/rplidar_ros/share/rplidar_ros/local_setup.sh
[0.440s] -- Up-to-date symlink: /home/bart/goliath_mobile/install/rplidar_ros/share/rplidar_ros/local_setup.zsh
[0.441s] -- Up-to-date symlink: /home/bart/goliath_mobile/install/rplidar_ros/share/rplidar_ros/local_setup.dsv
[0.441s] -- Symlinking: /home/bart/goliath_mobile/install/rplidar_ros/share/rplidar_ros/package.dsv
[0.453s] -- Up-to-date symlink: /home/bart/goliath_mobile/install/rplidar_ros/share/ament_index/resource_index/packages/rplidar_ros
[0.454s] -- Up-to-date symlink: /home/bart/goliath_mobile/install/rplidar_ros/share/rplidar_ros/cmake/ament_cmake_export_dependencies-extras.cmake
[0.454s] -- Up-to-date symlink: /home/bart/goliath_mobile/install/rplidar_ros/share/rplidar_ros/cmake/ament_cmake_export_include_directories-extras.cmake
[0.454s] -- Up-to-date symlink: /home/bart/goliath_mobile/install/rplidar_ros/share/rplidar_ros/cmake/rplidar_rosConfig.cmake
[0.457s] -- Up-to-date symlink: /home/bart/goliath_mobile/install/rplidar_ros/share/rplidar_ros/cmake/rplidar_rosConfig-version.cmake
[0.461s] -- Up-to-date symlink: /home/bart/goliath_mobile/install/rplidar_ros/share/rplidar_ros/package.xml
[0.464s] Invoked command in '/home/bart/goliath_mobile/build/rplidar_ros' returned '0': CMAKE_PREFIX_PATH=${CMAKE_PREFIX_PATH}:/home/bart/goliath_mobile/install/ros2_control_demo_testing:/home/bart/goliath_mobile/install/gripper_description:/opt/ros/humble /usr/bin/cmake --install /home/bart/goliath_mobile/build/rplidar_ros
