[0.070s] Invoking command in '/home/bart/goliath_mobile/build/gripper_controller': AMENT_PREFIX_PATH=/home/bart/goliath_mobile/install/ros2_control_demo_testing:/home/bart/goliath_mobile/install/rplidar_ros:/home/bart/goliath_mobile/install/ros2_control_demos:/home/bart/goliath_mobile/install/moveit:/home/bart/goliath_mobile/install/gripper_controller:/home/bart/goliath_mobile/install/goliath_moveit_config:/home/bart/goliath_mobile/install/goliath_controller:/home/bart/goliath_mobile/install/ros2_control_demo_description:/home/bart/goliath_mobile/install/hoverboard_ros2_control:/home/bart/goliath_mobile/install/hoverboard_hardware_interface:/home/bart/goliath_mobile/install/hoverboard_demo_bringup:/home/bart/goliath_mobile/install/hoverboard_demo_description:/home/bart/goliath_mobile/install/gripper_description:/home/bart/goliath_mobile/install/goliath_commander_cpp:/home/bart/goliath_mobile/install/goliath_interfaces:/home/bart/goliath_mobile/install/arm_move_joy:/home/bart/goliath_base/install/hoverboard_demo_bringup:/home/bart/goliath_base/install/hoverboard_demo_description:/opt/ros/humble CMAKE_PREFIX_PATH=/home/bart/goliath_mobile/install/ros2_control_demo_description:/home/bart/goliath_mobile/install/rplidar_ros:/home/bart/goliath_mobile/install/ros2_control_demos:/home/bart/goliath_mobile/install/moveit:/home/bart/goliath_mobile/install/gripper_controller:/home/bart/goliath_mobile/install/goliath_moveit_config:/home/bart/goliath_mobile/install/goliath_controller:/home/bart/goliath_mobile/install/hoverboard_ros2_control:/home/bart/goliath_mobile/install/hoverboard_hardware_interface:/home/bart/goliath_mobile/install/hoverboard_demo_bringup:/home/bart/goliath_mobile/install/hoverboard_demo_description:/home/bart/goliath_mobile/install/goliath_commander_cpp:/home/bart/goliath_mobile/install/goliath_interfaces:/home/bart/goliath_mobile/install/arm_move_joy:/home/bart/goliath_base/install/hoverboard_demo_bringup:/home/bart/goliath_base/install/hoverboard_demo_description:/home/bart/goliath_mobile/install/ros2_control_demo_testing:/home/bart/goliath_mobile/install/gripper_description:/opt/ros/humble /usr/bin/cmake /home/bart/goliath_mobile/src/goliath_gripper/gripper_controller -DAMENT_CMAKE_SYMLINK_INSTALL=1 -DCMAKE_INSTALL_PREFIX=/home/bart/goliath_mobile/install/gripper_controller
[0.236s] -- The CXX compiler identification is GNU 11.4.0
[0.252s] -- Detecting CXX compiler ABI info
[0.448s] -- Detecting CXX compiler ABI info - done
[0.468s] -- Check for working CXX compiler: /usr/bin/c++ - skipped
[0.469s] -- Detecting CXX compile features
[0.471s] -- Detecting CXX compile features - done
[0.495s] -- Found ament_cmake: 1.3.14 (/opt/ros/humble/share/ament_cmake/cmake)
[0.908s] -- Found Python3: /usr/bin/python3 (found version "3.10.12") found components: Interpreter 
[1.081s] -- Override CMake install command with custom implementation using symlinks instead of copying resources
[1.187s] -- Found pluginlib: 5.1.4 (/opt/ros/humble/share/pluginlib/cmake)
[1.318s] -- Found hardware_interface: 2.54.0 (/opt/ros/humble/share/hardware_interface/cmake)
[1.430s] -- Found rosidl_generator_c: 3.1.8 (/opt/ros/humble/share/rosidl_generator_c/cmake)
[1.449s] -- Found rosidl_adapter: 3.1.8 (/opt/ros/humble/share/rosidl_adapter/cmake)
[1.479s] -- Found rosidl_generator_cpp: 3.1.8 (/opt/ros/humble/share/rosidl_generator_cpp/cmake)
[1.520s] -- Using all available rosidl_typesupport_c: rosidl_typesupport_fastrtps_c;rosidl_typesupport_introspection_c
[1.564s] -- Using all available rosidl_typesupport_cpp: rosidl_typesupport_fastrtps_cpp;rosidl_typesupport_introspection_cpp
[2.127s] -- Found rmw_implementation_cmake: 6.1.2 (/opt/ros/humble/share/rmw_implementation_cmake/cmake)
[2.137s] -- Found rmw_cyclonedds_cpp: 1.3.4 (/opt/ros/humble/share/rmw_cyclonedds_cpp/cmake)
[2.208s] -- Using RMW implementation 'rmw_cyclonedds_cpp' as default
[2.239s] -- Looking for C++ include pthread.h
[2.504s] -- Looking for C++ include pthread.h - found
[2.505s] -- Performing Test CMAKE_HAVE_LIBC_PTHREAD
[2.790s] -- Performing Test CMAKE_HAVE_LIBC_PTHREAD - Success
[2.795s] -- Found Threads: TRUE  
[2.944s] -- Found kdl_parser: 2.6.4 (/opt/ros/humble/share/kdl_parser/cmake)
[2.986s] -- Found eigen3_cmake_module: 0.1.1 (/opt/ros/humble/share/eigen3_cmake_module/cmake)
[2.988s] -- Found Eigen3: TRUE (found version "3.4.0") 
[2.988s] -- Ensuring Eigen3 include directory is part of orocos-kdl CMake target
[3.009s] -- Found controller_interface: 2.54.0 (/opt/ros/humble/share/controller_interface/cmake)
[3.025s] -- Found realtime_tools: 2.15.0 (/opt/ros/humble/share/realtime_tools/cmake)
[3.123s] -- Found Boost: /usr/lib/x86_64-linux-gnu/cmake/Boost-1.74.0/BoostConfig.cmake (found version "1.74.0") found components: thread 
[3.137s] -- Found ament_cmake_pytest: 1.3.14 (/opt/ros/humble/share/ament_cmake_pytest/cmake)
[6.527s] -- Configuring done
[6.569s] -- Generating done
[6.582s] -- Build files have been written to: /home/bart/goliath_mobile/build/gripper_controller
[6.610s] Invoked command in '/home/bart/goliath_mobile/build/gripper_controller' returned '0': AMENT_PREFIX_PATH=/home/bart/goliath_mobile/install/ros2_control_demo_testing:/home/bart/goliath_mobile/install/rplidar_ros:/home/bart/goliath_mobile/install/ros2_control_demos:/home/bart/goliath_mobile/install/moveit:/home/bart/goliath_mobile/install/gripper_controller:/home/bart/goliath_mobile/install/goliath_moveit_config:/home/bart/goliath_mobile/install/goliath_controller:/home/bart/goliath_mobile/install/ros2_control_demo_description:/home/bart/goliath_mobile/install/hoverboard_ros2_control:/home/bart/goliath_mobile/install/hoverboard_hardware_interface:/home/bart/goliath_mobile/install/hoverboard_demo_bringup:/home/bart/goliath_mobile/install/hoverboard_demo_description:/home/bart/goliath_mobile/install/gripper_description:/home/bart/goliath_mobile/install/goliath_commander_cpp:/home/bart/goliath_mobile/install/goliath_interfaces:/home/bart/goliath_mobile/install/arm_move_joy:/home/bart/goliath_base/install/hoverboard_demo_bringup:/home/bart/goliath_base/install/hoverboard_demo_description:/opt/ros/humble CMAKE_PREFIX_PATH=/home/bart/goliath_mobile/install/ros2_control_demo_description:/home/bart/goliath_mobile/install/rplidar_ros:/home/bart/goliath_mobile/install/ros2_control_demos:/home/bart/goliath_mobile/install/moveit:/home/bart/goliath_mobile/install/gripper_controller:/home/bart/goliath_mobile/install/goliath_moveit_config:/home/bart/goliath_mobile/install/goliath_controller:/home/bart/goliath_mobile/install/hoverboard_ros2_control:/home/bart/goliath_mobile/install/hoverboard_hardware_interface:/home/bart/goliath_mobile/install/hoverboard_demo_bringup:/home/bart/goliath_mobile/install/hoverboard_demo_description:/home/bart/goliath_mobile/install/goliath_commander_cpp:/home/bart/goliath_mobile/install/goliath_interfaces:/home/bart/goliath_mobile/install/arm_move_joy:/home/bart/goliath_base/install/hoverboard_demo_bringup:/home/bart/goliath_base/install/hoverboard_demo_description:/home/bart/goliath_mobile/install/ros2_control_demo_testing:/home/bart/goliath_mobile/install/gripper_description:/opt/ros/humble /usr/bin/cmake /home/bart/goliath_mobile/src/goliath_gripper/gripper_controller -DAMENT_CMAKE_SYMLINK_INSTALL=1 -DCMAKE_INSTALL_PREFIX=/home/bart/goliath_mobile/install/gripper_controller
[6.614s] Invoking command in '/home/bart/goliath_mobile/build/gripper_controller': AMENT_PREFIX_PATH=/home/bart/goliath_mobile/install/ros2_control_demo_testing:/home/bart/goliath_mobile/install/rplidar_ros:/home/bart/goliath_mobile/install/ros2_control_demos:/home/bart/goliath_mobile/install/moveit:/home/bart/goliath_mobile/install/gripper_controller:/home/bart/goliath_mobile/install/goliath_moveit_config:/home/bart/goliath_mobile/install/goliath_controller:/home/bart/goliath_mobile/install/ros2_control_demo_description:/home/bart/goliath_mobile/install/hoverboard_ros2_control:/home/bart/goliath_mobile/install/hoverboard_hardware_interface:/home/bart/goliath_mobile/install/hoverboard_demo_bringup:/home/bart/goliath_mobile/install/hoverboard_demo_description:/home/bart/goliath_mobile/install/gripper_description:/home/bart/goliath_mobile/install/goliath_commander_cpp:/home/bart/goliath_mobile/install/goliath_interfaces:/home/bart/goliath_mobile/install/arm_move_joy:/home/bart/goliath_base/install/hoverboard_demo_bringup:/home/bart/goliath_base/install/hoverboard_demo_description:/opt/ros/humble CMAKE_PREFIX_PATH=/home/bart/goliath_mobile/install/ros2_control_demo_description:/home/bart/goliath_mobile/install/rplidar_ros:/home/bart/goliath_mobile/install/ros2_control_demos:/home/bart/goliath_mobile/install/moveit:/home/bart/goliath_mobile/install/gripper_controller:/home/bart/goliath_mobile/install/goliath_moveit_config:/home/bart/goliath_mobile/install/goliath_controller:/home/bart/goliath_mobile/install/hoverboard_ros2_control:/home/bart/goliath_mobile/install/hoverboard_hardware_interface:/home/bart/goliath_mobile/install/hoverboard_demo_bringup:/home/bart/goliath_mobile/install/hoverboard_demo_description:/home/bart/goliath_mobile/install/goliath_commander_cpp:/home/bart/goliath_mobile/install/goliath_interfaces:/home/bart/goliath_mobile/install/arm_move_joy:/home/bart/goliath_base/install/hoverboard_demo_bringup:/home/bart/goliath_base/install/hoverboard_demo_description:/home/bart/goliath_mobile/install/ros2_control_demo_testing:/home/bart/goliath_mobile/install/gripper_description:/opt/ros/humble /usr/bin/cmake --build /home/bart/goliath_mobile/build/gripper_controller -- -j4 -l4
[6.738s] [ 50%] [32mBuilding CXX object CMakeFiles/gripper_controller.dir/hardware/gripper_hardware.cpp.o[0m
[21.932s] [100%] [32m[1mLinking CXX shared library libgripper_controller.so[0m
[22.498s] [100%] Built target gripper_controller
[22.521s] Invoked command in '/home/bart/goliath_mobile/build/gripper_controller' returned '0': AMENT_PREFIX_PATH=/home/bart/goliath_mobile/install/ros2_control_demo_testing:/home/bart/goliath_mobile/install/rplidar_ros:/home/bart/goliath_mobile/install/ros2_control_demos:/home/bart/goliath_mobile/install/moveit:/home/bart/goliath_mobile/install/gripper_controller:/home/bart/goliath_mobile/install/goliath_moveit_config:/home/bart/goliath_mobile/install/goliath_controller:/home/bart/goliath_mobile/install/ros2_control_demo_description:/home/bart/goliath_mobile/install/hoverboard_ros2_control:/home/bart/goliath_mobile/install/hoverboard_hardware_interface:/home/bart/goliath_mobile/install/hoverboard_demo_bringup:/home/bart/goliath_mobile/install/hoverboard_demo_description:/home/bart/goliath_mobile/install/gripper_description:/home/bart/goliath_mobile/install/goliath_commander_cpp:/home/bart/goliath_mobile/install/goliath_interfaces:/home/bart/goliath_mobile/install/arm_move_joy:/home/bart/goliath_base/install/hoverboard_demo_bringup:/home/bart/goliath_base/install/hoverboard_demo_description:/opt/ros/humble CMAKE_PREFIX_PATH=/home/bart/goliath_mobile/install/ros2_control_demo_description:/home/bart/goliath_mobile/install/rplidar_ros:/home/bart/goliath_mobile/install/ros2_control_demos:/home/bart/goliath_mobile/install/moveit:/home/bart/goliath_mobile/install/gripper_controller:/home/bart/goliath_mobile/install/goliath_moveit_config:/home/bart/goliath_mobile/install/goliath_controller:/home/bart/goliath_mobile/install/hoverboard_ros2_control:/home/bart/goliath_mobile/install/hoverboard_hardware_interface:/home/bart/goliath_mobile/install/hoverboard_demo_bringup:/home/bart/goliath_mobile/install/hoverboard_demo_description:/home/bart/goliath_mobile/install/goliath_commander_cpp:/home/bart/goliath_mobile/install/goliath_interfaces:/home/bart/goliath_mobile/install/arm_move_joy:/home/bart/goliath_base/install/hoverboard_demo_bringup:/home/bart/goliath_base/install/hoverboard_demo_description:/home/bart/goliath_mobile/install/ros2_control_demo_testing:/home/bart/goliath_mobile/install/gripper_description:/opt/ros/humble /usr/bin/cmake --build /home/bart/goliath_mobile/build/gripper_controller -- -j4 -l4
[22.523s] Invoking command in '/home/bart/goliath_mobile/build/gripper_controller': AMENT_PREFIX_PATH=/home/bart/goliath_mobile/install/ros2_control_demo_testing:/home/bart/goliath_mobile/install/rplidar_ros:/home/bart/goliath_mobile/install/ros2_control_demos:/home/bart/goliath_mobile/install/moveit:/home/bart/goliath_mobile/install/gripper_controller:/home/bart/goliath_mobile/install/goliath_moveit_config:/home/bart/goliath_mobile/install/goliath_controller:/home/bart/goliath_mobile/install/ros2_control_demo_description:/home/bart/goliath_mobile/install/hoverboard_ros2_control:/home/bart/goliath_mobile/install/hoverboard_hardware_interface:/home/bart/goliath_mobile/install/hoverboard_demo_bringup:/home/bart/goliath_mobile/install/hoverboard_demo_description:/home/bart/goliath_mobile/install/gripper_description:/home/bart/goliath_mobile/install/goliath_commander_cpp:/home/bart/goliath_mobile/install/goliath_interfaces:/home/bart/goliath_mobile/install/arm_move_joy:/home/bart/goliath_base/install/hoverboard_demo_bringup:/home/bart/goliath_base/install/hoverboard_demo_description:/opt/ros/humble CMAKE_PREFIX_PATH=/home/bart/goliath_mobile/install/ros2_control_demo_description:/home/bart/goliath_mobile/install/rplidar_ros:/home/bart/goliath_mobile/install/ros2_control_demos:/home/bart/goliath_mobile/install/moveit:/home/bart/goliath_mobile/install/gripper_controller:/home/bart/goliath_mobile/install/goliath_moveit_config:/home/bart/goliath_mobile/install/goliath_controller:/home/bart/goliath_mobile/install/hoverboard_ros2_control:/home/bart/goliath_mobile/install/hoverboard_hardware_interface:/home/bart/goliath_mobile/install/hoverboard_demo_bringup:/home/bart/goliath_mobile/install/hoverboard_demo_description:/home/bart/goliath_mobile/install/goliath_commander_cpp:/home/bart/goliath_mobile/install/goliath_interfaces:/home/bart/goliath_mobile/install/arm_move_joy:/home/bart/goliath_base/install/hoverboard_demo_bringup:/home/bart/goliath_base/install/hoverboard_demo_description:/home/bart/goliath_mobile/install/ros2_control_demo_testing:/home/bart/goliath_mobile/install/gripper_description:/opt/ros/humble /usr/bin/cmake --install /home/bart/goliath_mobile/build/gripper_controller
[22.541s] -- Install configuration: ""
[22.542s] -- Execute custom install script
[22.542s] -- Symlinking: /home/bart/goliath_mobile/install/gripper_controller/share/gripper_controller//gripper_controller.xml
[22.566s] -- Up-to-date symlink: /home/bart/goliath_mobile/install/gripper_controller/share/gripper_controller//gripper_controller.xml
[22.567s] -- Symlinking: /home/bart/goliath_mobile/install/gripper_controller/include/gripper_controller/gripper_controller/gripper_hardware.hpp
[22.587s] -- Symlinking: /home/bart/goliath_mobile/install/gripper_controller/share/gripper_controller/launch/view_gripper.launch.py
[22.606s] -- Symlinking: /home/bart/goliath_mobile/install/gripper_controller/share/gripper_controller/ros2_control/gripper.ros2_control.xacro
[22.625s] -- Symlinking: /home/bart/goliath_mobile/install/gripper_controller/share/gripper_controller/urdf/gripper.gazebo
[22.645s] -- Symlinking: /home/bart/goliath_mobile/install/gripper_controller/share/gripper_controller/urdf/gripper.trans
[22.669s] -- Symlinking: /home/bart/goliath_mobile/install/gripper_controller/share/gripper_controller/urdf/gripper.xacro
[22.688s] -- Symlinking: /home/bart/goliath_mobile/install/gripper_controller/share/gripper_controller/urdf/materials.xacro
[22.707s] -- Symlinking: /home/bart/goliath_mobile/install/gripper_controller/share/gripper_controller/launch/gripper_controller.launch.py
[22.725s] -- Symlinking: /home/bart/goliath_mobile/install/gripper_controller/share/gripper_controller/launch/smooth_gripper_control.launch.py
[22.744s] -- Symlinking: /home/bart/goliath_mobile/install/gripper_controller/share/gripper_controller/config/gripper_config.yaml
[22.764s] -- Symlinking: /home/bart/goliath_mobile/install/gripper_controller/share/gripper_controller/environment/library_path.sh
[22.783s] -- Symlinking: /home/bart/goliath_mobile/install/gripper_controller/share/gripper_controller/environment/library_path.dsv
[22.802s] -- Symlinking: /home/bart/goliath_mobile/install/gripper_controller/share/ament_index/resource_index/package_run_dependencies/gripper_controller
[22.820s] -- Symlinking: /home/bart/goliath_mobile/install/gripper_controller/share/ament_index/resource_index/parent_prefix_path/gripper_controller
[22.839s] -- Symlinking: /home/bart/goliath_mobile/install/gripper_controller/share/gripper_controller/environment/ament_prefix_path.sh
[22.859s] -- Symlinking: /home/bart/goliath_mobile/install/gripper_controller/share/gripper_controller/environment/ament_prefix_path.dsv
[22.878s] -- Symlinking: /home/bart/goliath_mobile/install/gripper_controller/share/gripper_controller/environment/path.sh
[22.897s] -- Symlinking: /home/bart/goliath_mobile/install/gripper_controller/share/gripper_controller/environment/path.dsv
[22.915s] -- Symlinking: /home/bart/goliath_mobile/install/gripper_controller/share/gripper_controller/local_setup.bash
[22.934s] -- Symlinking: /home/bart/goliath_mobile/install/gripper_controller/share/gripper_controller/local_setup.sh
[22.953s] -- Symlinking: /home/bart/goliath_mobile/install/gripper_controller/share/gripper_controller/local_setup.zsh
[22.968s] -- Symlinking: /home/bart/goliath_mobile/install/gripper_controller/share/gripper_controller/local_setup.dsv
[22.982s] -- Symlinking: /home/bart/goliath_mobile/install/gripper_controller/share/gripper_controller/package.dsv
[22.995s] -- Symlinking: /home/bart/goliath_mobile/install/gripper_controller/share/ament_index/resource_index/packages/gripper_controller
[23.008s] -- Symlinking: /home/bart/goliath_mobile/install/gripper_controller/share/ament_index/resource_index/hardware_interface__pluginlib__plugin/gripper_controller
[23.021s] -- Symlinking: /home/bart/goliath_mobile/install/gripper_controller/share/ament_index/resource_index/controller_interface__pluginlib__plugin/gripper_controller
[23.035s] -- Symlinking: /home/bart/goliath_mobile/install/gripper_controller/share/gripper_controller/cmake/ament_cmake_export_targets-extras.cmake
[23.048s] -- Symlinking: /home/bart/goliath_mobile/install/gripper_controller/share/gripper_controller/cmake/ament_cmake_export_dependencies-extras.cmake
[23.064s] -- Symlinking: /home/bart/goliath_mobile/install/gripper_controller/share/gripper_controller/cmake/gripper_controllerConfig.cmake
[23.078s] -- Symlinking: /home/bart/goliath_mobile/install/gripper_controller/share/gripper_controller/cmake/gripper_controllerConfig-version.cmake
[23.092s] -- Symlinking: /home/bart/goliath_mobile/install/gripper_controller/share/gripper_controller/package.xml
[23.105s] -- Installing: /home/bart/goliath_mobile/install/gripper_controller/lib/libgripper_controller.so
[23.108s] -- Set runtime path of "/home/bart/goliath_mobile/install/gripper_controller/lib/libgripper_controller.so" to ""
[23.108s] -- Installing: /home/bart/goliath_mobile/install/gripper_controller/share/gripper_controller/cmake/export_gripper_controllerExport.cmake
[23.109s] -- Installing: /home/bart/goliath_mobile/install/gripper_controller/share/gripper_controller/cmake/export_gripper_controllerExport-noconfig.cmake
[23.112s] Invoked command in '/home/bart/goliath_mobile/build/gripper_controller' returned '0': AMENT_PREFIX_PATH=/home/bart/goliath_mobile/install/ros2_control_demo_testing:/home/bart/goliath_mobile/install/rplidar_ros:/home/bart/goliath_mobile/install/ros2_control_demos:/home/bart/goliath_mobile/install/moveit:/home/bart/goliath_mobile/install/gripper_controller:/home/bart/goliath_mobile/install/goliath_moveit_config:/home/bart/goliath_mobile/install/goliath_controller:/home/bart/goliath_mobile/install/ros2_control_demo_description:/home/bart/goliath_mobile/install/hoverboard_ros2_control:/home/bart/goliath_mobile/install/hoverboard_hardware_interface:/home/bart/goliath_mobile/install/hoverboard_demo_bringup:/home/bart/goliath_mobile/install/hoverboard_demo_description:/home/bart/goliath_mobile/install/gripper_description:/home/bart/goliath_mobile/install/goliath_commander_cpp:/home/bart/goliath_mobile/install/goliath_interfaces:/home/bart/goliath_mobile/install/arm_move_joy:/home/bart/goliath_base/install/hoverboard_demo_bringup:/home/bart/goliath_base/install/hoverboard_demo_description:/opt/ros/humble CMAKE_PREFIX_PATH=/home/bart/goliath_mobile/install/ros2_control_demo_description:/home/bart/goliath_mobile/install/rplidar_ros:/home/bart/goliath_mobile/install/ros2_control_demos:/home/bart/goliath_mobile/install/moveit:/home/bart/goliath_mobile/install/gripper_controller:/home/bart/goliath_mobile/install/goliath_moveit_config:/home/bart/goliath_mobile/install/goliath_controller:/home/bart/goliath_mobile/install/hoverboard_ros2_control:/home/bart/goliath_mobile/install/hoverboard_hardware_interface:/home/bart/goliath_mobile/install/hoverboard_demo_bringup:/home/bart/goliath_mobile/install/hoverboard_demo_description:/home/bart/goliath_mobile/install/goliath_commander_cpp:/home/bart/goliath_mobile/install/goliath_interfaces:/home/bart/goliath_mobile/install/arm_move_joy:/home/bart/goliath_base/install/hoverboard_demo_bringup:/home/bart/goliath_base/install/hoverboard_demo_description:/home/bart/goliath_mobile/install/ros2_control_demo_testing:/home/bart/goliath_mobile/install/gripper_description:/opt/ros/humble /usr/bin/cmake --install /home/bart/goliath_mobile/build/gripper_controller
