[0.048s] Invoking command in '/home/bart/goliath_mobile/build/hoverboard_ros2_control': CMAKE_PREFIX_PATH=${CMAKE_PREFIX_PATH}:/home/bart/goliath_mobile/install/ros2_control_demo_testing:/home/bart/goliath_mobile/install/gripper_description:/opt/ros/humble /usr/bin/cmake /home/bart/goliath_mobile/src/golitath_mobile/hoverboard_ros2_control/hoverboard_ros2_control -DAMENT_CMAKE_SYMLINK_INSTALL=1 -DCMAKE_INSTALL_PREFIX=/home/bart/goliath_mobile/install/hoverboard_ros2_control
[0.270s] -- The C compiler identification is GNU 11.4.0
[0.526s] -- The CXX compiler identification is GNU 11.4.0
[0.544s] -- Detecting C compiler ABI info
[0.770s] -- Detecting C compiler ABI info - done
[0.817s] -- Check for working C compiler: /usr/bin/cc - skipped
[0.817s] -- Detecting C compile features
[0.819s] -- Detecting C compile features - done
[0.839s] -- Detecting CXX compiler ABI info
[1.156s] -- Detecting CXX compiler ABI info - done
[1.180s] -- Check for working CXX compiler: /usr/bin/c++ - skipped
[1.181s] -- Detecting CXX compile features
[1.183s] -- Detecting CXX compile features - done
[1.192s] -- Found ament_cmake_auto: 1.3.14 (/opt/ros/humble/share/ament_cmake_auto/cmake)
[1.679s] -- Found Python3: /usr/bin/python3 (found version "3.10.12") found components: Interpreter 
[1.885s] -- Override CMake install command with custom implementation using symlinks instead of copying resources
[1.996s] -- Found ament_lint_auto: 0.12.15 (/opt/ros/humble/share/ament_lint_auto/cmake)
[2.269s] -- Added test 'lint_cmake' to check CMake code style
[2.273s] -- Added test 'xmllint' to check XML markup files
[2.279s] -- Configuring done
[2.286s] -- Generating done
[2.291s] -- Build files have been written to: /home/bart/goliath_mobile/build/hoverboard_ros2_control
[2.306s] Invoked command in '/home/bart/goliath_mobile/build/hoverboard_ros2_control' returned '0': CMAKE_PREFIX_PATH=${CMAKE_PREFIX_PATH}:/home/bart/goliath_mobile/install/ros2_control_demo_testing:/home/bart/goliath_mobile/install/gripper_description:/opt/ros/humble /usr/bin/cmake /home/bart/goliath_mobile/src/golitath_mobile/hoverboard_ros2_control/hoverboard_ros2_control -DAMENT_CMAKE_SYMLINK_INSTALL=1 -DCMAKE_INSTALL_PREFIX=/home/bart/goliath_mobile/install/hoverboard_ros2_control
[2.307s] Invoking command in '/home/bart/goliath_mobile/build/hoverboard_ros2_control': CMAKE_PREFIX_PATH=${CMAKE_PREFIX_PATH}:/home/bart/goliath_mobile/install/ros2_control_demo_testing:/home/bart/goliath_mobile/install/gripper_description:/opt/ros/humble /usr/bin/cmake --build /home/bart/goliath_mobile/build/hoverboard_ros2_control -- -j4 -l4
[2.400s] Invoked command in '/home/bart/goliath_mobile/build/hoverboard_ros2_control' returned '0': CMAKE_PREFIX_PATH=${CMAKE_PREFIX_PATH}:/home/bart/goliath_mobile/install/ros2_control_demo_testing:/home/bart/goliath_mobile/install/gripper_description:/opt/ros/humble /usr/bin/cmake --build /home/bart/goliath_mobile/build/hoverboard_ros2_control -- -j4 -l4
[2.404s] Invoking command in '/home/bart/goliath_mobile/build/hoverboard_ros2_control': CMAKE_PREFIX_PATH=${CMAKE_PREFIX_PATH}:/home/bart/goliath_mobile/install/ros2_control_demo_testing:/home/bart/goliath_mobile/install/gripper_description:/opt/ros/humble /usr/bin/cmake --install /home/bart/goliath_mobile/build/hoverboard_ros2_control
[2.427s] -- Install configuration: ""
[2.429s] -- Execute custom install script
[2.430s] -- Symlinking: /home/bart/goliath_mobile/install/hoverboard_ros2_control/share/ament_index/resource_index/package_run_dependencies/hoverboard_ros2_control
[2.451s] -- Symlinking: /home/bart/goliath_mobile/install/hoverboard_ros2_control/share/ament_index/resource_index/parent_prefix_path/hoverboard_ros2_control
[2.471s] -- Symlinking: /home/bart/goliath_mobile/install/hoverboard_ros2_control/share/hoverboard_ros2_control/environment/ament_prefix_path.sh
[2.491s] -- Symlinking: /home/bart/goliath_mobile/install/hoverboard_ros2_control/share/hoverboard_ros2_control/environment/ament_prefix_path.dsv
[2.513s] -- Symlinking: /home/bart/goliath_mobile/install/hoverboard_ros2_control/share/hoverboard_ros2_control/environment/path.sh
[2.538s] -- Symlinking: /home/bart/goliath_mobile/install/hoverboard_ros2_control/share/hoverboard_ros2_control/environment/path.dsv
[2.558s] -- Symlinking: /home/bart/goliath_mobile/install/hoverboard_ros2_control/share/hoverboard_ros2_control/local_setup.bash
[2.579s] -- Symlinking: /home/bart/goliath_mobile/install/hoverboard_ros2_control/share/hoverboard_ros2_control/local_setup.sh
[2.599s] -- Symlinking: /home/bart/goliath_mobile/install/hoverboard_ros2_control/share/hoverboard_ros2_control/local_setup.zsh
[2.620s] -- Symlinking: /home/bart/goliath_mobile/install/hoverboard_ros2_control/share/hoverboard_ros2_control/local_setup.dsv
[2.646s] -- Symlinking: /home/bart/goliath_mobile/install/hoverboard_ros2_control/share/hoverboard_ros2_control/package.dsv
[2.667s] -- Symlinking: /home/bart/goliath_mobile/install/hoverboard_ros2_control/share/ament_index/resource_index/packages/hoverboard_ros2_control
[2.689s] -- Symlinking: /home/bart/goliath_mobile/install/hoverboard_ros2_control/share/hoverboard_ros2_control/cmake/hoverboard_ros2_controlConfig.cmake
[2.706s] -- Symlinking: /home/bart/goliath_mobile/install/hoverboard_ros2_control/share/hoverboard_ros2_control/cmake/hoverboard_ros2_controlConfig-version.cmake
[2.731s] -- Symlinking: /home/bart/goliath_mobile/install/hoverboard_ros2_control/share/hoverboard_ros2_control/package.xml
[2.755s] Invoked command in '/home/bart/goliath_mobile/build/hoverboard_ros2_control' returned '0': CMAKE_PREFIX_PATH=${CMAKE_PREFIX_PATH}:/home/bart/goliath_mobile/install/ros2_control_demo_testing:/home/bart/goliath_mobile/install/gripper_description:/opt/ros/humble /usr/bin/cmake --install /home/bart/goliath_mobile/build/hoverboard_ros2_control
