[0.118s] Invoking command in '/home/bart/goliath_mobile/build/arm_move_joy': CMAKE_PREFIX_PATH=${CMAKE_PREFIX_PATH}:/home/bart/goliath_mobile/install/ros2_control_demo_testing:/home/bart/goliath_mobile/install/gripper_description:/opt/ros/humble /usr/bin/cmake --build /home/bart/goliath_mobile/build/arm_move_joy -- -j4 -l4
[0.540s] [100%] Built target move_arm_joy
[0.781s] Invoked command in '/home/bart/goliath_mobile/build/arm_move_joy' returned '0': CMAKE_PREFIX_PATH=${CMAKE_PREFIX_PATH}:/home/bart/goliath_mobile/install/ros2_control_demo_testing:/home/bart/goliath_mobile/install/gripper_description:/opt/ros/humble /usr/bin/cmake --build /home/bart/goliath_mobile/build/arm_move_joy -- -j4 -l4
[0.785s] Invoking command in '/home/bart/goliath_mobile/build/arm_move_joy': CMAKE_PREFIX_PATH=${CMAKE_PREFIX_PATH}:/home/bart/goliath_mobile/install/ros2_control_demo_testing:/home/bart/goliath_mobile/install/gripper_description:/opt/ros/humble /usr/bin/cmake --install /home/bart/goliath_mobile/build/arm_move_joy
[0.800s] -- Install configuration: ""
[0.801s] -- Execute custom install script
[0.803s] -- Up-to-date symlink: /home/bart/goliath_mobile/install/arm_move_joy/lib/arm_move_joy/move_arm_joy
[0.804s] -- Up-to-date symlink: /home/bart/goliath_mobile/install/arm_move_joy/share/ament_index/resource_index/package_run_dependencies/arm_move_joy
[0.805s] -- Up-to-date symlink: /home/bart/goliath_mobile/install/arm_move_joy/share/ament_index/resource_index/parent_prefix_path/arm_move_joy
[0.805s] -- Up-to-date symlink: /home/bart/goliath_mobile/install/arm_move_joy/share/arm_move_joy/environment/ament_prefix_path.sh
[0.805s] -- Up-to-date symlink: /home/bart/goliath_mobile/install/arm_move_joy/share/arm_move_joy/environment/ament_prefix_path.dsv
[0.806s] -- Up-to-date symlink: /home/bart/goliath_mobile/install/arm_move_joy/share/arm_move_joy/environment/path.sh
[0.807s] -- Up-to-date symlink: /home/bart/goliath_mobile/install/arm_move_joy/share/arm_move_joy/environment/path.dsv
[0.808s] -- Up-to-date symlink: /home/bart/goliath_mobile/install/arm_move_joy/share/arm_move_joy/local_setup.bash
[0.808s] -- Up-to-date symlink: /home/bart/goliath_mobile/install/arm_move_joy/share/arm_move_joy/local_setup.sh
[0.810s] -- Up-to-date symlink: /home/bart/goliath_mobile/install/arm_move_joy/share/arm_move_joy/local_setup.zsh
[0.810s] -- Up-to-date symlink: /home/bart/goliath_mobile/install/arm_move_joy/share/arm_move_joy/local_setup.dsv
[0.811s] -- Symlinking: /home/bart/goliath_mobile/install/arm_move_joy/share/arm_move_joy/package.dsv
[0.828s] -- Up-to-date symlink: /home/bart/goliath_mobile/install/arm_move_joy/share/ament_index/resource_index/packages/arm_move_joy
[0.829s] -- Up-to-date symlink: /home/bart/goliath_mobile/install/arm_move_joy/share/arm_move_joy/cmake/arm_move_joyConfig.cmake
[0.830s] -- Up-to-date symlink: /home/bart/goliath_mobile/install/arm_move_joy/share/arm_move_joy/cmake/arm_move_joyConfig-version.cmake
[0.831s] -- Up-to-date symlink: /home/bart/goliath_mobile/install/arm_move_joy/share/arm_move_joy/package.xml
[0.836s] Invoked command in '/home/bart/goliath_mobile/build/arm_move_joy' returned '0': CMAKE_PREFIX_PATH=${CMAKE_PREFIX_PATH}:/home/bart/goliath_mobile/install/ros2_control_demo_testing:/home/bart/goliath_mobile/install/gripper_description:/opt/ros/humble /usr/bin/cmake --install /home/bart/goliath_mobile/build/arm_move_joy
