[0.098s] Invoking command in '/home/bart/goliath_mobile/build/rplidar_ros': CMAKE_PREFIX_PATH=${CMAKE_PREFIX_PATH}:/home/bart/goliath_mobile/install/ros2_control_demo_testing:/home/bart/goliath_mobile/install/gripper_description:/opt/ros/humble /usr/bin/cmake --build /home/bart/goliath_mobile/build/rplidar_ros -- -j4 -l4
[0.302s] [  5%] Built target rplidar_client
[0.324s] [ 52%] Built target rplidar_node
[0.353s] [100%] Built target rplidar_composition
[0.387s] Invoked command in '/home/bart/goliath_mobile/build/rplidar_ros' returned '0': CMAKE_PREFIX_PATH=${CMAKE_PREFIX_PATH}:/home/bart/goliath_mobile/install/ros2_control_demo_testing:/home/bart/goliath_mobile/install/gripper_description:/opt/ros/humble /usr/bin/cmake --build /home/bart/goliath_mobile/build/rplidar_ros -- -j4 -l4
[0.388s] Invoking command in '/home/bart/goliath_mobile/build/rplidar_ros': CMAKE_PREFIX_PATH=${CMAKE_PREFIX_PATH}:/home/bart/goliath_mobile/install/ros2_control_demo_testing:/home/bart/goliath_mobile/install/gripper_description:/opt/ros/humble /usr/bin/cmake --install /home/bart/goliath_mobile/build/rplidar_ros
[0.410s] -- Install configuration: ""
[0.411s] -- Execute custom install script
[0.412s] -- Up-to-date symlink: /home/bart/goliath_mobile/install/rplidar_ros/share/rplidar_ros/launch/rplidar_a1_launch.py
[0.413s] -- Up-to-date symlink: /home/bart/goliath_mobile/install/rplidar_ros/share/rplidar_ros/launch/rplidar_a2m12_launch.py
[0.413s] -- Up-to-date symlink: /home/bart/goliath_mobile/install/rplidar_ros/share/rplidar_ros/launch/rplidar_a2m7_launch.py
[0.414s] -- Up-to-date symlink: /home/bart/goliath_mobile/install/rplidar_ros/share/rplidar_ros/launch/rplidar_a2m8_launch.py
[0.414s] -- Up-to-date symlink: /home/bart/goliath_mobile/install/rplidar_ros/share/rplidar_ros/launch/rplidar_a3_launch.py
[0.415s] -- Up-to-date symlink: /home/bart/goliath_mobile/install/rplidar_ros/share/rplidar_ros/launch/rplidar_c1_launch.py
[0.415s] -- Up-to-date symlink: /home/bart/goliath_mobile/install/rplidar_ros/share/rplidar_ros/launch/rplidar_s1_launch.py
[0.416s] -- Up-to-date symlink: /home/bart/goliath_mobile/install/rplidar_ros/share/rplidar_ros/launch/rplidar_s1_tcp_launch.py
[0.417s] -- Up-to-date symlink: /home/bart/goliath_mobile/install/rplidar_ros/share/rplidar_ros/launch/rplidar_s2_launch.py
[0.417s] -- Up-to-date symlink: /home/bart/goliath_mobile/install/rplidar_ros/share/rplidar_ros/launch/rplidar_s2e_launch.py
[0.418s] -- Up-to-date symlink: /home/bart/goliath_mobile/install/rplidar_ros/share/rplidar_ros/launch/rplidar_s3_launch.py
[0.419s] -- Up-to-date symlink: /home/bart/goliath_mobile/install/rplidar_ros/share/rplidar_ros/launch/rplidar_t1_launch.py
[0.419s] -- Up-to-date symlink: /home/bart/goliath_mobile/install/rplidar_ros/share/rplidar_ros/launch/view_rplidar_a1_launch.py
[0.422s] -- Up-to-date symlink: /home/bart/goliath_mobile/install/rplidar_ros/share/rplidar_ros/launch/view_rplidar_a2m12_launch.py
[0.422s] -- Up-to-date symlink: /home/bart/goliath_mobile/install/rplidar_ros/share/rplidar_ros/launch/view_rplidar_a2m7_launch.py
[0.423s] -- Up-to-date symlink: /home/bart/goliath_mobile/install/rplidar_ros/share/rplidar_ros/launch/view_rplidar_a2m8_launch.py
[0.424s] -- Up-to-date symlink: /home/bart/goliath_mobile/install/rplidar_ros/share/rplidar_ros/launch/view_rplidar_a3_launch.py
[0.425s] -- Up-to-date symlink: /home/bart/goliath_mobile/install/rplidar_ros/share/rplidar_ros/launch/view_rplidar_c1_launch.py
[0.427s] -- Up-to-date symlink: /home/bart/goliath_mobile/install/rplidar_ros/share/rplidar_ros/launch/view_rplidar_s1_launch.py
[0.427s] -- Up-to-date symlink: /home/bart/goliath_mobile/install/rplidar_ros/share/rplidar_ros/launch/view_rplidar_s1_tcp_launch.py
[0.427s] -- Up-to-date symlink: /home/bart/goliath_mobile/install/rplidar_ros/share/rplidar_ros/launch/view_rplidar_s2_launch.py
[0.427s] -- Up-to-date symlink: /home/bart/goliath_mobile/install/rplidar_ros/share/rplidar_ros/launch/view_rplidar_s2e_launch.py
[0.427s] -- Up-to-date symlink: /home/bart/goliath_mobile/install/rplidar_ros/share/rplidar_ros/launch/view_rplidar_s3_launch.py
[0.428s] -- Up-to-date symlink: /home/bart/goliath_mobile/install/rplidar_ros/share/rplidar_ros/launch/view_rplidar_t1_launch.py
[0.428s] -- Up-to-date symlink: /home/bart/goliath_mobile/install/rplidar_ros/share/rplidar_ros/rviz/rplidar_ros.rviz
[0.428s] -- Up-to-date symlink: /home/bart/goliath_mobile/install/rplidar_ros/lib/rplidar_ros/rplidar_node
[0.428s] -- Up-to-date symlink: /home/bart/goliath_mobile/install/rplidar_ros/lib/rplidar_ros/rplidar_composition
[0.428s] -- Up-to-date symlink: /home/bart/goliath_mobile/install/rplidar_ros/lib/rplidar_ros/rplidar_client
[0.428s] -- Up-to-date symlink: /home/bart/goliath_mobile/install/rplidar_ros/share/ament_index/resource_index/package_run_dependencies/rplidar_ros
[0.429s] -- Up-to-date symlink: /home/bart/goliath_mobile/install/rplidar_ros/share/ament_index/resource_index/parent_prefix_path/rplidar_ros
[0.429s] -- Up-to-date symlink: /home/bart/goliath_mobile/install/rplidar_ros/share/rplidar_ros/environment/ament_prefix_path.sh
[0.429s] -- Up-to-date symlink: /home/bart/goliath_mobile/install/rplidar_ros/share/rplidar_ros/environment/ament_prefix_path.dsv
[0.429s] -- Up-to-date symlink: /home/bart/goliath_mobile/install/rplidar_ros/share/rplidar_ros/environment/path.sh
[0.431s] -- Up-to-date symlink: /home/bart/goliath_mobile/install/rplidar_ros/share/rplidar_ros/environment/path.dsv
[0.431s] -- Up-to-date symlink: /home/bart/goliath_mobile/install/rplidar_ros/share/rplidar_ros/local_setup.bash
[0.432s] -- Up-to-date symlink: /home/bart/goliath_mobile/install/rplidar_ros/share/rplidar_ros/local_setup.sh
[0.433s] -- Up-to-date symlink: /home/bart/goliath_mobile/install/rplidar_ros/share/rplidar_ros/local_setup.zsh
[0.433s] -- Up-to-date symlink: /home/bart/goliath_mobile/install/rplidar_ros/share/rplidar_ros/local_setup.dsv
[0.433s] -- Symlinking: /home/bart/goliath_mobile/install/rplidar_ros/share/rplidar_ros/package.dsv
[0.451s] -- Up-to-date symlink: /home/bart/goliath_mobile/install/rplidar_ros/share/ament_index/resource_index/packages/rplidar_ros
[0.451s] -- Up-to-date symlink: /home/bart/goliath_mobile/install/rplidar_ros/share/rplidar_ros/cmake/ament_cmake_export_dependencies-extras.cmake
[0.452s] -- Up-to-date symlink: /home/bart/goliath_mobile/install/rplidar_ros/share/rplidar_ros/cmake/ament_cmake_export_include_directories-extras.cmake
[0.452s] -- Up-to-date symlink: /home/bart/goliath_mobile/install/rplidar_ros/share/rplidar_ros/cmake/rplidar_rosConfig.cmake
[0.452s] -- Up-to-date symlink: /home/bart/goliath_mobile/install/rplidar_ros/share/rplidar_ros/cmake/rplidar_rosConfig-version.cmake
[0.452s] -- Up-to-date symlink: /home/bart/goliath_mobile/install/rplidar_ros/share/rplidar_ros/package.xml
[0.504s] Invoked command in '/home/bart/goliath_mobile/build/rplidar_ros' returned '0': CMAKE_PREFIX_PATH=${CMAKE_PREFIX_PATH}:/home/bart/goliath_mobile/install/ros2_control_demo_testing:/home/bart/goliath_mobile/install/gripper_description:/opt/ros/humble /usr/bin/cmake --install /home/bart/goliath_mobile/build/rplidar_ros
