[0.080s] Invoking command in '/home/bart/goliath_mobile/build/rplidar_ros': CMAKE_PREFIX_PATH=${CMAKE_PREFIX_PATH}:/home/bart/goliath_mobile/install/ros2_control_demo_testing:/home/bart/goliath_mobile/install/gripper_description:/opt/ros/humble /usr/bin/cmake --build /home/bart/goliath_mobile/build/rplidar_ros -- -j4 -l4
[0.201s] [35m[1mConsolidate compiler generated dependencies of target rplidar_client[0m
[0.224s] [35m[1mConsolidate compiler generated dependencies of target rplidar_node[0m
[0.243s] [35m[1mConsolidate compiler generated dependencies of target rplidar_composition[0m
[0.287s] [  5%] Built target rplidar_client
[0.360s] [ 52%] Built target rplidar_node
[0.376s] [100%] Built target rplidar_composition
[0.417s] Invoked command in '/home/bart/goliath_mobile/build/rplidar_ros' returned '0': CMAKE_PREFIX_PATH=${CMAKE_PREFIX_PATH}:/home/bart/goliath_mobile/install/ros2_control_demo_testing:/home/bart/goliath_mobile/install/gripper_description:/opt/ros/humble /usr/bin/cmake --build /home/bart/goliath_mobile/build/rplidar_ros -- -j4 -l4
[0.418s] Invoking command in '/home/bart/goliath_mobile/build/rplidar_ros': CMAKE_PREFIX_PATH=${CMAKE_PREFIX_PATH}:/home/bart/goliath_mobile/install/ros2_control_demo_testing:/home/bart/goliath_mobile/install/gripper_description:/opt/ros/humble /usr/bin/cmake --install /home/bart/goliath_mobile/build/rplidar_ros
[0.434s] -- Install configuration: ""
[0.434s] -- Execute custom install script
[0.437s] -- Up-to-date symlink: /home/bart/goliath_mobile/install/rplidar_ros/share/rplidar_ros/launch/rplidar_a1_launch.py
[0.438s] -- Up-to-date symlink: /home/bart/goliath_mobile/install/rplidar_ros/share/rplidar_ros/launch/rplidar_a2m12_launch.py
[0.439s] -- Up-to-date symlink: /home/bart/goliath_mobile/install/rplidar_ros/share/rplidar_ros/launch/rplidar_a2m7_launch.py
[0.439s] -- Up-to-date symlink: /home/bart/goliath_mobile/install/rplidar_ros/share/rplidar_ros/launch/rplidar_a2m8_launch.py
[0.445s] -- Up-to-date symlink: /home/bart/goliath_mobile/install/rplidar_ros/share/rplidar_ros/launch/rplidar_a3_launch.py
[0.446s] -- Up-to-date symlink: /home/bart/goliath_mobile/install/rplidar_ros/share/rplidar_ros/launch/rplidar_c1_launch.py
[0.446s] -- Up-to-date symlink: /home/bart/goliath_mobile/install/rplidar_ros/share/rplidar_ros/launch/rplidar_s1_launch.py
[0.453s] -- Up-to-date symlink: /home/bart/goliath_mobile/install/rplidar_ros/share/rplidar_ros/launch/rplidar_s1_tcp_launch.py
[0.453s] -- Up-to-date symlink: /home/bart/goliath_mobile/install/rplidar_ros/share/rplidar_ros/launch/rplidar_s2_launch.py
[0.454s] -- Up-to-date symlink: /home/bart/goliath_mobile/install/rplidar_ros/share/rplidar_ros/launch/rplidar_s2e_launch.py
[0.454s] -- Up-to-date symlink: /home/bart/goliath_mobile/install/rplidar_ros/share/rplidar_ros/launch/rplidar_s3_launch.py
[0.454s] -- Up-to-date symlink: /home/bart/goliath_mobile/install/rplidar_ros/share/rplidar_ros/launch/rplidar_t1_launch.py
[0.454s] -- Up-to-date symlink: /home/bart/goliath_mobile/install/rplidar_ros/share/rplidar_ros/launch/view_rplidar_a1_launch.py
[0.454s] -- Up-to-date symlink: /home/bart/goliath_mobile/install/rplidar_ros/share/rplidar_ros/launch/view_rplidar_a2m12_launch.py
[0.455s] -- Up-to-date symlink: /home/bart/goliath_mobile/install/rplidar_ros/share/rplidar_ros/launch/view_rplidar_a2m7_launch.py
[0.455s] -- Up-to-date symlink: /home/bart/goliath_mobile/install/rplidar_ros/share/rplidar_ros/launch/view_rplidar_a2m8_launch.py
[0.455s] -- Up-to-date symlink: /home/bart/goliath_mobile/install/rplidar_ros/share/rplidar_ros/launch/view_rplidar_a3_launch.py
[0.455s] -- Up-to-date symlink: /home/bart/goliath_mobile/install/rplidar_ros/share/rplidar_ros/launch/view_rplidar_c1_launch.py
[0.455s] -- Up-to-date symlink: /home/bart/goliath_mobile/install/rplidar_ros/share/rplidar_ros/launch/view_rplidar_s1_launch.py
[0.455s] -- Up-to-date symlink: /home/bart/goliath_mobile/install/rplidar_ros/share/rplidar_ros/launch/view_rplidar_s1_tcp_launch.py
[0.458s] -- Up-to-date symlink: /home/bart/goliath_mobile/install/rplidar_ros/share/rplidar_ros/launch/view_rplidar_s2_launch.py
[0.464s] -- Up-to-date symlink: /home/bart/goliath_mobile/install/rplidar_ros/share/rplidar_ros/launch/view_rplidar_s2e_launch.py
[0.464s] -- Up-to-date symlink: /home/bart/goliath_mobile/install/rplidar_ros/share/rplidar_ros/launch/view_rplidar_s3_launch.py
[0.465s] -- Up-to-date symlink: /home/bart/goliath_mobile/install/rplidar_ros/share/rplidar_ros/launch/view_rplidar_t1_launch.py
[0.465s] -- Up-to-date symlink: /home/bart/goliath_mobile/install/rplidar_ros/share/rplidar_ros/rviz/rplidar_ros.rviz
[0.465s] -- Up-to-date symlink: /home/bart/goliath_mobile/install/rplidar_ros/lib/rplidar_ros/rplidar_node
[0.465s] -- Up-to-date symlink: /home/bart/goliath_mobile/install/rplidar_ros/lib/rplidar_ros/rplidar_composition
[0.465s] -- Up-to-date symlink: /home/bart/goliath_mobile/install/rplidar_ros/lib/rplidar_ros/rplidar_client
[0.467s] -- Up-to-date symlink: /home/bart/goliath_mobile/install/rplidar_ros/share/ament_index/resource_index/package_run_dependencies/rplidar_ros
[0.472s] -- Up-to-date symlink: /home/bart/goliath_mobile/install/rplidar_ros/share/ament_index/resource_index/parent_prefix_path/rplidar_ros
[0.472s] -- Up-to-date symlink: /home/bart/goliath_mobile/install/rplidar_ros/share/rplidar_ros/environment/ament_prefix_path.sh
[0.473s] -- Up-to-date symlink: /home/bart/goliath_mobile/install/rplidar_ros/share/rplidar_ros/environment/ament_prefix_path.dsv
[0.473s] -- Up-to-date symlink: /home/bart/goliath_mobile/install/rplidar_ros/share/rplidar_ros/environment/path.sh
[0.473s] -- Up-to-date symlink: /home/bart/goliath_mobile/install/rplidar_ros/share/rplidar_ros/environment/path.dsv
[0.473s] -- Up-to-date symlink: /home/bart/goliath_mobile/install/rplidar_ros/share/rplidar_ros/local_setup.bash
[0.474s] -- Up-to-date symlink: /home/bart/goliath_mobile/install/rplidar_ros/share/rplidar_ros/local_setup.sh
[0.474s] -- Up-to-date symlink: /home/bart/goliath_mobile/install/rplidar_ros/share/rplidar_ros/local_setup.zsh
[0.474s] -- Up-to-date symlink: /home/bart/goliath_mobile/install/rplidar_ros/share/rplidar_ros/local_setup.dsv
[0.474s] -- Symlinking: /home/bart/goliath_mobile/install/rplidar_ros/share/rplidar_ros/package.dsv
[0.489s] -- Up-to-date symlink: /home/bart/goliath_mobile/install/rplidar_ros/share/ament_index/resource_index/packages/rplidar_ros
[0.490s] -- Up-to-date symlink: /home/bart/goliath_mobile/install/rplidar_ros/share/rplidar_ros/cmake/ament_cmake_export_dependencies-extras.cmake
[0.490s] -- Up-to-date symlink: /home/bart/goliath_mobile/install/rplidar_ros/share/rplidar_ros/cmake/ament_cmake_export_include_directories-extras.cmake
[0.490s] -- Up-to-date symlink: /home/bart/goliath_mobile/install/rplidar_ros/share/rplidar_ros/cmake/rplidar_rosConfig.cmake
[0.491s] -- Up-to-date symlink: /home/bart/goliath_mobile/install/rplidar_ros/share/rplidar_ros/cmake/rplidar_rosConfig-version.cmake
[0.491s] -- Up-to-date symlink: /home/bart/goliath_mobile/install/rplidar_ros/share/rplidar_ros/package.xml
[0.540s] Invoked command in '/home/bart/goliath_mobile/build/rplidar_ros' returned '0': CMAKE_PREFIX_PATH=${CMAKE_PREFIX_PATH}:/home/bart/goliath_mobile/install/ros2_control_demo_testing:/home/bart/goliath_mobile/install/gripper_description:/opt/ros/humble /usr/bin/cmake --install /home/bart/goliath_mobile/build/rplidar_ros
