[ 40%] Built target send_trajectory
[100%] Built target goliath_controller
-- Install configuration: ""
-- Execute custom install script
-- Up-to-date symlink: /home/bart/goliath_mobile/install/goliath_controller/share/goliath_controller//goliath_controller.xml
-- Up-to-date symlink: /home/bart/goliath_mobile/install/goliath_controller/share/goliath_controller//goliath_controller.xml
-- Up-to-date symlink: /home/bart/goliath_mobile/install/goliath_controller/include/goliath_controller/goliath_controller/goliath_hardware.hpp
-- Up-to-date symlink: /home/bart/goliath_mobile/install/goliath_controller/share/goliath_controller/launch/view_goliath.launch.py
-- Up-to-date symlink: /home/bart/goliath_mobile/install/goliath_controller/share/goliath_controller/ros2_control/goliath.ros2_control.xacro
-- Up-to-date symlink: /home/bart/goliath_mobile/install/goliath_controller/share/goliath_controller/urdf/goliath.urdf.xacro
-- Up-to-date symlink: /home/bart/goliath_mobile/install/goliath_controller/share/goliath_controller/urdf/macros.xacro
-- Up-to-date symlink: /home/bart/goliath_mobile/install/goliath_controller/share/goliath_controller/urdf/materials.xacro
-- Up-to-date symlink: /home/bart/goliath_mobile/install/goliath_controller/share/goliath_controller/urdf/wheels.xacro
-- Up-to-date symlink: /home/bart/goliath_mobile/install/goliath_controller/share/goliath_controller/launch/arm_move_joy.py
-- Up-to-date symlink: /home/bart/goliath_mobile/install/goliath_controller/share/goliath_controller/launch/goliath_controller.launch.py
-- Up-to-date symlink: /home/bart/goliath_mobile/install/goliath_controller/share/goliath_controller/launch/goliath_slam.launch.py
-- Up-to-date symlink: /home/bart/goliath_mobile/install/goliath_controller/share/goliath_controller/launch/send_trajectory.launch.py
-- Up-to-date symlink: /home/bart/goliath_mobile/install/goliath_controller/share/goliath_controller/config/goliath_controller.yaml
-- Up-to-date symlink: /home/bart/goliath_mobile/install/goliath_controller/share/goliath_controller/config/mapper_params_online_async.yaml
-- Up-to-date symlink: /home/bart/goliath_mobile/install/goliath_controller/share/goliath_controller/config/ps5_controller.yaml
-- Up-to-date symlink: /home/bart/goliath_mobile/install/goliath_controller/share/goliath_controller/config/twist_mux.yaml
-- Up-to-date symlink: /home/bart/goliath_mobile/install/goliath_controller/lib/goliath_controller/send_trajectory
-- Up-to-date symlink: /home/bart/goliath_mobile/install/goliath_controller/share/goliath_controller/environment/library_path.sh
-- Up-to-date symlink: /home/bart/goliath_mobile/install/goliath_controller/share/goliath_controller/environment/library_path.dsv
-- Up-to-date symlink: /home/bart/goliath_mobile/install/goliath_controller/share/ament_index/resource_index/package_run_dependencies/goliath_controller
-- Up-to-date symlink: /home/bart/goliath_mobile/install/goliath_controller/share/ament_index/resource_index/parent_prefix_path/goliath_controller
-- Up-to-date symlink: /home/bart/goliath_mobile/install/goliath_controller/share/goliath_controller/environment/ament_prefix_path.sh
-- Up-to-date symlink: /home/bart/goliath_mobile/install/goliath_controller/share/goliath_controller/environment/ament_prefix_path.dsv
-- Up-to-date symlink: /home/bart/goliath_mobile/install/goliath_controller/share/goliath_controller/environment/path.sh
-- Up-to-date symlink: /home/bart/goliath_mobile/install/goliath_controller/share/goliath_controller/environment/path.dsv
-- Up-to-date symlink: /home/bart/goliath_mobile/install/goliath_controller/share/goliath_controller/local_setup.bash
-- Up-to-date symlink: /home/bart/goliath_mobile/install/goliath_controller/share/goliath_controller/local_setup.sh
-- Up-to-date symlink: /home/bart/goliath_mobile/install/goliath_controller/share/goliath_controller/local_setup.zsh
-- Up-to-date symlink: /home/bart/goliath_mobile/install/goliath_controller/share/goliath_controller/local_setup.dsv
-- Symlinking: /home/bart/goliath_mobile/install/goliath_controller/share/goliath_controller/package.dsv
-- Up-to-date symlink: /home/bart/goliath_mobile/install/goliath_controller/share/ament_index/resource_index/packages/goliath_controller
-- Up-to-date symlink: /home/bart/goliath_mobile/install/goliath_controller/share/ament_index/resource_index/hardware_interface__pluginlib__plugin/goliath_controller
-- Up-to-date symlink: /home/bart/goliath_mobile/install/goliath_controller/share/ament_index/resource_index/controller_interface__pluginlib__plugin/goliath_controller
-- Up-to-date symlink: /home/bart/goliath_mobile/install/goliath_controller/share/goliath_controller/cmake/ament_cmake_export_targets-extras.cmake
-- Up-to-date symlink: /home/bart/goliath_mobile/install/goliath_controller/share/goliath_controller/cmake/ament_cmake_export_dependencies-extras.cmake
-- Up-to-date symlink: /home/bart/goliath_mobile/install/goliath_controller/share/goliath_controller/cmake/goliath_controllerConfig.cmake
-- Up-to-date symlink: /home/bart/goliath_mobile/install/goliath_controller/share/goliath_controller/cmake/goliath_controllerConfig-version.cmake
-- Up-to-date symlink: /home/bart/goliath_mobile/install/goliath_controller/share/goliath_controller/package.xml
-- Up-to-date: /home/bart/goliath_mobile/install/goliath_controller/lib/libgoliath_controller.so
-- Up-to-date: /home/bart/goliath_mobile/install/goliath_controller/share/goliath_controller/cmake/export_goliath_controllerExport.cmake
-- Up-to-date: /home/bart/goliath_mobile/install/goliath_controller/share/goliath_controller/cmake/export_goliath_controllerExport-noconfig.cmake
