[35m[1mConsolidate compiler generated dependencies of target commander[0m
[35m[1mConsolidate compiler generated dependencies of target test_moveit[0m
[ 50%] Built target test_moveit
[100%] Built target commander
-- Install configuration: ""
-- Execute custom install script
-- Up-to-date symlink: /home/bart/goliath_mobile/install/goliath_commander_cpp/lib/goliath_commander_cpp//test_moveit
-- Up-to-date symlink: /home/bart/goliath_mobile/install/goliath_commander_cpp/lib/goliath_commander_cpp//commander
-- Up-to-date symlink: /home/bart/goliath_mobile/install/goliath_commander_cpp/share/ament_index/resource_index/package_run_dependencies/goliath_commander_cpp
-- Up-to-date symlink: /home/bart/goliath_mobile/install/goliath_commander_cpp/share/ament_index/resource_index/parent_prefix_path/goliath_commander_cpp
-- Up-to-date symlink: /home/bart/goliath_mobile/install/goliath_commander_cpp/share/goliath_commander_cpp/environment/ament_prefix_path.sh
-- Up-to-date symlink: /home/bart/goliath_mobile/install/goliath_commander_cpp/share/goliath_commander_cpp/environment/ament_prefix_path.dsv
-- Up-to-date symlink: /home/bart/goliath_mobile/install/goliath_commander_cpp/share/goliath_commander_cpp/environment/path.sh
-- Up-to-date symlink: /home/bart/goliath_mobile/install/goliath_commander_cpp/share/goliath_commander_cpp/environment/path.dsv
-- Up-to-date symlink: /home/bart/goliath_mobile/install/goliath_commander_cpp/share/goliath_commander_cpp/local_setup.bash
-- Up-to-date symlink: /home/bart/goliath_mobile/install/goliath_commander_cpp/share/goliath_commander_cpp/local_setup.sh
-- Up-to-date symlink: /home/bart/goliath_mobile/install/goliath_commander_cpp/share/goliath_commander_cpp/local_setup.zsh
-- Up-to-date symlink: /home/bart/goliath_mobile/install/goliath_commander_cpp/share/goliath_commander_cpp/local_setup.dsv
-- Symlinking: /home/bart/goliath_mobile/install/goliath_commander_cpp/share/goliath_commander_cpp/package.dsv
-- Up-to-date symlink: /home/bart/goliath_mobile/install/goliath_commander_cpp/share/ament_index/resource_index/packages/goliath_commander_cpp
-- Up-to-date symlink: /home/bart/goliath_mobile/install/goliath_commander_cpp/share/goliath_commander_cpp/cmake/goliath_commander_cppConfig.cmake
-- Up-to-date symlink: /home/bart/goliath_mobile/install/goliath_commander_cpp/share/goliath_commander_cpp/cmake/goliath_commander_cppConfig-version.cmake
-- Up-to-date symlink: /home/bart/goliath_mobile/install/goliath_commander_cpp/share/goliath_commander_cpp/package.xml
