-- Install configuration: ""
-- Execute custom install script
-- Up-to-date symlink: /home/bart/goliath_mobile/install/hoverboard_demo_description/share/hoverboard_demo_description/urdf/hoverboard_description.xacro
-- Up-to-date symlink: /home/bart/goliath_mobile/install/hoverboard_demo_description/share/hoverboard_demo_description/urdf/macros.xacro
-- Up-to-date symlink: /home/bart/goliath_mobile/install/hoverboard_demo_description/share/hoverboard_demo_description/urdf/materials.xacro
-- Up-to-date symlink: /home/bart/goliath_mobile/install/hoverboard_demo_description/share/hoverboard_demo_description/urdf/ros2_control.xacro
-- Up-to-date symlink: /home/bart/goliath_mobile/install/hoverboard_demo_description/share/hoverboard_demo_description/urdf/wheels.xacro
-- Up-to-date symlink: /home/bart/goliath_mobile/install/hoverboard_demo_description/share/hoverboard_demo_description/rviz/hoverboard.rviz
-- Up-to-date symlink: /home/bart/goliath_mobile/install/hoverboard_demo_description/share/hoverboard_demo_description/meshes/base_link.stl
-- Up-to-date symlink: /home/bart/goliath_mobile/install/hoverboard_demo_description/share/hoverboard_demo_description/meshes/front_plate.stl
-- Up-to-date symlink: /home/bart/goliath_mobile/install/hoverboard_demo_description/share/hoverboard_demo_description/meshes/imu.stl
-- Up-to-date symlink: /home/bart/goliath_mobile/install/hoverboard_demo_description/share/hoverboard_demo_description/meshes/jetson.stl
-- Up-to-date symlink: /home/bart/goliath_mobile/install/hoverboard_demo_description/share/hoverboard_demo_description/meshes/left_back_wheel.stl
-- Up-to-date symlink: /home/bart/goliath_mobile/install/hoverboard_demo_description/share/hoverboard_demo_description/meshes/left_front_wheel.stl
-- Up-to-date symlink: /home/bart/goliath_mobile/install/hoverboard_demo_description/share/hoverboard_demo_description/meshes/left_plate.stl
-- Up-to-date symlink: /home/bart/goliath_mobile/install/hoverboard_demo_description/share/hoverboard_demo_description/meshes/lidar.stl
-- Up-to-date symlink: /home/bart/goliath_mobile/install/hoverboard_demo_description/share/hoverboard_demo_description/meshes/logo1.stl
-- Up-to-date symlink: /home/bart/goliath_mobile/install/hoverboard_demo_description/share/hoverboard_demo_description/meshes/logo2.stl
-- Up-to-date symlink: /home/bart/goliath_mobile/install/hoverboard_demo_description/share/hoverboard_demo_description/meshes/mount_link.stl
-- Up-to-date symlink: /home/bart/goliath_mobile/install/hoverboard_demo_description/share/hoverboard_demo_description/meshes/plate.stl
-- Up-to-date symlink: /home/bart/goliath_mobile/install/hoverboard_demo_description/share/hoverboard_demo_description/meshes/rear_plate.stl
-- Up-to-date symlink: /home/bart/goliath_mobile/install/hoverboard_demo_description/share/hoverboard_demo_description/meshes/right_back_wheel.stl
-- Up-to-date symlink: /home/bart/goliath_mobile/install/hoverboard_demo_description/share/hoverboard_demo_description/meshes/right_front_wheel.stl
-- Up-to-date symlink: /home/bart/goliath_mobile/install/hoverboard_demo_description/share/hoverboard_demo_description/meshes/right_plate.stl
-- Up-to-date symlink: /home/bart/goliath_mobile/install/hoverboard_demo_description/share/hoverboard_demo_description/meshes/top_cover.stl
-- Up-to-date symlink: /home/bart/goliath_mobile/install/hoverboard_demo_description/share/hoverboard_demo_description/meshes/zed_mini.stl
-- Up-to-date symlink: /home/bart/goliath_mobile/install/hoverboard_demo_description/share/ament_index/resource_index/package_run_dependencies/hoverboard_demo_description
-- Up-to-date symlink: /home/bart/goliath_mobile/install/hoverboard_demo_description/share/ament_index/resource_index/parent_prefix_path/hoverboard_demo_description
-- Up-to-date symlink: /home/bart/goliath_mobile/install/hoverboard_demo_description/share/hoverboard_demo_description/environment/ament_prefix_path.sh
-- Up-to-date symlink: /home/bart/goliath_mobile/install/hoverboard_demo_description/share/hoverboard_demo_description/environment/ament_prefix_path.dsv
-- Up-to-date symlink: /home/bart/goliath_mobile/install/hoverboard_demo_description/share/hoverboard_demo_description/environment/path.sh
-- Up-to-date symlink: /home/bart/goliath_mobile/install/hoverboard_demo_description/share/hoverboard_demo_description/environment/path.dsv
-- Up-to-date symlink: /home/bart/goliath_mobile/install/hoverboard_demo_description/share/hoverboard_demo_description/local_setup.bash
-- Up-to-date symlink: /home/bart/goliath_mobile/install/hoverboard_demo_description/share/hoverboard_demo_description/local_setup.sh
-- Up-to-date symlink: /home/bart/goliath_mobile/install/hoverboard_demo_description/share/hoverboard_demo_description/local_setup.zsh
-- Up-to-date symlink: /home/bart/goliath_mobile/install/hoverboard_demo_description/share/hoverboard_demo_description/local_setup.dsv
-- Symlinking: /home/bart/goliath_mobile/install/hoverboard_demo_description/share/hoverboard_demo_description/package.dsv
-- Up-to-date symlink: /home/bart/goliath_mobile/install/hoverboard_demo_description/share/ament_index/resource_index/packages/hoverboard_demo_description
-- Up-to-date symlink: /home/bart/goliath_mobile/install/hoverboard_demo_description/share/hoverboard_demo_description/cmake/hoverboard_demo_descriptionConfig.cmake
-- Up-to-date symlink: /home/bart/goliath_mobile/install/hoverboard_demo_description/share/hoverboard_demo_description/cmake/hoverboard_demo_descriptionConfig-version.cmake
-- Up-to-date symlink: /home/bart/goliath_mobile/install/hoverboard_demo_description/share/hoverboard_demo_description/package.xml
