[0.037s] Invoking command in '/home/bart/goliath_mobile/build/hoverboard_ros2_control': CMAKE_PREFIX_PATH=${CMAKE_PREFIX_PATH}:/home/bart/goliath_mobile/install/ros2_control_demo_testing:/home/bart/goliath_mobile/install/gripper_description:/opt/ros/humble /usr/bin/cmake --build /home/bart/goliath_mobile/build/hoverboard_ros2_control -- -j4 -l4
[0.154s] Invoked command in '/home/bart/goliath_mobile/build/hoverboard_ros2_control' returned '0': CMAKE_PREFIX_PATH=${CMAKE_PREFIX_PATH}:/home/bart/goliath_mobile/install/ros2_control_demo_testing:/home/bart/goliath_mobile/install/gripper_description:/opt/ros/humble /usr/bin/cmake --build /home/bart/goliath_mobile/build/hoverboard_ros2_control -- -j4 -l4
[0.160s] Invoking command in '/home/bart/goliath_mobile/build/hoverboard_ros2_control': CMAKE_PREFIX_PATH=${CMAKE_PREFIX_PATH}:/home/bart/goliath_mobile/install/ros2_control_demo_testing:/home/bart/goliath_mobile/install/gripper_description:/opt/ros/humble /usr/bin/cmake --install /home/bart/goliath_mobile/build/hoverboard_ros2_control
[0.177s] -- Install configuration: ""
[0.178s] -- Execute custom install script
[0.178s] -- Up-to-date symlink: /home/bart/goliath_mobile/install/hoverboard_ros2_control/share/ament_index/resource_index/package_run_dependencies/hoverboard_ros2_control
[0.178s] -- Up-to-date symlink: /home/bart/goliath_mobile/install/hoverboard_ros2_control/share/ament_index/resource_index/parent_prefix_path/hoverboard_ros2_control
[0.180s] -- Up-to-date symlink: /home/bart/goliath_mobile/install/hoverboard_ros2_control/share/hoverboard_ros2_control/environment/ament_prefix_path.sh
[0.181s] -- Up-to-date symlink: /home/bart/goliath_mobile/install/hoverboard_ros2_control/share/hoverboard_ros2_control/environment/ament_prefix_path.dsv
[0.181s] -- Up-to-date symlink: /home/bart/goliath_mobile/install/hoverboard_ros2_control/share/hoverboard_ros2_control/environment/path.sh
[0.181s] -- Up-to-date symlink: /home/bart/goliath_mobile/install/hoverboard_ros2_control/share/hoverboard_ros2_control/environment/path.dsv
[0.181s] -- Up-to-date symlink: /home/bart/goliath_mobile/install/hoverboard_ros2_control/share/hoverboard_ros2_control/local_setup.bash
[0.181s] -- Up-to-date symlink: /home/bart/goliath_mobile/install/hoverboard_ros2_control/share/hoverboard_ros2_control/local_setup.sh
[0.182s] -- Up-to-date symlink: /home/bart/goliath_mobile/install/hoverboard_ros2_control/share/hoverboard_ros2_control/local_setup.zsh
[0.182s] -- Up-to-date symlink: /home/bart/goliath_mobile/install/hoverboard_ros2_control/share/hoverboard_ros2_control/local_setup.dsv
[0.182s] -- Symlinking: /home/bart/goliath_mobile/install/hoverboard_ros2_control/share/hoverboard_ros2_control/package.dsv
[0.205s] -- Up-to-date symlink: /home/bart/goliath_mobile/install/hoverboard_ros2_control/share/ament_index/resource_index/packages/hoverboard_ros2_control
[0.206s] -- Up-to-date symlink: /home/bart/goliath_mobile/install/hoverboard_ros2_control/share/hoverboard_ros2_control/cmake/hoverboard_ros2_controlConfig.cmake
[0.206s] -- Up-to-date symlink: /home/bart/goliath_mobile/install/hoverboard_ros2_control/share/hoverboard_ros2_control/cmake/hoverboard_ros2_controlConfig-version.cmake
[0.209s] -- Up-to-date symlink: /home/bart/goliath_mobile/install/hoverboard_ros2_control/share/hoverboard_ros2_control/package.xml
[0.217s] Invoked command in '/home/bart/goliath_mobile/build/hoverboard_ros2_control' returned '0': CMAKE_PREFIX_PATH=${CMAKE_PREFIX_PATH}:/home/bart/goliath_mobile/install/ros2_control_demo_testing:/home/bart/goliath_mobile/install/gripper_description:/opt/ros/humble /usr/bin/cmake --install /home/bart/goliath_mobile/build/hoverboard_ros2_control
