[0.049s] Invoking command in '/home/bart/goliath_mobile/build/ros2_control_demo_description': CMAKE_PREFIX_PATH=${CMAKE_PREFIX_PATH}:/home/bart/goliath_mobile/install/ros2_control_demo_testing:/home/bart/goliath_mobile/install/gripper_description:/opt/ros/humble /usr/bin/cmake --build /home/bart/goliath_mobile/build/ros2_control_demo_description -- -j4 -l4
[0.503s] Invoked command in '/home/bart/goliath_mobile/build/ros2_control_demo_description' returned '0': CMAKE_PREFIX_PATH=${CMAKE_PREFIX_PATH}:/home/bart/goliath_mobile/install/ros2_control_demo_testing:/home/bart/goliath_mobile/install/gripper_description:/opt/ros/humble /usr/bin/cmake --build /home/bart/goliath_mobile/build/ros2_control_demo_description -- -j4 -l4
[0.518s] Invoking command in '/home/bart/goliath_mobile/build/ros2_control_demo_description': CMAKE_PREFIX_PATH=${CMAKE_PREFIX_PATH}:/home/bart/goliath_mobile/install/ros2_control_demo_testing:/home/bart/goliath_mobile/install/gripper_description:/opt/ros/humble /usr/bin/cmake --install /home/bart/goliath_mobile/build/ros2_control_demo_description
[0.534s] -- Install configuration: ""
[0.536s] -- Execute custom install script
[0.537s] -- Up-to-date symlink: /home/bart/goliath_mobile/install/ros2_control_demo_description/share/ros2_control_demo_description/goliath/meshes/collision/base_link.stl
[0.538s] -- Up-to-date symlink: /home/bart/goliath_mobile/install/ros2_control_demo_description/share/ros2_control_demo_description/goliath/meshes/collision/link_0.stl
[0.539s] -- Up-to-date symlink: /home/bart/goliath_mobile/install/ros2_control_demo_description/share/ros2_control_demo_description/goliath/meshes/collision/link_1.stl
[0.540s] -- Up-to-date symlink: /home/bart/goliath_mobile/install/ros2_control_demo_description/share/ros2_control_demo_description/goliath/meshes/collision/link_2.stl
[0.540s] -- Up-to-date symlink: /home/bart/goliath_mobile/install/ros2_control_demo_description/share/ros2_control_demo_description/goliath/meshes/collision/link_3.stl
[0.541s] -- Up-to-date symlink: /home/bart/goliath_mobile/install/ros2_control_demo_description/share/ros2_control_demo_description/goliath/meshes/collision/link_4.stl
[0.542s] -- Up-to-date symlink: /home/bart/goliath_mobile/install/ros2_control_demo_description/share/ros2_control_demo_description/goliath/meshes/collision/link_5.stl
[0.544s] -- Up-to-date symlink: /home/bart/goliath_mobile/install/ros2_control_demo_description/share/ros2_control_demo_description/goliath/meshes/collision/link_6.stl
[0.545s] -- Up-to-date symlink: /home/bart/goliath_mobile/install/ros2_control_demo_description/share/ros2_control_demo_description/goliath/meshes/collision/tool_base.stl
[0.545s] -- Up-to-date symlink: /home/bart/goliath_mobile/install/ros2_control_demo_description/share/ros2_control_demo_description/goliath/meshes/collision/tool_connector.stl
[0.546s] -- Up-to-date symlink: /home/bart/goliath_mobile/install/ros2_control_demo_description/share/ros2_control_demo_description/goliath/meshes/visual/bae_link.stl
[0.547s] -- Up-to-date symlink: /home/bart/goliath_mobile/install/ros2_control_demo_description/share/ros2_control_demo_description/goliath/meshes/visual/link_0.stl
[0.548s] -- Up-to-date symlink: /home/bart/goliath_mobile/install/ros2_control_demo_description/share/ros2_control_demo_description/goliath/meshes/visual/link_1.stl
[0.549s] -- Up-to-date symlink: /home/bart/goliath_mobile/install/ros2_control_demo_description/share/ros2_control_demo_description/goliath/meshes/visual/link_2.stl
[0.549s] -- Up-to-date symlink: /home/bart/goliath_mobile/install/ros2_control_demo_description/share/ros2_control_demo_description/goliath/meshes/visual/link_3.stl
[0.550s] -- Up-to-date symlink: /home/bart/goliath_mobile/install/ros2_control_demo_description/share/ros2_control_demo_description/goliath/meshes/visual/link_4.stl
[0.550s] -- Up-to-date symlink: /home/bart/goliath_mobile/install/ros2_control_demo_description/share/ros2_control_demo_description/goliath/meshes/visual/link_5.stl
[0.551s] -- Up-to-date symlink: /home/bart/goliath_mobile/install/ros2_control_demo_description/share/ros2_control_demo_description/goliath/meshes/visual/link_6.stl
[0.551s] -- Up-to-date symlink: /home/bart/goliath_mobile/install/ros2_control_demo_description/share/ros2_control_demo_description/goliath/meshes/visual/tool_base.stl
[0.551s] -- Up-to-date symlink: /home/bart/goliath_mobile/install/ros2_control_demo_description/share/ros2_control_demo_description/goliath/meshes/visual/tool_connector.stl
[0.551s] -- Up-to-date symlink: /home/bart/goliath_mobile/install/ros2_control_demo_description/share/ros2_control_demo_description/goliath/srdf/r6bot.srdf
[0.551s] -- Up-to-date symlink: /home/bart/goliath_mobile/install/ros2_control_demo_description/share/ros2_control_demo_description/goliath/urdf/goliath_description.urdf.xacro
[0.551s] -- Up-to-date symlink: /home/bart/goliath_mobile/install/ros2_control_demo_description/share/ros2_control_demo_description/goliath/urdf/inc/create_link.xacro
[0.551s] -- Up-to-date symlink: /home/bart/goliath_mobile/install/ros2_control_demo_description/share/ros2_control_demo_description/goliath/urdf/meshes
[0.551s] -- Up-to-date symlink: /home/bart/goliath_mobile/install/ros2_control_demo_description/share/ros2_control_demo_description/goliath/rviz/view_robot.rviz
[0.553s] -- Up-to-date symlink: /home/bart/goliath_mobile/install/ros2_control_demo_description/share/ament_index/resource_index/package_run_dependencies/ros2_control_demo_description
[0.553s] -- Up-to-date symlink: /home/bart/goliath_mobile/install/ros2_control_demo_description/share/ament_index/resource_index/parent_prefix_path/ros2_control_demo_description
[0.553s] -- Up-to-date symlink: /home/bart/goliath_mobile/install/ros2_control_demo_description/share/ros2_control_demo_description/environment/ament_prefix_path.sh
[0.553s] -- Up-to-date symlink: /home/bart/goliath_mobile/install/ros2_control_demo_description/share/ros2_control_demo_description/environment/ament_prefix_path.dsv
[0.553s] -- Up-to-date symlink: /home/bart/goliath_mobile/install/ros2_control_demo_description/share/ros2_control_demo_description/environment/path.sh
[0.554s] -- Up-to-date symlink: /home/bart/goliath_mobile/install/ros2_control_demo_description/share/ros2_control_demo_description/environment/path.dsv
[0.554s] -- Up-to-date symlink: /home/bart/goliath_mobile/install/ros2_control_demo_description/share/ros2_control_demo_description/local_setup.bash
[0.554s] -- Up-to-date symlink: /home/bart/goliath_mobile/install/ros2_control_demo_description/share/ros2_control_demo_description/local_setup.sh
[0.554s] -- Up-to-date symlink: /home/bart/goliath_mobile/install/ros2_control_demo_description/share/ros2_control_demo_description/local_setup.zsh
[0.554s] -- Up-to-date symlink: /home/bart/goliath_mobile/install/ros2_control_demo_description/share/ros2_control_demo_description/local_setup.dsv
[0.555s] -- Symlinking: /home/bart/goliath_mobile/install/ros2_control_demo_description/share/ros2_control_demo_description/package.dsv
[0.571s] -- Up-to-date symlink: /home/bart/goliath_mobile/install/ros2_control_demo_description/share/ament_index/resource_index/packages/ros2_control_demo_description
[0.571s] -- Up-to-date symlink: /home/bart/goliath_mobile/install/ros2_control_demo_description/share/ros2_control_demo_description/cmake/ros2_control_demo_descriptionConfig.cmake
[0.571s] -- Up-to-date symlink: /home/bart/goliath_mobile/install/ros2_control_demo_description/share/ros2_control_demo_description/cmake/ros2_control_demo_descriptionConfig-version.cmake
[0.572s] -- Up-to-date symlink: /home/bart/goliath_mobile/install/ros2_control_demo_description/share/ros2_control_demo_description/package.xml
[0.582s] Invoked command in '/home/bart/goliath_mobile/build/ros2_control_demo_description' returned '0': CMAKE_PREFIX_PATH=${CMAKE_PREFIX_PATH}:/home/bart/goliath_mobile/install/ros2_control_demo_testing:/home/bart/goliath_mobile/install/gripper_description:/opt/ros/humble /usr/bin/cmake --install /home/bart/goliath_mobile/build/ros2_control_demo_description
