[0.075s] Invoking command in '/home/bart/goliath_mobile/build/goliath_commander_cpp': CMAKE_PREFIX_PATH=/home/bart/goliath_mobile/install/goliath_interfaces:/home/bart/goliath_mobile/install/rplidar_ros:/home/bart/goliath_mobile/install/ros2_control_demos:/home/bart/goliath_mobile/install/moveit:/home/bart/goliath_mobile/install/gripper_controller:/home/bart/goliath_mobile/install/goliath_moveit_config:/home/bart/goliath_mobile/install/goliath_controller:/home/bart/goliath_mobile/install/ros2_control_demo_description:/home/bart/goliath_mobile/install/hoverboard_ros2_control:/home/bart/goliath_mobile/install/hoverboard_hardware_interface:/home/bart/goliath_mobile/install/hoverboard_demo_bringup:/home/bart/goliath_mobile/install/hoverboard_demo_description:/home/bart/goliath_mobile/install/goliath_commander_cpp:/home/bart/goliath_mobile/install/arm_move_joy:/home/bart/goliath_base/install/hoverboard_demo_bringup:/home/bart/goliath_base/install/hoverboard_demo_description:/home/bart/goliath_mobile/install/ros2_control_demo_testing:/home/bart/goliath_mobile/install/gripper_description:/opt/ros/humble LD_LIBRARY_PATH=/home/bart/goliath_mobile/install/goliath_interfaces/lib:/home/bart/goliath_mobile/install/gripper_controller/lib:/home/bart/goliath_mobile/install/goliath_controller/lib:/home/bart/goliath_mobile/install/hoverboard_hardware_interface/lib:/opt/ros/humble/opt/rviz_ogre_vendor/lib:/opt/ros/humble/lib/x86_64-linux-gnu:/opt/ros/humble/lib /usr/bin/cmake /home/bart/goliath_mobile/src/golitath_mobile/goliath/goliath_commander_cpp -DAMENT_CMAKE_SYMLINK_INSTALL=1 -DCMAKE_INSTALL_PREFIX=/home/bart/goliath_mobile/install/goliath_commander_cpp
[0.334s] -- The C compiler identification is GNU 11.4.0
[0.621s] -- The CXX compiler identification is GNU 11.4.0
[0.668s] -- Detecting C compiler ABI info
[0.994s] -- Detecting C compiler ABI info - done
[1.038s] -- Check for working C compiler: /usr/bin/cc - skipped
[1.039s] -- Detecting C compile features
[1.043s] -- Detecting C compile features - done
[1.060s] -- Detecting CXX compiler ABI info
[1.417s] -- Detecting CXX compiler ABI info - done
[1.449s] -- Check for working CXX compiler: /usr/bin/c++ - skipped
[1.450s] -- Detecting CXX compile features
[1.452s] -- Detecting CXX compile features - done
[1.486s] -- Found ament_cmake: 1.3.14 (/opt/ros/humble/share/ament_cmake/cmake)
[2.153s] -- Found Python3: /usr/bin/python3 (found version "3.10.12") found components: Interpreter 
[2.573s] -- Override CMake install command with custom implementation using symlinks instead of copying resources
[2.796s] -- Found rclcpp: 16.0.19 (/opt/ros/humble/share/rclcpp/cmake)
[3.108s] -- Found rosidl_generator_c: 3.1.8 (/opt/ros/humble/share/rosidl_generator_c/cmake)
[3.144s] -- Found rosidl_adapter: 3.1.8 (/opt/ros/humble/share/rosidl_adapter/cmake)
[3.209s] -- Found rosidl_generator_cpp: 3.1.8 (/opt/ros/humble/share/rosidl_generator_cpp/cmake)
[3.302s] -- Using all available rosidl_typesupport_c: rosidl_typesupport_fastrtps_c;rosidl_typesupport_introspection_c
[3.436s] -- Using all available rosidl_typesupport_cpp: rosidl_typesupport_fastrtps_cpp;rosidl_typesupport_introspection_cpp
[3.716s] -- Found rmw_implementation_cmake: 6.1.2 (/opt/ros/humble/share/rmw_implementation_cmake/cmake)
[3.738s] -- Found rmw_cyclonedds_cpp: 1.3.4 (/opt/ros/humble/share/rmw_cyclonedds_cpp/cmake)
[3.905s] -- Using RMW implementation 'rmw_cyclonedds_cpp' as default
[3.976s] -- Looking for pthread.h
[4.204s] -- Looking for pthread.h - found
[4.204s] -- Performing Test CMAKE_HAVE_LIBC_PTHREAD
[4.393s] -- Performing Test CMAKE_HAVE_LIBC_PTHREAD - Success
[4.397s] -- Found Threads: TRUE  
[4.750s] -- Found moveit_ros_planning_interface: 2.5.9 (/opt/ros/humble/share/moveit_ros_planning_interface/cmake)
[4.915s] -- Found Boost: /usr/lib/x86_64-linux-gnu/cmake/Boost-1.74.0/BoostConfig.cmake (found version "1.74.0") found components: date_time filesystem program_options system thread 
[6.077s] -- Found Boost: /usr/lib/x86_64-linux-gnu/cmake/Boost-1.74.0/BoostConfig.cmake (found version "1.74.0") found components: chrono date_time filesystem iostreams program_options regex serialization system thread 
[6.440s] -- Found parameter_traits: 0.7.1 (/opt/ros/humble/share/parameter_traits/cmake)
[6.538s] -- Found rclcpp_lifecycle: 16.0.19 (/opt/ros/humble/share/rclcpp_lifecycle/cmake)
[7.227s] -- library: /usr/lib/x86_64-linux-gnu/libcurl.so
[7.456s] -- Found Eigen3: TRUE (found version "3.4.0") 
[7.460s] -- Ensuring Eigen3 include directory is part of orocos-kdl CMake target
[8.481s] -- Found Boost: /usr/lib/x86_64-linux-gnu/cmake/Boost-1.74.0/BoostConfig.cmake (found version "1.74.0") found components: system filesystem date_time program_options thread chrono 
[8.687s] -- Found Boost: /usr/lib/x86_64-linux-gnu/cmake/Boost-1.74.0/BoostConfig.cmake (found version "1.74.0") found components: thread system filesystem regex date_time program_options 
[9.023s] -- Found Boost: /usr/lib/x86_64-linux-gnu/cmake/Boost-1.74.0/BoostConfig.cmake (found version "1.74.0") found components: system filesystem date_time program_options thread 
[9.198s] -- Found example_interfaces: 0.9.3 (/opt/ros/humble/share/example_interfaces/cmake)
[9.310s] -- Found goliath_interfaces: 0.0.0 (/home/bart/goliath_mobile/install/goliath_interfaces/share/goliath_interfaces/cmake)
[9.745s] -- Configuring done
[10.012s] -- Generating done
[10.057s] -- Build files have been written to: /home/bart/goliath_mobile/build/goliath_commander_cpp
[10.105s] Invoked command in '/home/bart/goliath_mobile/build/goliath_commander_cpp' returned '0': CMAKE_PREFIX_PATH=/home/bart/goliath_mobile/install/goliath_interfaces:/home/bart/goliath_mobile/install/rplidar_ros:/home/bart/goliath_mobile/install/ros2_control_demos:/home/bart/goliath_mobile/install/moveit:/home/bart/goliath_mobile/install/gripper_controller:/home/bart/goliath_mobile/install/goliath_moveit_config:/home/bart/goliath_mobile/install/goliath_controller:/home/bart/goliath_mobile/install/ros2_control_demo_description:/home/bart/goliath_mobile/install/hoverboard_ros2_control:/home/bart/goliath_mobile/install/hoverboard_hardware_interface:/home/bart/goliath_mobile/install/hoverboard_demo_bringup:/home/bart/goliath_mobile/install/hoverboard_demo_description:/home/bart/goliath_mobile/install/goliath_commander_cpp:/home/bart/goliath_mobile/install/arm_move_joy:/home/bart/goliath_base/install/hoverboard_demo_bringup:/home/bart/goliath_base/install/hoverboard_demo_description:/home/bart/goliath_mobile/install/ros2_control_demo_testing:/home/bart/goliath_mobile/install/gripper_description:/opt/ros/humble LD_LIBRARY_PATH=/home/bart/goliath_mobile/install/goliath_interfaces/lib:/home/bart/goliath_mobile/install/gripper_controller/lib:/home/bart/goliath_mobile/install/goliath_controller/lib:/home/bart/goliath_mobile/install/hoverboard_hardware_interface/lib:/opt/ros/humble/opt/rviz_ogre_vendor/lib:/opt/ros/humble/lib/x86_64-linux-gnu:/opt/ros/humble/lib /usr/bin/cmake /home/bart/goliath_mobile/src/golitath_mobile/goliath/goliath_commander_cpp -DAMENT_CMAKE_SYMLINK_INSTALL=1 -DCMAKE_INSTALL_PREFIX=/home/bart/goliath_mobile/install/goliath_commander_cpp
[10.106s] Invoking command in '/home/bart/goliath_mobile/build/goliath_commander_cpp': CMAKE_PREFIX_PATH=/home/bart/goliath_mobile/install/goliath_interfaces:/home/bart/goliath_mobile/install/rplidar_ros:/home/bart/goliath_mobile/install/ros2_control_demos:/home/bart/goliath_mobile/install/moveit:/home/bart/goliath_mobile/install/gripper_controller:/home/bart/goliath_mobile/install/goliath_moveit_config:/home/bart/goliath_mobile/install/goliath_controller:/home/bart/goliath_mobile/install/ros2_control_demo_description:/home/bart/goliath_mobile/install/hoverboard_ros2_control:/home/bart/goliath_mobile/install/hoverboard_hardware_interface:/home/bart/goliath_mobile/install/hoverboard_demo_bringup:/home/bart/goliath_mobile/install/hoverboard_demo_description:/home/bart/goliath_mobile/install/goliath_commander_cpp:/home/bart/goliath_mobile/install/arm_move_joy:/home/bart/goliath_base/install/hoverboard_demo_bringup:/home/bart/goliath_base/install/hoverboard_demo_description:/home/bart/goliath_mobile/install/ros2_control_demo_testing:/home/bart/goliath_mobile/install/gripper_description:/opt/ros/humble LD_LIBRARY_PATH=/home/bart/goliath_mobile/install/goliath_interfaces/lib:/home/bart/goliath_mobile/install/gripper_controller/lib:/home/bart/goliath_mobile/install/goliath_controller/lib:/home/bart/goliath_mobile/install/hoverboard_hardware_interface/lib:/opt/ros/humble/opt/rviz_ogre_vendor/lib:/opt/ros/humble/lib/x86_64-linux-gnu:/opt/ros/humble/lib /usr/bin/cmake --build /home/bart/goliath_mobile/build/goliath_commander_cpp -- -j4 -l4
[10.368s] [ 25%] [32mBuilding CXX object CMakeFiles/test_moveit.dir/src/test_moveit.cpp.o[0m
[30.029s] [ 50%] [32m[1mLinking CXX executable test_moveit[0m
[30.550s] [ 50%] Built target test_moveit
[30.582s] [ 75%] [32mBuilding CXX object CMakeFiles/commander.dir/src/commander_template.cpp.o[0m
[65.269s] [100%] [32m[1mLinking CXX executable commander[0m
[67.872s] [100%] Built target commander
[67.887s] Invoked command in '/home/bart/goliath_mobile/build/goliath_commander_cpp' returned '0': CMAKE_PREFIX_PATH=/home/bart/goliath_mobile/install/goliath_interfaces:/home/bart/goliath_mobile/install/rplidar_ros:/home/bart/goliath_mobile/install/ros2_control_demos:/home/bart/goliath_mobile/install/moveit:/home/bart/goliath_mobile/install/gripper_controller:/home/bart/goliath_mobile/install/goliath_moveit_config:/home/bart/goliath_mobile/install/goliath_controller:/home/bart/goliath_mobile/install/ros2_control_demo_description:/home/bart/goliath_mobile/install/hoverboard_ros2_control:/home/bart/goliath_mobile/install/hoverboard_hardware_interface:/home/bart/goliath_mobile/install/hoverboard_demo_bringup:/home/bart/goliath_mobile/install/hoverboard_demo_description:/home/bart/goliath_mobile/install/goliath_commander_cpp:/home/bart/goliath_mobile/install/arm_move_joy:/home/bart/goliath_base/install/hoverboard_demo_bringup:/home/bart/goliath_base/install/hoverboard_demo_description:/home/bart/goliath_mobile/install/ros2_control_demo_testing:/home/bart/goliath_mobile/install/gripper_description:/opt/ros/humble LD_LIBRARY_PATH=/home/bart/goliath_mobile/install/goliath_interfaces/lib:/home/bart/goliath_mobile/install/gripper_controller/lib:/home/bart/goliath_mobile/install/goliath_controller/lib:/home/bart/goliath_mobile/install/hoverboard_hardware_interface/lib:/opt/ros/humble/opt/rviz_ogre_vendor/lib:/opt/ros/humble/lib/x86_64-linux-gnu:/opt/ros/humble/lib /usr/bin/cmake --build /home/bart/goliath_mobile/build/goliath_commander_cpp -- -j4 -l4
[67.890s] Invoking command in '/home/bart/goliath_mobile/build/goliath_commander_cpp': CMAKE_PREFIX_PATH=/home/bart/goliath_mobile/install/goliath_interfaces:/home/bart/goliath_mobile/install/rplidar_ros:/home/bart/goliath_mobile/install/ros2_control_demos:/home/bart/goliath_mobile/install/moveit:/home/bart/goliath_mobile/install/gripper_controller:/home/bart/goliath_mobile/install/goliath_moveit_config:/home/bart/goliath_mobile/install/goliath_controller:/home/bart/goliath_mobile/install/ros2_control_demo_description:/home/bart/goliath_mobile/install/hoverboard_ros2_control:/home/bart/goliath_mobile/install/hoverboard_hardware_interface:/home/bart/goliath_mobile/install/hoverboard_demo_bringup:/home/bart/goliath_mobile/install/hoverboard_demo_description:/home/bart/goliath_mobile/install/goliath_commander_cpp:/home/bart/goliath_mobile/install/arm_move_joy:/home/bart/goliath_base/install/hoverboard_demo_bringup:/home/bart/goliath_base/install/hoverboard_demo_description:/home/bart/goliath_mobile/install/ros2_control_demo_testing:/home/bart/goliath_mobile/install/gripper_description:/opt/ros/humble LD_LIBRARY_PATH=/home/bart/goliath_mobile/install/goliath_interfaces/lib:/home/bart/goliath_mobile/install/gripper_controller/lib:/home/bart/goliath_mobile/install/goliath_controller/lib:/home/bart/goliath_mobile/install/hoverboard_hardware_interface/lib:/opt/ros/humble/opt/rviz_ogre_vendor/lib:/opt/ros/humble/lib/x86_64-linux-gnu:/opt/ros/humble/lib /usr/bin/cmake --install /home/bart/goliath_mobile/build/goliath_commander_cpp
[67.900s] -- Install configuration: ""
[67.900s] -- Execute custom install script
[67.901s] -- Symlinking: /home/bart/goliath_mobile/install/goliath_commander_cpp/lib/goliath_commander_cpp//test_moveit
[67.913s] -- Symlinking: /home/bart/goliath_mobile/install/goliath_commander_cpp/lib/goliath_commander_cpp//commander
[67.925s] -- Symlinking: /home/bart/goliath_mobile/install/goliath_commander_cpp/share/ament_index/resource_index/package_run_dependencies/goliath_commander_cpp
[67.937s] -- Symlinking: /home/bart/goliath_mobile/install/goliath_commander_cpp/share/ament_index/resource_index/parent_prefix_path/goliath_commander_cpp
[67.951s] -- Symlinking: /home/bart/goliath_mobile/install/goliath_commander_cpp/share/goliath_commander_cpp/environment/ament_prefix_path.sh
[67.963s] -- Symlinking: /home/bart/goliath_mobile/install/goliath_commander_cpp/share/goliath_commander_cpp/environment/ament_prefix_path.dsv
[67.975s] -- Symlinking: /home/bart/goliath_mobile/install/goliath_commander_cpp/share/goliath_commander_cpp/environment/path.sh
[67.986s] -- Symlinking: /home/bart/goliath_mobile/install/goliath_commander_cpp/share/goliath_commander_cpp/environment/path.dsv
[67.999s] -- Symlinking: /home/bart/goliath_mobile/install/goliath_commander_cpp/share/goliath_commander_cpp/local_setup.bash
[68.011s] -- Symlinking: /home/bart/goliath_mobile/install/goliath_commander_cpp/share/goliath_commander_cpp/local_setup.sh
[68.023s] -- Symlinking: /home/bart/goliath_mobile/install/goliath_commander_cpp/share/goliath_commander_cpp/local_setup.zsh
[68.037s] -- Symlinking: /home/bart/goliath_mobile/install/goliath_commander_cpp/share/goliath_commander_cpp/local_setup.dsv
[68.049s] -- Symlinking: /home/bart/goliath_mobile/install/goliath_commander_cpp/share/goliath_commander_cpp/package.dsv
[68.062s] -- Symlinking: /home/bart/goliath_mobile/install/goliath_commander_cpp/share/ament_index/resource_index/packages/goliath_commander_cpp
[68.074s] -- Symlinking: /home/bart/goliath_mobile/install/goliath_commander_cpp/share/goliath_commander_cpp/cmake/goliath_commander_cppConfig.cmake
[68.086s] -- Symlinking: /home/bart/goliath_mobile/install/goliath_commander_cpp/share/goliath_commander_cpp/cmake/goliath_commander_cppConfig-version.cmake
[68.098s] -- Symlinking: /home/bart/goliath_mobile/install/goliath_commander_cpp/share/goliath_commander_cpp/package.xml
[68.113s] Invoked command in '/home/bart/goliath_mobile/build/goliath_commander_cpp' returned '0': CMAKE_PREFIX_PATH=/home/bart/goliath_mobile/install/goliath_interfaces:/home/bart/goliath_mobile/install/rplidar_ros:/home/bart/goliath_mobile/install/ros2_control_demos:/home/bart/goliath_mobile/install/moveit:/home/bart/goliath_mobile/install/gripper_controller:/home/bart/goliath_mobile/install/goliath_moveit_config:/home/bart/goliath_mobile/install/goliath_controller:/home/bart/goliath_mobile/install/ros2_control_demo_description:/home/bart/goliath_mobile/install/hoverboard_ros2_control:/home/bart/goliath_mobile/install/hoverboard_hardware_interface:/home/bart/goliath_mobile/install/hoverboard_demo_bringup:/home/bart/goliath_mobile/install/hoverboard_demo_description:/home/bart/goliath_mobile/install/goliath_commander_cpp:/home/bart/goliath_mobile/install/arm_move_joy:/home/bart/goliath_base/install/hoverboard_demo_bringup:/home/bart/goliath_base/install/hoverboard_demo_description:/home/bart/goliath_mobile/install/ros2_control_demo_testing:/home/bart/goliath_mobile/install/gripper_description:/opt/ros/humble LD_LIBRARY_PATH=/home/bart/goliath_mobile/install/goliath_interfaces/lib:/home/bart/goliath_mobile/install/gripper_controller/lib:/home/bart/goliath_mobile/install/goliath_controller/lib:/home/bart/goliath_mobile/install/hoverboard_hardware_interface/lib:/opt/ros/humble/opt/rviz_ogre_vendor/lib:/opt/ros/humble/lib/x86_64-linux-gnu:/opt/ros/humble/lib /usr/bin/cmake --install /home/bart/goliath_mobile/build/goliath_commander_cpp
