[0.026s] Invoking command in '/home/bart/goliath_mobile/build/hoverboard_ros2_control': CMAKE_PREFIX_PATH=${CMAKE_PREFIX_PATH}:/home/bart/goliath_mobile/install/ros2_control_demo_testing:/home/bart/goliath_mobile/install/gripper_description:/opt/ros/humble /usr/bin/cmake --build /home/bart/goliath_mobile/build/hoverboard_ros2_control -- -j4 -l4
[0.127s] Invoked command in '/home/bart/goliath_mobile/build/hoverboard_ros2_control' returned '0': CMAKE_PREFIX_PATH=${CMAKE_PREFIX_PATH}:/home/bart/goliath_mobile/install/ros2_control_demo_testing:/home/bart/goliath_mobile/install/gripper_description:/opt/ros/humble /usr/bin/cmake --build /home/bart/goliath_mobile/build/hoverboard_ros2_control -- -j4 -l4
[0.129s] Invoking command in '/home/bart/goliath_mobile/build/hoverboard_ros2_control': CMAKE_PREFIX_PATH=${CMAKE_PREFIX_PATH}:/home/bart/goliath_mobile/install/ros2_control_demo_testing:/home/bart/goliath_mobile/install/gripper_description:/opt/ros/humble /usr/bin/cmake --install /home/bart/goliath_mobile/build/hoverboard_ros2_control
[0.153s] -- Install configuration: ""
[0.155s] -- Execute custom install script
[0.156s] -- Up-to-date symlink: /home/bart/goliath_mobile/install/hoverboard_ros2_control/share/ament_index/resource_index/package_run_dependencies/hoverboard_ros2_control
[0.157s] -- Up-to-date symlink: /home/bart/goliath_mobile/install/hoverboard_ros2_control/share/ament_index/resource_index/parent_prefix_path/hoverboard_ros2_control
[0.159s] -- Up-to-date symlink: /home/bart/goliath_mobile/install/hoverboard_ros2_control/share/hoverboard_ros2_control/environment/ament_prefix_path.sh
[0.159s] -- Up-to-date symlink: /home/bart/goliath_mobile/install/hoverboard_ros2_control/share/hoverboard_ros2_control/environment/ament_prefix_path.dsv
[0.159s] -- Up-to-date symlink: /home/bart/goliath_mobile/install/hoverboard_ros2_control/share/hoverboard_ros2_control/environment/path.sh
[0.160s] -- Up-to-date symlink: /home/bart/goliath_mobile/install/hoverboard_ros2_control/share/hoverboard_ros2_control/environment/path.dsv
[0.160s] -- Up-to-date symlink: /home/bart/goliath_mobile/install/hoverboard_ros2_control/share/hoverboard_ros2_control/local_setup.bash
[0.163s] -- Up-to-date symlink: /home/bart/goliath_mobile/install/hoverboard_ros2_control/share/hoverboard_ros2_control/local_setup.sh
[0.163s] -- Up-to-date symlink: /home/bart/goliath_mobile/install/hoverboard_ros2_control/share/hoverboard_ros2_control/local_setup.zsh
[0.163s] -- Up-to-date symlink: /home/bart/goliath_mobile/install/hoverboard_ros2_control/share/hoverboard_ros2_control/local_setup.dsv
[0.164s] -- Symlinking: /home/bart/goliath_mobile/install/hoverboard_ros2_control/share/hoverboard_ros2_control/package.dsv
[0.192s] -- Up-to-date symlink: /home/bart/goliath_mobile/install/hoverboard_ros2_control/share/ament_index/resource_index/packages/hoverboard_ros2_control
[0.192s] -- Up-to-date symlink: /home/bart/goliath_mobile/install/hoverboard_ros2_control/share/hoverboard_ros2_control/cmake/hoverboard_ros2_controlConfig.cmake
[0.192s] -- Up-to-date symlink: /home/bart/goliath_mobile/install/hoverboard_ros2_control/share/hoverboard_ros2_control/cmake/hoverboard_ros2_controlConfig-version.cmake
[0.193s] -- Up-to-date symlink: /home/bart/goliath_mobile/install/hoverboard_ros2_control/share/hoverboard_ros2_control/package.xml
[0.198s] Invoked command in '/home/bart/goliath_mobile/build/hoverboard_ros2_control' returned '0': CMAKE_PREFIX_PATH=${CMAKE_PREFIX_PATH}:/home/bart/goliath_mobile/install/ros2_control_demo_testing:/home/bart/goliath_mobile/install/gripper_description:/opt/ros/humble /usr/bin/cmake --install /home/bart/goliath_mobile/build/hoverboard_ros2_control
