[0.480s] Invoking command in '/home/bart/goliath_mobile/build/goliath_interfaces': CMAKE_PREFIX_PATH=${CMAKE_PREFIX_PATH}:/home/bart/goliath_mobile/install/ros2_control_demo_testing:/home/bart/goliath_mobile/install/gripper_description:/opt/ros/humble /usr/bin/cmake /home/bart/goliath_mobile/src/golitath_mobile/goliath/goliath_interfaces -DAMENT_CMAKE_SYMLINK_INSTALL=1 -DCMAKE_INSTALL_PREFIX=/home/bart/goliath_mobile/install/goliath_interfaces
[0.624s] -- The C compiler identification is GNU 11.4.0
[0.761s] -- The CXX compiler identification is GNU 11.4.0
[0.776s] -- Detecting C compiler ABI info
[0.945s] -- Detecting C compiler ABI info - done
[0.971s] -- Check for working C compiler: /usr/bin/cc - skipped
[0.971s] -- Detecting C compile features
[0.971s] -- Detecting C compile features - done
[0.977s] -- Detecting CXX compiler ABI info
[1.182s] -- Detecting CXX compiler ABI info - done
[1.212s] -- Check for working CXX compiler: /usr/bin/c++ - skipped
[1.212s] -- Detecting CXX compile features
[1.214s] -- Detecting CXX compile features - done
[1.222s] -- Found ament_cmake: 1.3.14 (/opt/ros/humble/share/ament_cmake/cmake)
[1.602s] -- Found Python3: /usr/bin/python3 (found version "3.10.12") found components: Interpreter 
[1.793s] -- Override CMake install command with custom implementation using symlinks instead of copying resources
[1.887s] -- Found rosidl_default_generators: 1.2.1 (/opt/ros/humble/share/rosidl_default_generators/cmake)
[1.906s] -- Using all available rosidl_typesupport_c: rosidl_typesupport_fastrtps_c;rosidl_typesupport_introspection_c
[1.928s] -- Found rosidl_adapter: 3.1.8 (/opt/ros/humble/share/rosidl_adapter/cmake)
[2.076s] -- Using all available rosidl_typesupport_cpp: rosidl_typesupport_fastrtps_cpp;rosidl_typesupport_introspection_cpp
[2.896s] -- Found ament_cmake_ros: 0.10.0 (/opt/ros/humble/share/ament_cmake_ros/cmake)
[3.345s] -- Using all available rosidl_typesupport_c: rosidl_typesupport_fastrtps_c;rosidl_typesupport_introspection_c
[3.760s] -- Using all available rosidl_typesupport_cpp: rosidl_typesupport_fastrtps_cpp;rosidl_typesupport_introspection_cpp
[3.804s] -- Found PythonInterp: /usr/bin/python3 (found suitable version "3.10.12", minimum required is "3.6") 
[3.809s] -- Found python_cmake_module: 0.10.0 (/opt/ros/humble/share/python_cmake_module/cmake)
[3.878s] -- Found PythonLibs: /usr/lib/x86_64-linux-gnu/libpython3.10.so (found suitable version "3.10.12", minimum required is "3.5") 
[3.879s] -- Using PYTHON_EXECUTABLE: /usr/bin/python3
[3.881s] -- Using PYTHON_INCLUDE_DIRS: /usr/include/python3.10
[3.881s] -- Using PYTHON_LIBRARIES: /usr/lib/x86_64-linux-gnu/libpython3.10.so
[3.943s] -- Found PythonExtra: .so  
[4.269s] -- Configuring done
[4.350s] -- Generating done
[4.377s] -- Build files have been written to: /home/bart/goliath_mobile/build/goliath_interfaces
[4.404s] Invoked command in '/home/bart/goliath_mobile/build/goliath_interfaces' returned '0': CMAKE_PREFIX_PATH=${CMAKE_PREFIX_PATH}:/home/bart/goliath_mobile/install/ros2_control_demo_testing:/home/bart/goliath_mobile/install/gripper_description:/opt/ros/humble /usr/bin/cmake /home/bart/goliath_mobile/src/golitath_mobile/goliath/goliath_interfaces -DAMENT_CMAKE_SYMLINK_INSTALL=1 -DCMAKE_INSTALL_PREFIX=/home/bart/goliath_mobile/install/goliath_interfaces
[4.405s] Invoking command in '/home/bart/goliath_mobile/build/goliath_interfaces': CMAKE_PREFIX_PATH=${CMAKE_PREFIX_PATH}:/home/bart/goliath_mobile/install/ros2_control_demo_testing:/home/bart/goliath_mobile/install/gripper_description:/opt/ros/humble /usr/bin/cmake --build /home/bart/goliath_mobile/build/goliath_interfaces -- -j4 -l4
[4.503s] [  3%] [34m[1mGenerating C code for ROS interfaces[0m
[4.553s] [  6%] [34m[1mGenerating C++ code for ROS interfaces[0m
[4.555s] [  9%] [34m[1mGenerating Rust code for ROS interfaces[0m
[4.573s] [  9%] Built target ament_cmake_python_symlink_goliath_interfaces
[5.495s] running egg_info
[5.499s] creating goliath_interfaces.egg-info
[5.499s] writing goliath_interfaces.egg-info/PKG-INFO
[5.499s] writing dependency_links to goliath_interfaces.egg-info/dependency_links.txt
[5.499s] writing top-level names to goliath_interfaces.egg-info/top_level.txt
[5.500s] writing manifest file 'goliath_interfaces.egg-info/SOURCES.txt'
[5.507s] reading manifest file 'goliath_interfaces.egg-info/SOURCES.txt'
[5.508s] writing manifest file 'goliath_interfaces.egg-info/SOURCES.txt'
[5.577s] [  9%] Built target ament_cmake_python_build_goliath_interfaces_egg
[5.650s] [  9%] Built target goliath_interfaces__rs
[5.897s] [ 12%] [32mBuilding C object CMakeFiles/goliath_interfaces__rosidl_generator_c.dir/rosidl_generator_c/goliath_interfaces/msg/detail/pose_command__functions.c.o[0m
[5.914s] [ 12%] Built target goliath_interfaces__cpp
[5.939s] [ 15%] [34m[1mGenerating C++ introspection for ROS interfaces[0m
[5.961s] [ 18%] [34m[1mGenerating C++ type support dispatch for ROS interfaces[0m
[5.971s] [ 21%] [34m[1mGenerating C++ type support for eProsima Fast-RTPS[0m
[6.185s] [ 25%] [32m[1mLinking C shared library libgoliath_interfaces__rosidl_generator_c.so[0m
[6.367s] [ 25%] Built target goliath_interfaces__rosidl_generator_c
[6.413s] [ 28%] [34m[1mGenerating C introspection for ROS interfaces[0m
[6.936s] [ 31%] [32mBuilding CXX object CMakeFiles/goliath_interfaces__rosidl_typesupport_fastrtps_cpp.dir/rosidl_typesupport_fastrtps_cpp/goliath_interfaces/msg/detail/dds_fastrtps/pose_command__type_support.cpp.o[0m
[7.106s] [ 34%] [32mBuilding CXX object CMakeFiles/goliath_interfaces__rosidl_typesupport_cpp.dir/rosidl_typesupport_cpp/goliath_interfaces/msg/pose_command__type_support.cpp.o[0m
[7.426s] [ 37%] [32mBuilding CXX object CMakeFiles/goliath_interfaces__rosidl_typesupport_introspection_cpp.dir/rosidl_typesupport_introspection_cpp/goliath_interfaces/msg/detail/pose_command__type_support.cpp.o[0m
[7.679s] [ 40%] [32mBuilding C object CMakeFiles/goliath_interfaces__rosidl_typesupport_introspection_c.dir/rosidl_typesupport_introspection_c/goliath_interfaces/msg/detail/pose_command__type_support.c.o[0m
[7.824s] [ 43%] [32m[1mLinking C shared library libgoliath_interfaces__rosidl_typesupport_introspection_c.so[0m
[7.950s] [ 43%] Built target goliath_interfaces__rosidl_typesupport_introspection_c
[8.008s] [ 46%] [34m[1mGenerating C type support dispatch for ROS interfaces[0m
[8.346s] [ 50%] [32m[1mLinking CXX shared library libgoliath_interfaces__rosidl_typesupport_cpp.so[0m
[8.534s] [ 50%] Built target goliath_interfaces__rosidl_typesupport_cpp
[8.581s] [ 53%] [34m[1mGenerating C type support for eProsima Fast-RTPS[0m
[8.901s] [ 56%] [32mBuilding CXX object CMakeFiles/goliath_interfaces__rosidl_typesupport_c.dir/rosidl_typesupport_c/goliath_interfaces/msg/pose_command__type_support.cpp.o[0m
[9.019s] [ 59%] [32m[1mLinking CXX shared library libgoliath_interfaces__rosidl_typesupport_c.so[0m
[9.196s] [ 62%] [32m[1mLinking CXX shared library libgoliath_interfaces__rosidl_typesupport_fastrtps_cpp.so[0m
[9.231s] [ 62%] Built target goliath_interfaces__rosidl_typesupport_c
[9.469s] [ 65%] [32mBuilding CXX object CMakeFiles/goliath_interfaces__rosidl_typesupport_fastrtps_c.dir/rosidl_typesupport_fastrtps_c/goliath_interfaces/msg/detail/pose_command__type_support_c.cpp.o[0m
[9.521s] [ 65%] Built target goliath_interfaces__rosidl_typesupport_fastrtps_cpp
[9.552s] [ 68%] [32m[1mLinking CXX shared library libgoliath_interfaces__rosidl_typesupport_introspection_cpp.so[0m
[9.642s] [ 68%] Built target goliath_interfaces__rosidl_typesupport_introspection_cpp
[10.332s] [ 71%] [32m[1mLinking CXX shared library libgoliath_interfaces__rosidl_typesupport_fastrtps_c.so[0m
[10.530s] [ 71%] Built target goliath_interfaces__rosidl_typesupport_fastrtps_c
[10.570s] [ 71%] Built target goliath_interfaces
[10.617s] [ 75%] [34m[1mGenerating Python code for ROS interfaces[0m
[11.543s] [ 75%] Built target goliath_interfaces__py
[11.589s] [ 78%] [32mBuilding C object CMakeFiles/goliath_interfaces__rosidl_generator_py.dir/rosidl_generator_py/goliath_interfaces/msg/_pose_command_s.c.o[0m
[11.858s] [ 81%] [32m[1mLinking C shared library rosidl_generator_py/goliath_interfaces/libgoliath_interfaces__rosidl_generator_py.so[0m
[11.950s] [ 81%] Built target goliath_interfaces__rosidl_generator_py
[12.018s] [ 84%] [32mBuilding C object CMakeFiles/goliath_interfaces__rosidl_typesupport_c__pyext.dir/rosidl_generator_py/goliath_interfaces/_goliath_interfaces_s.ep.rosidl_typesupport_c.c.o[0m
[12.024s] [ 87%] [32mBuilding C object CMakeFiles/goliath_interfaces__rosidl_typesupport_introspection_c__pyext.dir/rosidl_generator_py/goliath_interfaces/_goliath_interfaces_s.ep.rosidl_typesupport_introspection_c.c.o[0m
[12.027s] [ 90%] [32mBuilding C object CMakeFiles/goliath_interfaces__rosidl_typesupport_fastrtps_c__pyext.dir/rosidl_generator_py/goliath_interfaces/_goliath_interfaces_s.ep.rosidl_typesupport_fastrtps_c.c.o[0m
[12.262s] [ 93%] [32m[1mLinking C shared library rosidl_generator_py/goliath_interfaces/goliath_interfaces_s__rosidl_typesupport_fastrtps_c.cpython-310-x86_64-linux-gnu.so[0m
[12.332s] [ 93%] Built target goliath_interfaces__rosidl_typesupport_fastrtps_c__pyext
[12.414s] [ 96%] [32m[1mLinking C shared library rosidl_generator_py/goliath_interfaces/goliath_interfaces_s__rosidl_typesupport_introspection_c.cpython-310-x86_64-linux-gnu.so[0m
[12.418s] [100%] [32m[1mLinking C shared library rosidl_generator_py/goliath_interfaces/goliath_interfaces_s__rosidl_typesupport_c.cpython-310-x86_64-linux-gnu.so[0m
[12.498s] [100%] Built target goliath_interfaces__rosidl_typesupport_introspection_c__pyext
[12.501s] [100%] Built target goliath_interfaces__rosidl_typesupport_c__pyext
[12.532s] Invoked command in '/home/bart/goliath_mobile/build/goliath_interfaces' returned '0': CMAKE_PREFIX_PATH=${CMAKE_PREFIX_PATH}:/home/bart/goliath_mobile/install/ros2_control_demo_testing:/home/bart/goliath_mobile/install/gripper_description:/opt/ros/humble /usr/bin/cmake --build /home/bart/goliath_mobile/build/goliath_interfaces -- -j4 -l4
[12.533s] Invoking command in '/home/bart/goliath_mobile/build/goliath_interfaces': CMAKE_PREFIX_PATH=${CMAKE_PREFIX_PATH}:/home/bart/goliath_mobile/install/ros2_control_demo_testing:/home/bart/goliath_mobile/install/gripper_description:/opt/ros/humble /usr/bin/cmake --install /home/bart/goliath_mobile/build/goliath_interfaces
[12.550s] -- Install configuration: ""
[12.551s] -- Execute custom install script
[12.552s] -- Symlinking: /home/bart/goliath_mobile/install/goliath_interfaces/share/ament_index/resource_index/rosidl_interfaces/goliath_interfaces
[12.571s] -- Symlinking: /home/bart/goliath_mobile/install/goliath_interfaces/include/goliath_interfaces/goliath_interfaces/msg/detail/pose_command__functions.h
[12.591s] -- Symlinking: /home/bart/goliath_mobile/install/goliath_interfaces/include/goliath_interfaces/goliath_interfaces/msg/detail/pose_command__struct.h
[12.617s] -- Symlinking: /home/bart/goliath_mobile/install/goliath_interfaces/include/goliath_interfaces/goliath_interfaces/msg/detail/pose_command__type_support.h
[12.632s] -- Symlinking: /home/bart/goliath_mobile/install/goliath_interfaces/include/goliath_interfaces/goliath_interfaces/msg/pose_command.h
[12.651s] -- Symlinking: /home/bart/goliath_mobile/install/goliath_interfaces/include/goliath_interfaces/goliath_interfaces/msg/rosidl_generator_c__visibility_control.h
[12.671s] -- Symlinking: /home/bart/goliath_mobile/install/goliath_interfaces/share/goliath_interfaces/environment/library_path.sh
[12.690s] -- Symlinking: /home/bart/goliath_mobile/install/goliath_interfaces/share/goliath_interfaces/environment/library_path.dsv
[12.713s] -- Symlinking: /home/bart/goliath_mobile/install/goliath_interfaces/include/goliath_interfaces/goliath_interfaces/msg/detail/pose_command__rosidl_typesupport_fastrtps_c.h
[12.731s] -- Symlinking: /home/bart/goliath_mobile/install/goliath_interfaces/include/goliath_interfaces/goliath_interfaces/msg/rosidl_typesupport_fastrtps_c__visibility_control.h
[12.752s] -- Symlinking: /home/bart/goliath_mobile/install/goliath_interfaces/include/goliath_interfaces/goliath_interfaces/msg/detail/pose_command__rosidl_typesupport_introspection_c.h
[12.771s] -- Symlinking: /home/bart/goliath_mobile/install/goliath_interfaces/include/goliath_interfaces/goliath_interfaces/msg/rosidl_typesupport_introspection_c__visibility_control.h
[12.789s] -- Symlinking: /home/bart/goliath_mobile/install/goliath_interfaces/include/goliath_interfaces/goliath_interfaces/msg/detail/pose_command__builder.hpp
[12.811s] -- Symlinking: /home/bart/goliath_mobile/install/goliath_interfaces/include/goliath_interfaces/goliath_interfaces/msg/detail/pose_command__struct.hpp
[12.830s] -- Symlinking: /home/bart/goliath_mobile/install/goliath_interfaces/include/goliath_interfaces/goliath_interfaces/msg/detail/pose_command__traits.hpp
[12.851s] -- Symlinking: /home/bart/goliath_mobile/install/goliath_interfaces/include/goliath_interfaces/goliath_interfaces/msg/detail/pose_command__type_support.hpp
[12.868s] -- Symlinking: /home/bart/goliath_mobile/install/goliath_interfaces/include/goliath_interfaces/goliath_interfaces/msg/pose_command.hpp
[12.901s] -- Symlinking: /home/bart/goliath_mobile/install/goliath_interfaces/include/goliath_interfaces/goliath_interfaces/msg/rosidl_generator_cpp__visibility_control.hpp
[12.938s] -- Symlinking: /home/bart/goliath_mobile/install/goliath_interfaces/include/goliath_interfaces/goliath_interfaces/msg/detail/pose_command__rosidl_typesupport_fastrtps_cpp.hpp
[12.972s] -- Symlinking: /home/bart/goliath_mobile/install/goliath_interfaces/include/goliath_interfaces/goliath_interfaces/msg/rosidl_typesupport_fastrtps_cpp__visibility_control.h
[13.007s] -- Symlinking: /home/bart/goliath_mobile/install/goliath_interfaces/include/goliath_interfaces/goliath_interfaces/msg/detail/pose_command__rosidl_typesupport_introspection_cpp.hpp
[13.049s] -- Symlinking: /home/bart/goliath_mobile/install/goliath_interfaces/share/goliath_interfaces/environment/pythonpath.sh
[13.084s] -- Symlinking: /home/bart/goliath_mobile/install/goliath_interfaces/share/goliath_interfaces/environment/pythonpath.dsv
[13.118s] -- Symlinking: /home/bart/goliath_mobile/install/goliath_interfaces/local/lib/python3.10/dist-packages/goliath_interfaces-0.0.0-py3.10.egg-info/PKG-INFO
[13.152s] -- Symlinking: /home/bart/goliath_mobile/install/goliath_interfaces/local/lib/python3.10/dist-packages/goliath_interfaces-0.0.0-py3.10.egg-info/SOURCES.txt
[13.187s] -- Symlinking: /home/bart/goliath_mobile/install/goliath_interfaces/local/lib/python3.10/dist-packages/goliath_interfaces-0.0.0-py3.10.egg-info/dependency_links.txt
[13.221s] -- Symlinking: /home/bart/goliath_mobile/install/goliath_interfaces/local/lib/python3.10/dist-packages/goliath_interfaces-0.0.0-py3.10.egg-info/top_level.txt
[13.248s] -- Symlinking: /home/bart/goliath_mobile/install/goliath_interfaces/local/lib/python3.10/dist-packages/goliath_interfaces/__init__.py
[13.269s] -- Symlinking: /home/bart/goliath_mobile/install/goliath_interfaces/local/lib/python3.10/dist-packages/goliath_interfaces/_goliath_interfaces_s.ep.rosidl_typesupport_c.c
[13.283s] -- Symlinking: /home/bart/goliath_mobile/install/goliath_interfaces/local/lib/python3.10/dist-packages/goliath_interfaces/_goliath_interfaces_s.ep.rosidl_typesupport_fastrtps_c.c
[13.301s] -- Symlinking: /home/bart/goliath_mobile/install/goliath_interfaces/local/lib/python3.10/dist-packages/goliath_interfaces/_goliath_interfaces_s.ep.rosidl_typesupport_introspection_c.c
[13.320s] -- Symlinking: /home/bart/goliath_mobile/install/goliath_interfaces/local/lib/python3.10/dist-packages/goliath_interfaces/goliath_interfaces_s__rosidl_typesupport_c.cpython-310-x86_64-linux-gnu.so
[13.340s] -- Symlinking: /home/bart/goliath_mobile/install/goliath_interfaces/local/lib/python3.10/dist-packages/goliath_interfaces/goliath_interfaces_s__rosidl_typesupport_fastrtps_c.cpython-310-x86_64-linux-gnu.so
[13.361s] -- Symlinking: /home/bart/goliath_mobile/install/goliath_interfaces/local/lib/python3.10/dist-packages/goliath_interfaces/goliath_interfaces_s__rosidl_typesupport_introspection_c.cpython-310-x86_64-linux-gnu.so
[13.380s] -- Symlinking: /home/bart/goliath_mobile/install/goliath_interfaces/local/lib/python3.10/dist-packages/goliath_interfaces/libgoliath_interfaces__rosidl_generator_py.so
[13.401s] -- Symlinking: /home/bart/goliath_mobile/install/goliath_interfaces/local/lib/python3.10/dist-packages/goliath_interfaces/msg/__init__.py
[13.423s] -- Symlinking: /home/bart/goliath_mobile/install/goliath_interfaces/local/lib/python3.10/dist-packages/goliath_interfaces/msg/_pose_command.py
[13.442s] -- Symlinking: /home/bart/goliath_mobile/install/goliath_interfaces/local/lib/python3.10/dist-packages/goliath_interfaces/msg/_pose_command_s.c
[13.461s] -- Up-to-date symlink: /home/bart/goliath_mobile/install/goliath_interfaces/local/lib/python3.10/dist-packages/goliath_interfaces/goliath_interfaces_s__rosidl_typesupport_fastrtps_c.cpython-310-x86_64-linux-gnu.so
[13.461s] -- Up-to-date symlink: /home/bart/goliath_mobile/install/goliath_interfaces/local/lib/python3.10/dist-packages/goliath_interfaces/goliath_interfaces_s__rosidl_typesupport_introspection_c.cpython-310-x86_64-linux-gnu.so
[13.463s] -- Up-to-date symlink: /home/bart/goliath_mobile/install/goliath_interfaces/local/lib/python3.10/dist-packages/goliath_interfaces/goliath_interfaces_s__rosidl_typesupport_c.cpython-310-x86_64-linux-gnu.so
[13.463s] -- Symlinking: /home/bart/goliath_mobile/install/goliath_interfaces/share/ament_index/resource_index/rust_packages/goliath_interfaces
[13.482s] -- Symlinking: /home/bart/goliath_mobile/install/goliath_interfaces/share/goliath_interfaces/rust/Cargo.toml
[13.503s] -- Symlinking: /home/bart/goliath_mobile/install/goliath_interfaces/share/goliath_interfaces/rust/build.rs
[13.525s] -- Symlinking: /home/bart/goliath_mobile/install/goliath_interfaces/share/goliath_interfaces/rust/src/lib.rs
[13.546s] -- Symlinking: /home/bart/goliath_mobile/install/goliath_interfaces/share/goliath_interfaces/rust/src/msg.rs
[13.565s] -- Symlinking: /home/bart/goliath_mobile/install/goliath_interfaces/share/goliath_interfaces/rust/src/msg/rmw.rs
[13.584s] -- Symlinking: /home/bart/goliath_mobile/install/goliath_interfaces/share/goliath_interfaces/msg/PoseCommand.idl
[13.605s] -- Symlinking: /home/bart/goliath_mobile/install/goliath_interfaces/share/goliath_interfaces/msg/PoseCommand.msg
[13.627s] -- Symlinking: /home/bart/goliath_mobile/install/goliath_interfaces/share/ament_index/resource_index/package_run_dependencies/goliath_interfaces
[13.648s] -- Symlinking: /home/bart/goliath_mobile/install/goliath_interfaces/share/ament_index/resource_index/parent_prefix_path/goliath_interfaces
[13.666s] -- Symlinking: /home/bart/goliath_mobile/install/goliath_interfaces/share/goliath_interfaces/environment/ament_prefix_path.sh
[13.686s] -- Symlinking: /home/bart/goliath_mobile/install/goliath_interfaces/share/goliath_interfaces/environment/ament_prefix_path.dsv
[13.706s] -- Symlinking: /home/bart/goliath_mobile/install/goliath_interfaces/share/goliath_interfaces/environment/path.sh
[13.729s] -- Symlinking: /home/bart/goliath_mobile/install/goliath_interfaces/share/goliath_interfaces/environment/path.dsv
[13.749s] -- Symlinking: /home/bart/goliath_mobile/install/goliath_interfaces/share/goliath_interfaces/local_setup.bash
[13.767s] -- Symlinking: /home/bart/goliath_mobile/install/goliath_interfaces/share/goliath_interfaces/local_setup.sh
[13.787s] -- Symlinking: /home/bart/goliath_mobile/install/goliath_interfaces/share/goliath_interfaces/local_setup.zsh
[13.807s] -- Symlinking: /home/bart/goliath_mobile/install/goliath_interfaces/share/goliath_interfaces/local_setup.dsv
[13.829s] -- Symlinking: /home/bart/goliath_mobile/install/goliath_interfaces/share/goliath_interfaces/package.dsv
[13.848s] -- Symlinking: /home/bart/goliath_mobile/install/goliath_interfaces/share/ament_index/resource_index/packages/goliath_interfaces
[13.866s] -- Symlinking: /home/bart/goliath_mobile/install/goliath_interfaces/share/goliath_interfaces/cmake/rosidl_cmake-extras.cmake
[13.884s] -- Symlinking: /home/bart/goliath_mobile/install/goliath_interfaces/share/goliath_interfaces/cmake/ament_cmake_export_include_directories-extras.cmake
[13.905s] -- Symlinking: /home/bart/goliath_mobile/install/goliath_interfaces/share/goliath_interfaces/cmake/ament_cmake_export_libraries-extras.cmake
[13.930s] -- Symlinking: /home/bart/goliath_mobile/install/goliath_interfaces/share/goliath_interfaces/cmake/ament_cmake_export_targets-extras.cmake
[13.950s] -- Symlinking: /home/bart/goliath_mobile/install/goliath_interfaces/share/goliath_interfaces/cmake/rosidl_cmake_export_typesupport_targets-extras.cmake
[13.977s] -- Symlinking: /home/bart/goliath_mobile/install/goliath_interfaces/share/goliath_interfaces/cmake/ament_cmake_export_dependencies-extras.cmake
[13.995s] -- Symlinking: /home/bart/goliath_mobile/install/goliath_interfaces/share/goliath_interfaces/cmake/rosidl_cmake_export_typesupport_libraries-extras.cmake
[14.015s] -- Symlinking: /home/bart/goliath_mobile/install/goliath_interfaces/share/goliath_interfaces/cmake/goliath_interfacesConfig.cmake
[14.042s] -- Symlinking: /home/bart/goliath_mobile/install/goliath_interfaces/share/goliath_interfaces/cmake/goliath_interfacesConfig-version.cmake
[14.061s] -- Symlinking: /home/bart/goliath_mobile/install/goliath_interfaces/share/goliath_interfaces/package.xml
[14.079s] -- Installing: /home/bart/goliath_mobile/install/goliath_interfaces/lib/libgoliath_interfaces__rosidl_generator_c.so
[14.079s] -- Set runtime path of "/home/bart/goliath_mobile/install/goliath_interfaces/lib/libgoliath_interfaces__rosidl_generator_c.so" to ""
[14.079s] -- Installing: /home/bart/goliath_mobile/install/goliath_interfaces/lib/libgoliath_interfaces__rosidl_typesupport_fastrtps_c.so
[14.081s] -- Set runtime path of "/home/bart/goliath_mobile/install/goliath_interfaces/lib/libgoliath_interfaces__rosidl_typesupport_fastrtps_c.so" to ""
[14.081s] -- Installing: /home/bart/goliath_mobile/install/goliath_interfaces/lib/libgoliath_interfaces__rosidl_typesupport_introspection_c.so
[14.083s] -- Set runtime path of "/home/bart/goliath_mobile/install/goliath_interfaces/lib/libgoliath_interfaces__rosidl_typesupport_introspection_c.so" to ""
[14.083s] -- Installing: /home/bart/goliath_mobile/install/goliath_interfaces/lib/libgoliath_interfaces__rosidl_typesupport_c.so
[14.085s] -- Set runtime path of "/home/bart/goliath_mobile/install/goliath_interfaces/lib/libgoliath_interfaces__rosidl_typesupport_c.so" to ""
[14.086s] -- Installing: /home/bart/goliath_mobile/install/goliath_interfaces/lib/libgoliath_interfaces__rosidl_typesupport_fastrtps_cpp.so
[14.087s] -- Set runtime path of "/home/bart/goliath_mobile/install/goliath_interfaces/lib/libgoliath_interfaces__rosidl_typesupport_fastrtps_cpp.so" to ""
[14.088s] -- Installing: /home/bart/goliath_mobile/install/goliath_interfaces/lib/libgoliath_interfaces__rosidl_typesupport_introspection_cpp.so
[14.089s] -- Set runtime path of "/home/bart/goliath_mobile/install/goliath_interfaces/lib/libgoliath_interfaces__rosidl_typesupport_introspection_cpp.so" to ""
[14.090s] -- Installing: /home/bart/goliath_mobile/install/goliath_interfaces/lib/libgoliath_interfaces__rosidl_typesupport_cpp.so
[14.091s] -- Set runtime path of "/home/bart/goliath_mobile/install/goliath_interfaces/lib/libgoliath_interfaces__rosidl_typesupport_cpp.so" to ""
[14.199s] Listing '/home/bart/goliath_mobile/install/goliath_interfaces/local/lib/python3.10/dist-packages/goliath_interfaces'...
[14.199s] Compiling '/home/bart/goliath_mobile/install/goliath_interfaces/local/lib/python3.10/dist-packages/goliath_interfaces/__init__.py'...
[14.199s] Listing '/home/bart/goliath_mobile/install/goliath_interfaces/local/lib/python3.10/dist-packages/goliath_interfaces/msg'...
[14.199s] Compiling '/home/bart/goliath_mobile/install/goliath_interfaces/local/lib/python3.10/dist-packages/goliath_interfaces/msg/__init__.py'...
[14.199s] Compiling '/home/bart/goliath_mobile/install/goliath_interfaces/local/lib/python3.10/dist-packages/goliath_interfaces/msg/_pose_command.py'...
[14.213s] -- Installing: /home/bart/goliath_mobile/install/goliath_interfaces/lib/libgoliath_interfaces__rosidl_generator_py.so
[14.213s] -- Set runtime path of "/home/bart/goliath_mobile/install/goliath_interfaces/lib/libgoliath_interfaces__rosidl_generator_py.so" to ""
[14.214s] -- Installing: /home/bart/goliath_mobile/install/goliath_interfaces/share/goliath_interfaces/cmake/export_goliath_interfaces__rosidl_generator_cExport.cmake
[14.215s] -- Installing: /home/bart/goliath_mobile/install/goliath_interfaces/share/goliath_interfaces/cmake/export_goliath_interfaces__rosidl_generator_cExport-noconfig.cmake
[14.216s] -- Installing: /home/bart/goliath_mobile/install/goliath_interfaces/share/goliath_interfaces/cmake/export_goliath_interfaces__rosidl_typesupport_fastrtps_cExport.cmake
[14.216s] -- Installing: /home/bart/goliath_mobile/install/goliath_interfaces/share/goliath_interfaces/cmake/export_goliath_interfaces__rosidl_typesupport_fastrtps_cExport-noconfig.cmake
[14.217s] -- Installing: /home/bart/goliath_mobile/install/goliath_interfaces/share/goliath_interfaces/cmake/goliath_interfaces__rosidl_typesupport_introspection_cExport.cmake
[14.219s] -- Installing: /home/bart/goliath_mobile/install/goliath_interfaces/share/goliath_interfaces/cmake/goliath_interfaces__rosidl_typesupport_introspection_cExport-noconfig.cmake
[14.219s] -- Installing: /home/bart/goliath_mobile/install/goliath_interfaces/share/goliath_interfaces/cmake/goliath_interfaces__rosidl_typesupport_cExport.cmake
[14.219s] -- Installing: /home/bart/goliath_mobile/install/goliath_interfaces/share/goliath_interfaces/cmake/goliath_interfaces__rosidl_typesupport_cExport-noconfig.cmake
[14.219s] -- Installing: /home/bart/goliath_mobile/install/goliath_interfaces/share/goliath_interfaces/cmake/export_goliath_interfaces__rosidl_generator_cppExport.cmake
[14.220s] -- Installing: /home/bart/goliath_mobile/install/goliath_interfaces/share/goliath_interfaces/cmake/export_goliath_interfaces__rosidl_typesupport_fastrtps_cppExport.cmake
[14.220s] -- Installing: /home/bart/goliath_mobile/install/goliath_interfaces/share/goliath_interfaces/cmake/export_goliath_interfaces__rosidl_typesupport_fastrtps_cppExport-noconfig.cmake
[14.220s] -- Installing: /home/bart/goliath_mobile/install/goliath_interfaces/share/goliath_interfaces/cmake/goliath_interfaces__rosidl_typesupport_introspection_cppExport.cmake
[14.221s] -- Installing: /home/bart/goliath_mobile/install/goliath_interfaces/share/goliath_interfaces/cmake/goliath_interfaces__rosidl_typesupport_introspection_cppExport-noconfig.cmake
[14.221s] -- Installing: /home/bart/goliath_mobile/install/goliath_interfaces/share/goliath_interfaces/cmake/goliath_interfaces__rosidl_typesupport_cppExport.cmake
[14.222s] -- Installing: /home/bart/goliath_mobile/install/goliath_interfaces/share/goliath_interfaces/cmake/goliath_interfaces__rosidl_typesupport_cppExport-noconfig.cmake
[14.226s] -- Installing: /home/bart/goliath_mobile/install/goliath_interfaces/share/goliath_interfaces/cmake/export_goliath_interfaces__rosidl_generator_pyExport.cmake
[14.226s] -- Installing: /home/bart/goliath_mobile/install/goliath_interfaces/share/goliath_interfaces/cmake/export_goliath_interfaces__rosidl_generator_pyExport-noconfig.cmake
[14.246s] Invoked command in '/home/bart/goliath_mobile/build/goliath_interfaces' returned '0': CMAKE_PREFIX_PATH=${CMAKE_PREFIX_PATH}:/home/bart/goliath_mobile/install/ros2_control_demo_testing:/home/bart/goliath_mobile/install/gripper_description:/opt/ros/humble /usr/bin/cmake --install /home/bart/goliath_mobile/build/goliath_interfaces
