[0.026s] Invoking command in '/home/bart/goliath_mobile/build/hoverboard_hardware_interface': CMAKE_PREFIX_PATH=${CMAKE_PREFIX_PATH}:/home/bart/goliath_mobile/install/ros2_control_demo_testing:/home/bart/goliath_mobile/install/gripper_description:/opt/ros/humble /usr/bin/cmake --build /home/bart/goliath_mobile/build/hoverboard_hardware_interface -- -j4 -l4
[0.139s] [35m[1mConsolidate compiler generated dependencies of target serial_port_service[0m
[0.210s] [ 50%] Built target serial_port_service
[0.238s] [35m[1mConsolidate compiler generated dependencies of target hoverboard_hardware_interface[0m
[0.317s] [100%] Built target hoverboard_hardware_interface
[0.350s] Invoked command in '/home/bart/goliath_mobile/build/hoverboard_hardware_interface' returned '0': CMAKE_PREFIX_PATH=${CMAKE_PREFIX_PATH}:/home/bart/goliath_mobile/install/ros2_control_demo_testing:/home/bart/goliath_mobile/install/gripper_description:/opt/ros/humble /usr/bin/cmake --build /home/bart/goliath_mobile/build/hoverboard_hardware_interface -- -j4 -l4
[0.351s] Invoking command in '/home/bart/goliath_mobile/build/hoverboard_hardware_interface': CMAKE_PREFIX_PATH=${CMAKE_PREFIX_PATH}:/home/bart/goliath_mobile/install/ros2_control_demo_testing:/home/bart/goliath_mobile/install/gripper_description:/opt/ros/humble /usr/bin/cmake --install /home/bart/goliath_mobile/build/hoverboard_hardware_interface
[0.374s] -- Install configuration: ""
[0.375s] -- Execute custom install script
[0.375s] -- Up-to-date symlink: /home/bart/goliath_mobile/install/hoverboard_hardware_interface/share/hoverboard_hardware_interface//hoverboard_hardware_interface.xml
[0.375s] -- Up-to-date symlink: /home/bart/goliath_mobile/install/hoverboard_hardware_interface/include/hoverboard_hardware_interface/hoverboard_hardware_interface.hpp
[0.375s] -- Up-to-date symlink: /home/bart/goliath_mobile/install/hoverboard_hardware_interface/include/hoverboard_hardware_interface/motor_wheel.hpp
[0.376s] -- Up-to-date symlink: /home/bart/goliath_mobile/install/hoverboard_hardware_interface/include/hoverboard_hardware_interface/serial_port_protocol.hpp
[0.377s] -- Up-to-date symlink: /home/bart/goliath_mobile/install/hoverboard_hardware_interface/include/hoverboard_hardware_interface/serial_port_service.hpp
[0.377s] -- Up-to-date symlink: /home/bart/goliath_mobile/install/hoverboard_hardware_interface/share/hoverboard_hardware_interface/environment/library_path.sh
[0.377s] -- Up-to-date symlink: /home/bart/goliath_mobile/install/hoverboard_hardware_interface/share/hoverboard_hardware_interface/environment/library_path.dsv
[0.378s] -- Up-to-date symlink: /home/bart/goliath_mobile/install/hoverboard_hardware_interface/lib/libserial_port_service.so
[0.378s] -- Up-to-date symlink: /home/bart/goliath_mobile/install/hoverboard_hardware_interface/lib/libhoverboard_hardware_interface.so
[0.381s] -- Up-to-date symlink: /home/bart/goliath_mobile/install/hoverboard_hardware_interface/share/ament_index/resource_index/package_run_dependencies/hoverboard_hardware_interface
[0.381s] -- Up-to-date symlink: /home/bart/goliath_mobile/install/hoverboard_hardware_interface/share/ament_index/resource_index/parent_prefix_path/hoverboard_hardware_interface
[0.382s] -- Up-to-date symlink: /home/bart/goliath_mobile/install/hoverboard_hardware_interface/share/hoverboard_hardware_interface/environment/ament_prefix_path.sh
[0.382s] -- Up-to-date symlink: /home/bart/goliath_mobile/install/hoverboard_hardware_interface/share/hoverboard_hardware_interface/environment/ament_prefix_path.dsv
[0.382s] -- Up-to-date symlink: /home/bart/goliath_mobile/install/hoverboard_hardware_interface/share/hoverboard_hardware_interface/environment/path.sh
[0.382s] -- Up-to-date symlink: /home/bart/goliath_mobile/install/hoverboard_hardware_interface/share/hoverboard_hardware_interface/environment/path.dsv
[0.383s] -- Up-to-date symlink: /home/bart/goliath_mobile/install/hoverboard_hardware_interface/share/hoverboard_hardware_interface/local_setup.bash
[0.383s] -- Up-to-date symlink: /home/bart/goliath_mobile/install/hoverboard_hardware_interface/share/hoverboard_hardware_interface/local_setup.sh
[0.385s] -- Up-to-date symlink: /home/bart/goliath_mobile/install/hoverboard_hardware_interface/share/hoverboard_hardware_interface/local_setup.zsh
[0.386s] -- Up-to-date symlink: /home/bart/goliath_mobile/install/hoverboard_hardware_interface/share/hoverboard_hardware_interface/local_setup.dsv
[0.386s] -- Symlinking: /home/bart/goliath_mobile/install/hoverboard_hardware_interface/share/hoverboard_hardware_interface/package.dsv
[0.409s] -- Up-to-date symlink: /home/bart/goliath_mobile/install/hoverboard_hardware_interface/share/ament_index/resource_index/packages/hoverboard_hardware_interface
[0.409s] -- Up-to-date symlink: /home/bart/goliath_mobile/install/hoverboard_hardware_interface/share/ament_index/resource_index/hardware_interface__pluginlib__plugin/hoverboard_hardware_interface
[0.409s] -- Up-to-date symlink: /home/bart/goliath_mobile/install/hoverboard_hardware_interface/share/hoverboard_hardware_interface/cmake/ament_cmake_export_dependencies-extras.cmake
[0.410s] -- Up-to-date symlink: /home/bart/goliath_mobile/install/hoverboard_hardware_interface/share/hoverboard_hardware_interface/cmake/ament_cmake_export_include_directories-extras.cmake
[0.410s] -- Up-to-date symlink: /home/bart/goliath_mobile/install/hoverboard_hardware_interface/share/hoverboard_hardware_interface/cmake/ament_cmake_export_libraries-extras.cmake
[0.411s] -- Up-to-date symlink: /home/bart/goliath_mobile/install/hoverboard_hardware_interface/share/hoverboard_hardware_interface/cmake/hoverboard_hardware_interfaceConfig.cmake
[0.412s] -- Up-to-date symlink: /home/bart/goliath_mobile/install/hoverboard_hardware_interface/share/hoverboard_hardware_interface/cmake/hoverboard_hardware_interfaceConfig-version.cmake
[0.414s] -- Up-to-date symlink: /home/bart/goliath_mobile/install/hoverboard_hardware_interface/share/hoverboard_hardware_interface/package.xml
[0.430s] Invoked command in '/home/bart/goliath_mobile/build/hoverboard_hardware_interface' returned '0': CMAKE_PREFIX_PATH=${CMAKE_PREFIX_PATH}:/home/bart/goliath_mobile/install/ros2_control_demo_testing:/home/bart/goliath_mobile/install/gripper_description:/opt/ros/humble /usr/bin/cmake --install /home/bart/goliath_mobile/build/hoverboard_hardware_interface
