-- The C compiler identification is GNU 11.4.0
-- The CXX compiler identification is GNU 11.4.0
-- Detecting C compiler ABI info
-- Detecting C compiler ABI info - done
-- Check for working C compiler: /usr/bin/cc - skipped
-- Detecting C compile features
-- Detecting C compile features - done
-- Detecting CXX compiler ABI info
-- Detecting CXX compiler ABI info - done
-- Check for working CXX compiler: /usr/bin/c++ - skipped
-- Detecting CXX compile features
-- Detecting CXX compile features - done
-- Found ament_cmake_auto: 1.3.14 (/opt/ros/humble/share/ament_cmake_auto/cmake)
-- Found Python3: /usr/bin/python3 (found version "3.10.12") found components: Interpreter 
-- Override CMake install command with custom implementation using symlinks instead of copying resources
-- Found Boost: /usr/lib/x86_64-linux-gnu/cmake/Boost-1.74.0/BoostConfig.cmake (found version "1.74.0") found components: system 
-- Found rosidl_generator_c: 3.1.8 (/opt/ros/humble/share/rosidl_generator_c/cmake)
-- Found rosidl_adapter: 3.1.8 (/opt/ros/humble/share/rosidl_adapter/cmake)
-- Found rosidl_generator_cpp: 3.1.8 (/opt/ros/humble/share/rosidl_generator_cpp/cmake)
-- Using all available rosidl_typesupport_c: rosidl_typesupport_fastrtps_c;rosidl_typesupport_introspection_c
-- Using all available rosidl_typesupport_cpp: rosidl_typesupport_fastrtps_cpp;rosidl_typesupport_introspection_cpp
-- Found rmw_implementation_cmake: 6.1.2 (/opt/ros/humble/share/rmw_implementation_cmake/cmake)
-- Found rmw_cyclonedds_cpp: 1.3.4 (/opt/ros/humble/share/rmw_cyclonedds_cpp/cmake)
-- Using RMW implementation 'rmw_cyclonedds_cpp' as default
-- Looking for pthread.h
-- Looking for pthread.h - found
-- Performing Test CMAKE_HAVE_LIBC_PTHREAD
-- Performing Test CMAKE_HAVE_LIBC_PTHREAD - Success
-- Found Threads: TRUE  
-- Found ament_lint_auto: 0.12.15 (/opt/ros/humble/share/ament_lint_auto/cmake)
-- Added test 'cppcheck' to perform static code analysis on C / C++ code
-- Configured cppcheck include dirs: /home/bart/goliath_mobile/src/golitath_mobile/hoverboard_ros2_control/hoverboard_hardware_interface/include
-- Configured cppcheck exclude dirs and/or files: 
-- Added test 'lint_cmake' to check CMake code style
-- Added test 'uncrustify' to check C / C++ code style
-- Configured uncrustify additional arguments: 
-- Added test 'xmllint' to check XML markup files
-- Configuring done
-- Generating done
-- Build files have been written to: /home/bart/goliath_mobile/build/hoverboard_hardware_interface
[ 25%] [32mBuilding CXX object CMakeFiles/serial_port_service.dir/src/serial_port_service.cpp.o[0m
[ 50%] [32m[1mLinking CXX shared library libserial_port_service.so[0m
[ 50%] Built target serial_port_service
[ 75%] [32mBuilding CXX object CMakeFiles/hoverboard_hardware_interface.dir/src/hoverboard_hardware_interface.cpp.o[0m
[100%] [32m[1mLinking CXX shared library libhoverboard_hardware_interface.so[0m
[100%] Built target hoverboard_hardware_interface
-- Install configuration: ""
-- Execute custom install script
-- Symlinking: /home/bart/goliath_mobile/install/hoverboard_hardware_interface/share/hoverboard_hardware_interface//hoverboard_hardware_interface.xml
-- Symlinking: /home/bart/goliath_mobile/install/hoverboard_hardware_interface/include/hoverboard_hardware_interface/hoverboard_hardware_interface.hpp
-- Symlinking: /home/bart/goliath_mobile/install/hoverboard_hardware_interface/include/hoverboard_hardware_interface/motor_wheel.hpp
-- Symlinking: /home/bart/goliath_mobile/install/hoverboard_hardware_interface/include/hoverboard_hardware_interface/serial_port_protocol.hpp
-- Symlinking: /home/bart/goliath_mobile/install/hoverboard_hardware_interface/include/hoverboard_hardware_interface/serial_port_service.hpp
-- Symlinking: /home/bart/goliath_mobile/install/hoverboard_hardware_interface/share/hoverboard_hardware_interface/environment/library_path.sh
-- Symlinking: /home/bart/goliath_mobile/install/hoverboard_hardware_interface/share/hoverboard_hardware_interface/environment/library_path.dsv
-- Symlinking: /home/bart/goliath_mobile/install/hoverboard_hardware_interface/lib/libserial_port_service.so
-- Symlinking: /home/bart/goliath_mobile/install/hoverboard_hardware_interface/lib/libhoverboard_hardware_interface.so
-- Symlinking: /home/bart/goliath_mobile/install/hoverboard_hardware_interface/share/ament_index/resource_index/package_run_dependencies/hoverboard_hardware_interface
-- Symlinking: /home/bart/goliath_mobile/install/hoverboard_hardware_interface/share/ament_index/resource_index/parent_prefix_path/hoverboard_hardware_interface
-- Symlinking: /home/bart/goliath_mobile/install/hoverboard_hardware_interface/share/hoverboard_hardware_interface/environment/ament_prefix_path.sh
-- Symlinking: /home/bart/goliath_mobile/install/hoverboard_hardware_interface/share/hoverboard_hardware_interface/environment/ament_prefix_path.dsv
-- Symlinking: /home/bart/goliath_mobile/install/hoverboard_hardware_interface/share/hoverboard_hardware_interface/environment/path.sh
-- Symlinking: /home/bart/goliath_mobile/install/hoverboard_hardware_interface/share/hoverboard_hardware_interface/environment/path.dsv
-- Symlinking: /home/bart/goliath_mobile/install/hoverboard_hardware_interface/share/hoverboard_hardware_interface/local_setup.bash
-- Symlinking: /home/bart/goliath_mobile/install/hoverboard_hardware_interface/share/hoverboard_hardware_interface/local_setup.sh
-- Symlinking: /home/bart/goliath_mobile/install/hoverboard_hardware_interface/share/hoverboard_hardware_interface/local_setup.zsh
-- Symlinking: /home/bart/goliath_mobile/install/hoverboard_hardware_interface/share/hoverboard_hardware_interface/local_setup.dsv
-- Symlinking: /home/bart/goliath_mobile/install/hoverboard_hardware_interface/share/hoverboard_hardware_interface/package.dsv
-- Symlinking: /home/bart/goliath_mobile/install/hoverboard_hardware_interface/share/ament_index/resource_index/packages/hoverboard_hardware_interface
-- Symlinking: /home/bart/goliath_mobile/install/hoverboard_hardware_interface/share/ament_index/resource_index/hardware_interface__pluginlib__plugin/hoverboard_hardware_interface
-- Symlinking: /home/bart/goliath_mobile/install/hoverboard_hardware_interface/share/hoverboard_hardware_interface/cmake/ament_cmake_export_dependencies-extras.cmake
-- Symlinking: /home/bart/goliath_mobile/install/hoverboard_hardware_interface/share/hoverboard_hardware_interface/cmake/ament_cmake_export_include_directories-extras.cmake
-- Symlinking: /home/bart/goliath_mobile/install/hoverboard_hardware_interface/share/hoverboard_hardware_interface/cmake/ament_cmake_export_libraries-extras.cmake
-- Symlinking: /home/bart/goliath_mobile/install/hoverboard_hardware_interface/share/hoverboard_hardware_interface/cmake/hoverboard_hardware_interfaceConfig.cmake
-- Symlinking: /home/bart/goliath_mobile/install/hoverboard_hardware_interface/share/hoverboard_hardware_interface/cmake/hoverboard_hardware_interfaceConfig-version.cmake
-- Symlinking: /home/bart/goliath_mobile/install/hoverboard_hardware_interface/share/hoverboard_hardware_interface/package.xml
