running develop
running egg_info
creating gripper_description.egg-info
writing gripper_description.egg-info/PKG-INFO
writing dependency_links to gripper_description.egg-info/dependency_links.txt
writing entry points to gripper_description.egg-info/entry_points.txt
writing requirements to gripper_description.egg-info/requires.txt
writing top-level names to gripper_description.egg-info/top_level.txt
writing manifest file 'gripper_description.egg-info/SOURCES.txt'
reading manifest file 'gripper_description.egg-info/SOURCES.txt'
writing manifest file 'gripper_description.egg-info/SOURCES.txt'
running build_ext
Creating /home/bart/goliath_mobile/install/gripper_description/lib/python3.10/site-packages/gripper-description.egg-link (link to .)

Installed /home/bart/goliath_mobile/build/gripper_description
running symlink_data
creating /home/bart/goliath_mobile/install/gripper_description/share/ament_index
creating /home/bart/goliath_mobile/install/gripper_description/share/ament_index/resource_index
creating /home/bart/goliath_mobile/install/gripper_description/share/ament_index/resource_index/packages
symbolically linking /home/bart/goliath_mobile/build/gripper_description/resource/gripper_description -> /home/bart/goliath_mobile/install/gripper_description/share/ament_index/resource_index/packages
symbolically linking /home/bart/goliath_mobile/build/gripper_description/package.xml -> /home/bart/goliath_mobile/install/gripper_description/share/gripper_description
creating /home/bart/goliath_mobile/install/gripper_description/share/gripper_description/launch
symbolically linking /home/bart/goliath_mobile/build/gripper_description/launch/gazebo.launch.py -> /home/bart/goliath_mobile/install/gripper_description/share/gripper_description/launch
symbolically linking /home/bart/goliath_mobile/build/gripper_description/launch/display.launch.py -> /home/bart/goliath_mobile/install/gripper_description/share/gripper_description/launch
creating /home/bart/goliath_mobile/install/gripper_description/share/gripper_description/urdf
symbolically linking /home/bart/goliath_mobile/build/gripper_description/urdf/gripper.xacro -> /home/bart/goliath_mobile/install/gripper_description/share/gripper_description/urdf
symbolically linking /home/bart/goliath_mobile/build/gripper_description/urdf/materials.xacro -> /home/bart/goliath_mobile/install/gripper_description/share/gripper_description/urdf
symbolically linking /home/bart/goliath_mobile/build/gripper_description/urdf/gripper.gazebo -> /home/bart/goliath_mobile/install/gripper_description/share/gripper_description/urdf
symbolically linking /home/bart/goliath_mobile/build/gripper_description/urdf/gripper.trans -> /home/bart/goliath_mobile/install/gripper_description/share/gripper_description/urdf
creating /home/bart/goliath_mobile/install/gripper_description/share/gripper_description/meshes
symbolically linking /home/bart/goliath_mobile/build/gripper_description/meshes/rubber_right_1.stl -> /home/bart/goliath_mobile/install/gripper_description/share/gripper_description/meshes
symbolically linking /home/bart/goliath_mobile/build/gripper_description/meshes/grip_mount_1.stl -> /home/bart/goliath_mobile/install/gripper_description/share/gripper_description/meshes
symbolically linking /home/bart/goliath_mobile/build/gripper_description/meshes/left_mount_1.stl -> /home/bart/goliath_mobile/install/gripper_description/share/gripper_description/meshes
symbolically linking /home/bart/goliath_mobile/build/gripper_description/meshes/tool_base.stl -> /home/bart/goliath_mobile/install/gripper_description/share/gripper_description/meshes
symbolically linking /home/bart/goliath_mobile/build/gripper_description/meshes/rubber_left_1.stl -> /home/bart/goliath_mobile/install/gripper_description/share/gripper_description/meshes
symbolically linking /home/bart/goliath_mobile/build/gripper_description/meshes/base_link.stl -> /home/bart/goliath_mobile/install/gripper_description/share/gripper_description/meshes
symbolically linking /home/bart/goliath_mobile/build/gripper_description/meshes/t_shirt_1.stl -> /home/bart/goliath_mobile/install/gripper_description/share/gripper_description/meshes
symbolically linking /home/bart/goliath_mobile/build/gripper_description/meshes/right_mount_1.stl -> /home/bart/goliath_mobile/install/gripper_description/share/gripper_description/meshes
creating /home/bart/goliath_mobile/install/gripper_description/share/gripper_description/config
symbolically linking /home/bart/goliath_mobile/build/gripper_description/config/display.rviz -> /home/bart/goliath_mobile/install/gripper_description/share/gripper_description/config
symbolically linking /home/bart/goliath_mobile/build/gripper_description/config/gazebo.rviz -> /home/bart/goliath_mobile/install/gripper_description/share/gripper_description/config
symbolically linking /home/bart/goliath_mobile/build/gripper_description/config/ros_gz_bridge_gazebo.yaml -> /home/bart/goliath_mobile/install/gripper_description/share/gripper_description/config
