[  3%] Built target goliath_interfaces__cpp
[ 12%] Built target goliath_interfaces__rosidl_generator_c
[ 15%] Built target goliath_interfaces__rs
[ 15%] Built target ament_cmake_python_symlink_goliath_interfaces
[ 25%] Built target goliath_interfaces__rosidl_typesupport_fastrtps_cpp
[ 34%] Built target goliath_interfaces__rosidl_typesupport_introspection_cpp
[ 43%] Built target goliath_interfaces__rosidl_typesupport_cpp
[ 53%] Built target goliath_interfaces__rosidl_typesupport_introspection_c
[ 62%] Built target goliath_interfaces__rosidl_typesupport_c
[ 71%] Built target goliath_interfaces__rosidl_typesupport_fastrtps_c
[ 71%] Built target goliath_interfaces
[ 75%] Built target goliath_interfaces__py
[ 81%] Built target goliath_interfaces__rosidl_generator_py
[ 87%] Built target goliath_interfaces__rosidl_typesupport_introspection_c__pyext
[ 93%] Built target goliath_interfaces__rosidl_typesupport_c__pyext
[100%] Built target goliath_interfaces__rosidl_typesupport_fastrtps_c__pyext
running egg_info
writing goliath_interfaces.egg-info/PKG-INFO
writing dependency_links to goliath_interfaces.egg-info/dependency_links.txt
writing top-level names to goliath_interfaces.egg-info/top_level.txt
reading manifest file 'goliath_interfaces.egg-info/SOURCES.txt'
writing manifest file 'goliath_interfaces.egg-info/SOURCES.txt'
[100%] Built target ament_cmake_python_build_goliath_interfaces_egg
-- Install configuration: ""
-- Execute custom install script
-- Up-to-date symlink: /home/bart/goliath_mobile/install/goliath_interfaces/share/ament_index/resource_index/rosidl_interfaces/goliath_interfaces
-- Up-to-date symlink: /home/bart/goliath_mobile/install/goliath_interfaces/include/goliath_interfaces/goliath_interfaces/msg/detail/pose_command__functions.h
-- Up-to-date symlink: /home/bart/goliath_mobile/install/goliath_interfaces/include/goliath_interfaces/goliath_interfaces/msg/detail/pose_command__struct.h
-- Up-to-date symlink: /home/bart/goliath_mobile/install/goliath_interfaces/include/goliath_interfaces/goliath_interfaces/msg/detail/pose_command__type_support.h
-- Up-to-date symlink: /home/bart/goliath_mobile/install/goliath_interfaces/include/goliath_interfaces/goliath_interfaces/msg/pose_command.h
-- Up-to-date symlink: /home/bart/goliath_mobile/install/goliath_interfaces/include/goliath_interfaces/goliath_interfaces/msg/rosidl_generator_c__visibility_control.h
-- Up-to-date symlink: /home/bart/goliath_mobile/install/goliath_interfaces/share/goliath_interfaces/environment/library_path.sh
-- Up-to-date symlink: /home/bart/goliath_mobile/install/goliath_interfaces/share/goliath_interfaces/environment/library_path.dsv
-- Up-to-date symlink: /home/bart/goliath_mobile/install/goliath_interfaces/include/goliath_interfaces/goliath_interfaces/msg/detail/pose_command__rosidl_typesupport_fastrtps_c.h
-- Up-to-date symlink: /home/bart/goliath_mobile/install/goliath_interfaces/include/goliath_interfaces/goliath_interfaces/msg/rosidl_typesupport_fastrtps_c__visibility_control.h
-- Up-to-date symlink: /home/bart/goliath_mobile/install/goliath_interfaces/include/goliath_interfaces/goliath_interfaces/msg/detail/pose_command__rosidl_typesupport_introspection_c.h
-- Up-to-date symlink: /home/bart/goliath_mobile/install/goliath_interfaces/include/goliath_interfaces/goliath_interfaces/msg/rosidl_typesupport_introspection_c__visibility_control.h
-- Up-to-date symlink: /home/bart/goliath_mobile/install/goliath_interfaces/include/goliath_interfaces/goliath_interfaces/msg/detail/pose_command__builder.hpp
-- Up-to-date symlink: /home/bart/goliath_mobile/install/goliath_interfaces/include/goliath_interfaces/goliath_interfaces/msg/detail/pose_command__struct.hpp
-- Up-to-date symlink: /home/bart/goliath_mobile/install/goliath_interfaces/include/goliath_interfaces/goliath_interfaces/msg/detail/pose_command__traits.hpp
-- Up-to-date symlink: /home/bart/goliath_mobile/install/goliath_interfaces/include/goliath_interfaces/goliath_interfaces/msg/detail/pose_command__type_support.hpp
-- Up-to-date symlink: /home/bart/goliath_mobile/install/goliath_interfaces/include/goliath_interfaces/goliath_interfaces/msg/pose_command.hpp
-- Up-to-date symlink: /home/bart/goliath_mobile/install/goliath_interfaces/include/goliath_interfaces/goliath_interfaces/msg/rosidl_generator_cpp__visibility_control.hpp
-- Up-to-date symlink: /home/bart/goliath_mobile/install/goliath_interfaces/include/goliath_interfaces/goliath_interfaces/msg/detail/pose_command__rosidl_typesupport_fastrtps_cpp.hpp
-- Up-to-date symlink: /home/bart/goliath_mobile/install/goliath_interfaces/include/goliath_interfaces/goliath_interfaces/msg/rosidl_typesupport_fastrtps_cpp__visibility_control.h
-- Up-to-date symlink: /home/bart/goliath_mobile/install/goliath_interfaces/include/goliath_interfaces/goliath_interfaces/msg/detail/pose_command__rosidl_typesupport_introspection_cpp.hpp
-- Up-to-date symlink: /home/bart/goliath_mobile/install/goliath_interfaces/share/goliath_interfaces/environment/pythonpath.sh
-- Up-to-date symlink: /home/bart/goliath_mobile/install/goliath_interfaces/share/goliath_interfaces/environment/pythonpath.dsv
-- Up-to-date symlink: /home/bart/goliath_mobile/install/goliath_interfaces/local/lib/python3.10/dist-packages/goliath_interfaces-0.0.0-py3.10.egg-info/PKG-INFO
-- Up-to-date symlink: /home/bart/goliath_mobile/install/goliath_interfaces/local/lib/python3.10/dist-packages/goliath_interfaces-0.0.0-py3.10.egg-info/SOURCES.txt
-- Up-to-date symlink: /home/bart/goliath_mobile/install/goliath_interfaces/local/lib/python3.10/dist-packages/goliath_interfaces-0.0.0-py3.10.egg-info/dependency_links.txt
-- Up-to-date symlink: /home/bart/goliath_mobile/install/goliath_interfaces/local/lib/python3.10/dist-packages/goliath_interfaces-0.0.0-py3.10.egg-info/top_level.txt
-- Up-to-date symlink: /home/bart/goliath_mobile/install/goliath_interfaces/local/lib/python3.10/dist-packages/goliath_interfaces/__init__.py
-- Up-to-date symlink: /home/bart/goliath_mobile/install/goliath_interfaces/local/lib/python3.10/dist-packages/goliath_interfaces/_goliath_interfaces_s.ep.rosidl_typesupport_c.c
-- Up-to-date symlink: /home/bart/goliath_mobile/install/goliath_interfaces/local/lib/python3.10/dist-packages/goliath_interfaces/_goliath_interfaces_s.ep.rosidl_typesupport_fastrtps_c.c
-- Up-to-date symlink: /home/bart/goliath_mobile/install/goliath_interfaces/local/lib/python3.10/dist-packages/goliath_interfaces/_goliath_interfaces_s.ep.rosidl_typesupport_introspection_c.c
-- Up-to-date symlink: /home/bart/goliath_mobile/install/goliath_interfaces/local/lib/python3.10/dist-packages/goliath_interfaces/goliath_interfaces_s__rosidl_typesupport_c.cpython-310-x86_64-linux-gnu.so
-- Up-to-date symlink: /home/bart/goliath_mobile/install/goliath_interfaces/local/lib/python3.10/dist-packages/goliath_interfaces/goliath_interfaces_s__rosidl_typesupport_fastrtps_c.cpython-310-x86_64-linux-gnu.so
-- Up-to-date symlink: /home/bart/goliath_mobile/install/goliath_interfaces/local/lib/python3.10/dist-packages/goliath_interfaces/goliath_interfaces_s__rosidl_typesupport_introspection_c.cpython-310-x86_64-linux-gnu.so
-- Up-to-date symlink: /home/bart/goliath_mobile/install/goliath_interfaces/local/lib/python3.10/dist-packages/goliath_interfaces/libgoliath_interfaces__rosidl_generator_py.so
-- Up-to-date symlink: /home/bart/goliath_mobile/install/goliath_interfaces/local/lib/python3.10/dist-packages/goliath_interfaces/msg/__init__.py
-- Up-to-date symlink: /home/bart/goliath_mobile/install/goliath_interfaces/local/lib/python3.10/dist-packages/goliath_interfaces/msg/_pose_command.py
-- Up-to-date symlink: /home/bart/goliath_mobile/install/goliath_interfaces/local/lib/python3.10/dist-packages/goliath_interfaces/msg/_pose_command_s.c
-- Up-to-date symlink: /home/bart/goliath_mobile/install/goliath_interfaces/local/lib/python3.10/dist-packages/goliath_interfaces/goliath_interfaces_s__rosidl_typesupport_fastrtps_c.cpython-310-x86_64-linux-gnu.so
-- Up-to-date symlink: /home/bart/goliath_mobile/install/goliath_interfaces/local/lib/python3.10/dist-packages/goliath_interfaces/goliath_interfaces_s__rosidl_typesupport_introspection_c.cpython-310-x86_64-linux-gnu.so
-- Up-to-date symlink: /home/bart/goliath_mobile/install/goliath_interfaces/local/lib/python3.10/dist-packages/goliath_interfaces/goliath_interfaces_s__rosidl_typesupport_c.cpython-310-x86_64-linux-gnu.so
-- Up-to-date symlink: /home/bart/goliath_mobile/install/goliath_interfaces/share/ament_index/resource_index/rust_packages/goliath_interfaces
-- Up-to-date symlink: /home/bart/goliath_mobile/install/goliath_interfaces/share/goliath_interfaces/rust/Cargo.toml
-- Up-to-date symlink: /home/bart/goliath_mobile/install/goliath_interfaces/share/goliath_interfaces/rust/build.rs
-- Up-to-date symlink: /home/bart/goliath_mobile/install/goliath_interfaces/share/goliath_interfaces/rust/src/lib.rs
-- Up-to-date symlink: /home/bart/goliath_mobile/install/goliath_interfaces/share/goliath_interfaces/rust/src/msg.rs
-- Up-to-date symlink: /home/bart/goliath_mobile/install/goliath_interfaces/share/goliath_interfaces/rust/src/msg/rmw.rs
-- Up-to-date symlink: /home/bart/goliath_mobile/install/goliath_interfaces/share/goliath_interfaces/msg/PoseCommand.idl
-- Up-to-date symlink: /home/bart/goliath_mobile/install/goliath_interfaces/share/goliath_interfaces/msg/PoseCommand.msg
-- Up-to-date symlink: /home/bart/goliath_mobile/install/goliath_interfaces/share/ament_index/resource_index/package_run_dependencies/goliath_interfaces
-- Up-to-date symlink: /home/bart/goliath_mobile/install/goliath_interfaces/share/ament_index/resource_index/parent_prefix_path/goliath_interfaces
-- Up-to-date symlink: /home/bart/goliath_mobile/install/goliath_interfaces/share/goliath_interfaces/environment/ament_prefix_path.sh
-- Up-to-date symlink: /home/bart/goliath_mobile/install/goliath_interfaces/share/goliath_interfaces/environment/ament_prefix_path.dsv
-- Up-to-date symlink: /home/bart/goliath_mobile/install/goliath_interfaces/share/goliath_interfaces/environment/path.sh
-- Up-to-date symlink: /home/bart/goliath_mobile/install/goliath_interfaces/share/goliath_interfaces/environment/path.dsv
-- Up-to-date symlink: /home/bart/goliath_mobile/install/goliath_interfaces/share/goliath_interfaces/local_setup.bash
-- Up-to-date symlink: /home/bart/goliath_mobile/install/goliath_interfaces/share/goliath_interfaces/local_setup.sh
-- Up-to-date symlink: /home/bart/goliath_mobile/install/goliath_interfaces/share/goliath_interfaces/local_setup.zsh
-- Up-to-date symlink: /home/bart/goliath_mobile/install/goliath_interfaces/share/goliath_interfaces/local_setup.dsv
-- Symlinking: /home/bart/goliath_mobile/install/goliath_interfaces/share/goliath_interfaces/package.dsv
-- Up-to-date symlink: /home/bart/goliath_mobile/install/goliath_interfaces/share/ament_index/resource_index/packages/goliath_interfaces
-- Up-to-date symlink: /home/bart/goliath_mobile/install/goliath_interfaces/share/goliath_interfaces/cmake/rosidl_cmake-extras.cmake
-- Up-to-date symlink: /home/bart/goliath_mobile/install/goliath_interfaces/share/goliath_interfaces/cmake/ament_cmake_export_include_directories-extras.cmake
-- Up-to-date symlink: /home/bart/goliath_mobile/install/goliath_interfaces/share/goliath_interfaces/cmake/ament_cmake_export_libraries-extras.cmake
-- Up-to-date symlink: /home/bart/goliath_mobile/install/goliath_interfaces/share/goliath_interfaces/cmake/ament_cmake_export_targets-extras.cmake
-- Up-to-date symlink: /home/bart/goliath_mobile/install/goliath_interfaces/share/goliath_interfaces/cmake/rosidl_cmake_export_typesupport_targets-extras.cmake
-- Up-to-date symlink: /home/bart/goliath_mobile/install/goliath_interfaces/share/goliath_interfaces/cmake/ament_cmake_export_dependencies-extras.cmake
-- Up-to-date symlink: /home/bart/goliath_mobile/install/goliath_interfaces/share/goliath_interfaces/cmake/rosidl_cmake_export_typesupport_libraries-extras.cmake
-- Up-to-date symlink: /home/bart/goliath_mobile/install/goliath_interfaces/share/goliath_interfaces/cmake/goliath_interfacesConfig.cmake
-- Up-to-date symlink: /home/bart/goliath_mobile/install/goliath_interfaces/share/goliath_interfaces/cmake/goliath_interfacesConfig-version.cmake
-- Up-to-date symlink: /home/bart/goliath_mobile/install/goliath_interfaces/share/goliath_interfaces/package.xml
-- Up-to-date: /home/bart/goliath_mobile/install/goliath_interfaces/lib/libgoliath_interfaces__rosidl_generator_c.so
-- Up-to-date: /home/bart/goliath_mobile/install/goliath_interfaces/lib/libgoliath_interfaces__rosidl_typesupport_fastrtps_c.so
-- Up-to-date: /home/bart/goliath_mobile/install/goliath_interfaces/lib/libgoliath_interfaces__rosidl_typesupport_introspection_c.so
-- Up-to-date: /home/bart/goliath_mobile/install/goliath_interfaces/lib/libgoliath_interfaces__rosidl_typesupport_c.so
-- Up-to-date: /home/bart/goliath_mobile/install/goliath_interfaces/lib/libgoliath_interfaces__rosidl_typesupport_fastrtps_cpp.so
-- Up-to-date: /home/bart/goliath_mobile/install/goliath_interfaces/lib/libgoliath_interfaces__rosidl_typesupport_introspection_cpp.so
-- Up-to-date: /home/bart/goliath_mobile/install/goliath_interfaces/lib/libgoliath_interfaces__rosidl_typesupport_cpp.so
Listing '/home/bart/goliath_mobile/install/goliath_interfaces/local/lib/python3.10/dist-packages/goliath_interfaces'...
Listing '/home/bart/goliath_mobile/install/goliath_interfaces/local/lib/python3.10/dist-packages/goliath_interfaces/msg'...
-- Up-to-date: /home/bart/goliath_mobile/install/goliath_interfaces/lib/libgoliath_interfaces__rosidl_generator_py.so
-- Up-to-date: /home/bart/goliath_mobile/install/goliath_interfaces/share/goliath_interfaces/cmake/export_goliath_interfaces__rosidl_generator_cExport.cmake
-- Up-to-date: /home/bart/goliath_mobile/install/goliath_interfaces/share/goliath_interfaces/cmake/export_goliath_interfaces__rosidl_generator_cExport-noconfig.cmake
-- Up-to-date: /home/bart/goliath_mobile/install/goliath_interfaces/share/goliath_interfaces/cmake/export_goliath_interfaces__rosidl_typesupport_fastrtps_cExport.cmake
-- Up-to-date: /home/bart/goliath_mobile/install/goliath_interfaces/share/goliath_interfaces/cmake/export_goliath_interfaces__rosidl_typesupport_fastrtps_cExport-noconfig.cmake
-- Up-to-date: /home/bart/goliath_mobile/install/goliath_interfaces/share/goliath_interfaces/cmake/goliath_interfaces__rosidl_typesupport_introspection_cExport.cmake
-- Up-to-date: /home/bart/goliath_mobile/install/goliath_interfaces/share/goliath_interfaces/cmake/goliath_interfaces__rosidl_typesupport_introspection_cExport-noconfig.cmake
-- Up-to-date: /home/bart/goliath_mobile/install/goliath_interfaces/share/goliath_interfaces/cmake/goliath_interfaces__rosidl_typesupport_cExport.cmake
-- Up-to-date: /home/bart/goliath_mobile/install/goliath_interfaces/share/goliath_interfaces/cmake/goliath_interfaces__rosidl_typesupport_cExport-noconfig.cmake
-- Up-to-date: /home/bart/goliath_mobile/install/goliath_interfaces/share/goliath_interfaces/cmake/export_goliath_interfaces__rosidl_generator_cppExport.cmake
-- Up-to-date: /home/bart/goliath_mobile/install/goliath_interfaces/share/goliath_interfaces/cmake/export_goliath_interfaces__rosidl_typesupport_fastrtps_cppExport.cmake
-- Up-to-date: /home/bart/goliath_mobile/install/goliath_interfaces/share/goliath_interfaces/cmake/export_goliath_interfaces__rosidl_typesupport_fastrtps_cppExport-noconfig.cmake
-- Up-to-date: /home/bart/goliath_mobile/install/goliath_interfaces/share/goliath_interfaces/cmake/goliath_interfaces__rosidl_typesupport_introspection_cppExport.cmake
-- Up-to-date: /home/bart/goliath_mobile/install/goliath_interfaces/share/goliath_interfaces/cmake/goliath_interfaces__rosidl_typesupport_introspection_cppExport-noconfig.cmake
-- Up-to-date: /home/bart/goliath_mobile/install/goliath_interfaces/share/goliath_interfaces/cmake/goliath_interfaces__rosidl_typesupport_cppExport.cmake
-- Up-to-date: /home/bart/goliath_mobile/install/goliath_interfaces/share/goliath_interfaces/cmake/goliath_interfaces__rosidl_typesupport_cppExport-noconfig.cmake
-- Up-to-date: /home/bart/goliath_mobile/install/goliath_interfaces/share/goliath_interfaces/cmake/export_goliath_interfaces__rosidl_generator_pyExport.cmake
-- Up-to-date: /home/bart/goliath_mobile/install/goliath_interfaces/share/goliath_interfaces/cmake/export_goliath_interfaces__rosidl_generator_pyExport-noconfig.cmake
