[0.456s] Invoking command in '/home/bart/goliath_mobile/build/hoverboard_demo_description': CMAKE_PREFIX_PATH=${CMAKE_PREFIX_PATH}:/home/bart/goliath_mobile/install/ros2_control_demo_testing:/home/bart/goliath_mobile/install/gripper_description:/opt/ros/humble /usr/bin/cmake --build /home/bart/goliath_mobile/build/hoverboard_demo_description -- -j4 -l4
[0.691s] Invoked command in '/home/bart/goliath_mobile/build/hoverboard_demo_description' returned '0': CMAKE_PREFIX_PATH=${CMAKE_PREFIX_PATH}:/home/bart/goliath_mobile/install/ros2_control_demo_testing:/home/bart/goliath_mobile/install/gripper_description:/opt/ros/humble /usr/bin/cmake --build /home/bart/goliath_mobile/build/hoverboard_demo_description -- -j4 -l4
[0.708s] Invoking command in '/home/bart/goliath_mobile/build/hoverboard_demo_description': CMAKE_PREFIX_PATH=${CMAKE_PREFIX_PATH}:/home/bart/goliath_mobile/install/ros2_control_demo_testing:/home/bart/goliath_mobile/install/gripper_description:/opt/ros/humble /usr/bin/cmake --install /home/bart/goliath_mobile/build/hoverboard_demo_description
[0.742s] -- Install configuration: ""
[0.749s] -- Execute custom install script
[0.749s] -- Up-to-date symlink: /home/bart/goliath_mobile/install/hoverboard_demo_description/share/hoverboard_demo_description/urdf/hoverboard_description.xacro
[0.749s] -- Up-to-date symlink: /home/bart/goliath_mobile/install/hoverboard_demo_description/share/hoverboard_demo_description/urdf/macros.xacro
[0.750s] -- Up-to-date symlink: /home/bart/goliath_mobile/install/hoverboard_demo_description/share/hoverboard_demo_description/urdf/materials.xacro
[0.750s] -- Up-to-date symlink: /home/bart/goliath_mobile/install/hoverboard_demo_description/share/hoverboard_demo_description/urdf/ros2_control.xacro
[0.750s] -- Up-to-date symlink: /home/bart/goliath_mobile/install/hoverboard_demo_description/share/hoverboard_demo_description/urdf/wheels.xacro
[0.752s] -- Up-to-date symlink: /home/bart/goliath_mobile/install/hoverboard_demo_description/share/hoverboard_demo_description/rviz/hoverboard.rviz
[0.759s] -- Up-to-date symlink: /home/bart/goliath_mobile/install/hoverboard_demo_description/share/hoverboard_demo_description/meshes/base_link.stl
[0.759s] -- Up-to-date symlink: /home/bart/goliath_mobile/install/hoverboard_demo_description/share/hoverboard_demo_description/meshes/front_plate.stl
[0.760s] -- Up-to-date symlink: /home/bart/goliath_mobile/install/hoverboard_demo_description/share/hoverboard_demo_description/meshes/imu.stl
[0.760s] -- Up-to-date symlink: /home/bart/goliath_mobile/install/hoverboard_demo_description/share/hoverboard_demo_description/meshes/jetson.stl
[0.760s] -- Up-to-date symlink: /home/bart/goliath_mobile/install/hoverboard_demo_description/share/hoverboard_demo_description/meshes/left_back_wheel.stl
[0.760s] -- Up-to-date symlink: /home/bart/goliath_mobile/install/hoverboard_demo_description/share/hoverboard_demo_description/meshes/left_front_wheel.stl
[0.760s] -- Up-to-date symlink: /home/bart/goliath_mobile/install/hoverboard_demo_description/share/hoverboard_demo_description/meshes/left_plate.stl
[0.760s] -- Up-to-date symlink: /home/bart/goliath_mobile/install/hoverboard_demo_description/share/hoverboard_demo_description/meshes/lidar.stl
[0.761s] -- Up-to-date symlink: /home/bart/goliath_mobile/install/hoverboard_demo_description/share/hoverboard_demo_description/meshes/logo1.stl
[0.761s] -- Up-to-date symlink: /home/bart/goliath_mobile/install/hoverboard_demo_description/share/hoverboard_demo_description/meshes/logo2.stl
[0.763s] -- Up-to-date symlink: /home/bart/goliath_mobile/install/hoverboard_demo_description/share/hoverboard_demo_description/meshes/mount_link.stl
[0.764s] -- Up-to-date symlink: /home/bart/goliath_mobile/install/hoverboard_demo_description/share/hoverboard_demo_description/meshes/plate.stl
[0.764s] -- Up-to-date symlink: /home/bart/goliath_mobile/install/hoverboard_demo_description/share/hoverboard_demo_description/meshes/rear_plate.stl
[0.764s] -- Up-to-date symlink: /home/bart/goliath_mobile/install/hoverboard_demo_description/share/hoverboard_demo_description/meshes/right_back_wheel.stl
[0.764s] -- Up-to-date symlink: /home/bart/goliath_mobile/install/hoverboard_demo_description/share/hoverboard_demo_description/meshes/right_front_wheel.stl
[0.764s] -- Up-to-date symlink: /home/bart/goliath_mobile/install/hoverboard_demo_description/share/hoverboard_demo_description/meshes/right_plate.stl
[0.764s] -- Up-to-date symlink: /home/bart/goliath_mobile/install/hoverboard_demo_description/share/hoverboard_demo_description/meshes/top_cover.stl
[0.766s] -- Up-to-date symlink: /home/bart/goliath_mobile/install/hoverboard_demo_description/share/hoverboard_demo_description/meshes/zed_mini.stl
[0.767s] -- Up-to-date symlink: /home/bart/goliath_mobile/install/hoverboard_demo_description/share/ament_index/resource_index/package_run_dependencies/hoverboard_demo_description
[0.770s] -- Up-to-date symlink: /home/bart/goliath_mobile/install/hoverboard_demo_description/share/ament_index/resource_index/parent_prefix_path/hoverboard_demo_description
[0.771s] -- Up-to-date symlink: /home/bart/goliath_mobile/install/hoverboard_demo_description/share/hoverboard_demo_description/environment/ament_prefix_path.sh
[0.771s] -- Up-to-date symlink: /home/bart/goliath_mobile/install/hoverboard_demo_description/share/hoverboard_demo_description/environment/ament_prefix_path.dsv
[0.771s] -- Up-to-date symlink: /home/bart/goliath_mobile/install/hoverboard_demo_description/share/hoverboard_demo_description/environment/path.sh
[0.771s] -- Up-to-date symlink: /home/bart/goliath_mobile/install/hoverboard_demo_description/share/hoverboard_demo_description/environment/path.dsv
[0.772s] -- Up-to-date symlink: /home/bart/goliath_mobile/install/hoverboard_demo_description/share/hoverboard_demo_description/local_setup.bash
[0.773s] -- Up-to-date symlink: /home/bart/goliath_mobile/install/hoverboard_demo_description/share/hoverboard_demo_description/local_setup.sh
[0.773s] -- Up-to-date symlink: /home/bart/goliath_mobile/install/hoverboard_demo_description/share/hoverboard_demo_description/local_setup.zsh
[0.774s] -- Up-to-date symlink: /home/bart/goliath_mobile/install/hoverboard_demo_description/share/hoverboard_demo_description/local_setup.dsv
[0.774s] -- Symlinking: /home/bart/goliath_mobile/install/hoverboard_demo_description/share/hoverboard_demo_description/package.dsv
[0.800s] -- Up-to-date symlink: /home/bart/goliath_mobile/install/hoverboard_demo_description/share/ament_index/resource_index/packages/hoverboard_demo_description
[0.801s] -- Up-to-date symlink: /home/bart/goliath_mobile/install/hoverboard_demo_description/share/hoverboard_demo_description/cmake/hoverboard_demo_descriptionConfig.cmake
[0.803s] -- Up-to-date symlink: /home/bart/goliath_mobile/install/hoverboard_demo_description/share/hoverboard_demo_description/cmake/hoverboard_demo_descriptionConfig-version.cmake
[0.804s] -- Up-to-date symlink: /home/bart/goliath_mobile/install/hoverboard_demo_description/share/hoverboard_demo_description/package.xml
[0.809s] Invoked command in '/home/bart/goliath_mobile/build/hoverboard_demo_description' returned '0': CMAKE_PREFIX_PATH=${CMAKE_PREFIX_PATH}:/home/bart/goliath_mobile/install/ros2_control_demo_testing:/home/bart/goliath_mobile/install/gripper_description:/opt/ros/humble /usr/bin/cmake --install /home/bart/goliath_mobile/build/hoverboard_demo_description
