-- Install configuration: ""
-- Execute custom install script
-- Up-to-date symlink: /home/bart/goliath_mobile/install/ros2_control_demo_description/share/ros2_control_demo_description/goliath/meshes/collision/base_link.stl
-- Up-to-date symlink: /home/bart/goliath_mobile/install/ros2_control_demo_description/share/ros2_control_demo_description/goliath/meshes/collision/link_0.stl
-- Up-to-date symlink: /home/bart/goliath_mobile/install/ros2_control_demo_description/share/ros2_control_demo_description/goliath/meshes/collision/link_1.stl
-- Up-to-date symlink: /home/bart/goliath_mobile/install/ros2_control_demo_description/share/ros2_control_demo_description/goliath/meshes/collision/link_2.stl
-- Up-to-date symlink: /home/bart/goliath_mobile/install/ros2_control_demo_description/share/ros2_control_demo_description/goliath/meshes/collision/link_3.stl
-- Up-to-date symlink: /home/bart/goliath_mobile/install/ros2_control_demo_description/share/ros2_control_demo_description/goliath/meshes/collision/link_4.stl
-- Up-to-date symlink: /home/bart/goliath_mobile/install/ros2_control_demo_description/share/ros2_control_demo_description/goliath/meshes/collision/link_5.stl
-- Up-to-date symlink: /home/bart/goliath_mobile/install/ros2_control_demo_description/share/ros2_control_demo_description/goliath/meshes/collision/link_6.stl
-- Up-to-date symlink: /home/bart/goliath_mobile/install/ros2_control_demo_description/share/ros2_control_demo_description/goliath/meshes/collision/tool_base.stl
-- Up-to-date symlink: /home/bart/goliath_mobile/install/ros2_control_demo_description/share/ros2_control_demo_description/goliath/meshes/collision/tool_connector.stl
-- Up-to-date symlink: /home/bart/goliath_mobile/install/ros2_control_demo_description/share/ros2_control_demo_description/goliath/meshes/visual/bae_link.stl
-- Up-to-date symlink: /home/bart/goliath_mobile/install/ros2_control_demo_description/share/ros2_control_demo_description/goliath/meshes/visual/link_0.stl
-- Up-to-date symlink: /home/bart/goliath_mobile/install/ros2_control_demo_description/share/ros2_control_demo_description/goliath/meshes/visual/link_1.stl
-- Up-to-date symlink: /home/bart/goliath_mobile/install/ros2_control_demo_description/share/ros2_control_demo_description/goliath/meshes/visual/link_2.stl
-- Up-to-date symlink: /home/bart/goliath_mobile/install/ros2_control_demo_description/share/ros2_control_demo_description/goliath/meshes/visual/link_3.stl
-- Up-to-date symlink: /home/bart/goliath_mobile/install/ros2_control_demo_description/share/ros2_control_demo_description/goliath/meshes/visual/link_4.stl
-- Up-to-date symlink: /home/bart/goliath_mobile/install/ros2_control_demo_description/share/ros2_control_demo_description/goliath/meshes/visual/link_5.stl
-- Up-to-date symlink: /home/bart/goliath_mobile/install/ros2_control_demo_description/share/ros2_control_demo_description/goliath/meshes/visual/link_6.stl
-- Up-to-date symlink: /home/bart/goliath_mobile/install/ros2_control_demo_description/share/ros2_control_demo_description/goliath/meshes/visual/tool_base.stl
-- Up-to-date symlink: /home/bart/goliath_mobile/install/ros2_control_demo_description/share/ros2_control_demo_description/goliath/meshes/visual/tool_connector.stl
-- Up-to-date symlink: /home/bart/goliath_mobile/install/ros2_control_demo_description/share/ros2_control_demo_description/goliath/srdf/r6bot.srdf
-- Up-to-date symlink: /home/bart/goliath_mobile/install/ros2_control_demo_description/share/ros2_control_demo_description/goliath/urdf/goliath_description.urdf.xacro
-- Up-to-date symlink: /home/bart/goliath_mobile/install/ros2_control_demo_description/share/ros2_control_demo_description/goliath/urdf/inc/create_link.xacro
-- Up-to-date symlink: /home/bart/goliath_mobile/install/ros2_control_demo_description/share/ros2_control_demo_description/goliath/urdf/meshes
-- Up-to-date symlink: /home/bart/goliath_mobile/install/ros2_control_demo_description/share/ros2_control_demo_description/goliath/rviz/view_robot.rviz
-- Up-to-date symlink: /home/bart/goliath_mobile/install/ros2_control_demo_description/share/ament_index/resource_index/package_run_dependencies/ros2_control_demo_description
-- Up-to-date symlink: /home/bart/goliath_mobile/install/ros2_control_demo_description/share/ament_index/resource_index/parent_prefix_path/ros2_control_demo_description
-- Up-to-date symlink: /home/bart/goliath_mobile/install/ros2_control_demo_description/share/ros2_control_demo_description/environment/ament_prefix_path.sh
-- Up-to-date symlink: /home/bart/goliath_mobile/install/ros2_control_demo_description/share/ros2_control_demo_description/environment/ament_prefix_path.dsv
-- Up-to-date symlink: /home/bart/goliath_mobile/install/ros2_control_demo_description/share/ros2_control_demo_description/environment/path.sh
-- Up-to-date symlink: /home/bart/goliath_mobile/install/ros2_control_demo_description/share/ros2_control_demo_description/environment/path.dsv
-- Up-to-date symlink: /home/bart/goliath_mobile/install/ros2_control_demo_description/share/ros2_control_demo_description/local_setup.bash
-- Up-to-date symlink: /home/bart/goliath_mobile/install/ros2_control_demo_description/share/ros2_control_demo_description/local_setup.sh
-- Up-to-date symlink: /home/bart/goliath_mobile/install/ros2_control_demo_description/share/ros2_control_demo_description/local_setup.zsh
-- Up-to-date symlink: /home/bart/goliath_mobile/install/ros2_control_demo_description/share/ros2_control_demo_description/local_setup.dsv
-- Symlinking: /home/bart/goliath_mobile/install/ros2_control_demo_description/share/ros2_control_demo_description/package.dsv
-- Up-to-date symlink: /home/bart/goliath_mobile/install/ros2_control_demo_description/share/ament_index/resource_index/packages/ros2_control_demo_description
-- Up-to-date symlink: /home/bart/goliath_mobile/install/ros2_control_demo_description/share/ros2_control_demo_description/cmake/ros2_control_demo_descriptionConfig.cmake
-- Up-to-date symlink: /home/bart/goliath_mobile/install/ros2_control_demo_description/share/ros2_control_demo_description/cmake/ros2_control_demo_descriptionConfig-version.cmake
-- Up-to-date symlink: /home/bart/goliath_mobile/install/ros2_control_demo_description/share/ros2_control_demo_description/package.xml
