[0.051s] Invoking command in '/home/bart/goliath_mobile/build/ros2_control_demo_description': CMAKE_PREFIX_PATH=${CMAKE_PREFIX_PATH}:/home/bart/goliath_mobile/install/ros2_control_demo_testing:/home/bart/goliath_mobile/install/gripper_description:/opt/ros/humble /usr/bin/cmake /home/bart/goliath_mobile/src/golitath_mobile/goliath/ros2_control_demo_description -DAMENT_CMAKE_SYMLINK_INSTALL=1 -DCMAKE_INSTALL_PREFIX=/home/bart/goliath_mobile/install/ros2_control_demo_description
[0.513s] -- The C compiler identification is GNU 11.4.0
[0.514s] -- The CXX compiler identification is GNU 11.4.0
[0.515s] -- Detecting C compiler ABI info
[0.558s] -- Detecting C compiler ABI info - done
[0.579s] -- Check for working C compiler: /usr/bin/cc - skipped
[0.580s] -- Detecting C compile features
[0.583s] -- Detecting C compile features - done
[0.592s] -- Detecting CXX compiler ABI info
[0.805s] -- Detecting CXX compiler ABI info - done
[0.831s] -- Check for working CXX compiler: /usr/bin/c++ - skipped
[0.831s] -- Detecting CXX compile features
[0.834s] -- Detecting CXX compile features - done
[0.844s] -- Found ament_cmake: 1.3.14 (/opt/ros/humble/share/ament_cmake/cmake)
[1.244s] -- Found Python3: /usr/bin/python3 (found version "3.10.12") found components: Interpreter 
[1.432s] -- Override CMake install command with custom implementation using symlinks instead of copying resources
[1.725s] -- Configuring done
[1.733s] -- Generating done
[1.739s] -- Build files have been written to: /home/bart/goliath_mobile/build/ros2_control_demo_description
[1.747s] Invoked command in '/home/bart/goliath_mobile/build/ros2_control_demo_description' returned '0': CMAKE_PREFIX_PATH=${CMAKE_PREFIX_PATH}:/home/bart/goliath_mobile/install/ros2_control_demo_testing:/home/bart/goliath_mobile/install/gripper_description:/opt/ros/humble /usr/bin/cmake /home/bart/goliath_mobile/src/golitath_mobile/goliath/ros2_control_demo_description -DAMENT_CMAKE_SYMLINK_INSTALL=1 -DCMAKE_INSTALL_PREFIX=/home/bart/goliath_mobile/install/ros2_control_demo_description
[1.751s] Invoking command in '/home/bart/goliath_mobile/build/ros2_control_demo_description': CMAKE_PREFIX_PATH=${CMAKE_PREFIX_PATH}:/home/bart/goliath_mobile/install/ros2_control_demo_testing:/home/bart/goliath_mobile/install/gripper_description:/opt/ros/humble /usr/bin/cmake --build /home/bart/goliath_mobile/build/ros2_control_demo_description -- -j4 -l4
[1.834s] Invoked command in '/home/bart/goliath_mobile/build/ros2_control_demo_description' returned '0': CMAKE_PREFIX_PATH=${CMAKE_PREFIX_PATH}:/home/bart/goliath_mobile/install/ros2_control_demo_testing:/home/bart/goliath_mobile/install/gripper_description:/opt/ros/humble /usr/bin/cmake --build /home/bart/goliath_mobile/build/ros2_control_demo_description -- -j4 -l4
[1.853s] Invoking command in '/home/bart/goliath_mobile/build/ros2_control_demo_description': CMAKE_PREFIX_PATH=${CMAKE_PREFIX_PATH}:/home/bart/goliath_mobile/install/ros2_control_demo_testing:/home/bart/goliath_mobile/install/gripper_description:/opt/ros/humble /usr/bin/cmake --install /home/bart/goliath_mobile/build/ros2_control_demo_description
[1.870s] -- Install configuration: ""
[1.871s] -- Execute custom install script
[1.872s] -- Symlinking: /home/bart/goliath_mobile/install/ros2_control_demo_description/share/ros2_control_demo_description/goliath/meshes/collision/base_link.stl
[1.889s] -- Symlinking: /home/bart/goliath_mobile/install/ros2_control_demo_description/share/ros2_control_demo_description/goliath/meshes/collision/link_0.stl
[1.907s] -- Symlinking: /home/bart/goliath_mobile/install/ros2_control_demo_description/share/ros2_control_demo_description/goliath/meshes/collision/link_1.stl
[1.924s] -- Symlinking: /home/bart/goliath_mobile/install/ros2_control_demo_description/share/ros2_control_demo_description/goliath/meshes/collision/link_2.stl
[1.943s] -- Symlinking: /home/bart/goliath_mobile/install/ros2_control_demo_description/share/ros2_control_demo_description/goliath/meshes/collision/link_3.stl
[1.961s] -- Symlinking: /home/bart/goliath_mobile/install/ros2_control_demo_description/share/ros2_control_demo_description/goliath/meshes/collision/link_4.stl
[1.978s] -- Symlinking: /home/bart/goliath_mobile/install/ros2_control_demo_description/share/ros2_control_demo_description/goliath/meshes/collision/link_5.stl
[1.997s] -- Symlinking: /home/bart/goliath_mobile/install/ros2_control_demo_description/share/ros2_control_demo_description/goliath/meshes/collision/link_6.stl
[2.015s] -- Symlinking: /home/bart/goliath_mobile/install/ros2_control_demo_description/share/ros2_control_demo_description/goliath/meshes/collision/tool_base.stl
[2.034s] -- Symlinking: /home/bart/goliath_mobile/install/ros2_control_demo_description/share/ros2_control_demo_description/goliath/meshes/collision/tool_connector.stl
[2.057s] -- Symlinking: /home/bart/goliath_mobile/install/ros2_control_demo_description/share/ros2_control_demo_description/goliath/meshes/visual/bae_link.stl
[2.078s] -- Symlinking: /home/bart/goliath_mobile/install/ros2_control_demo_description/share/ros2_control_demo_description/goliath/meshes/visual/link_0.stl
[2.097s] -- Symlinking: /home/bart/goliath_mobile/install/ros2_control_demo_description/share/ros2_control_demo_description/goliath/meshes/visual/link_1.stl
[2.113s] -- Symlinking: /home/bart/goliath_mobile/install/ros2_control_demo_description/share/ros2_control_demo_description/goliath/meshes/visual/link_2.stl
[2.130s] -- Symlinking: /home/bart/goliath_mobile/install/ros2_control_demo_description/share/ros2_control_demo_description/goliath/meshes/visual/link_3.stl
[2.150s] -- Symlinking: /home/bart/goliath_mobile/install/ros2_control_demo_description/share/ros2_control_demo_description/goliath/meshes/visual/link_4.stl
[2.171s] -- Symlinking: /home/bart/goliath_mobile/install/ros2_control_demo_description/share/ros2_control_demo_description/goliath/meshes/visual/link_5.stl
[2.190s] -- Symlinking: /home/bart/goliath_mobile/install/ros2_control_demo_description/share/ros2_control_demo_description/goliath/meshes/visual/link_6.stl
[2.207s] -- Symlinking: /home/bart/goliath_mobile/install/ros2_control_demo_description/share/ros2_control_demo_description/goliath/meshes/visual/tool_base.stl
[2.224s] -- Symlinking: /home/bart/goliath_mobile/install/ros2_control_demo_description/share/ros2_control_demo_description/goliath/meshes/visual/tool_connector.stl
[2.245s] -- Symlinking: /home/bart/goliath_mobile/install/ros2_control_demo_description/share/ros2_control_demo_description/goliath/srdf/r6bot.srdf
[2.270s] -- Symlinking: /home/bart/goliath_mobile/install/ros2_control_demo_description/share/ros2_control_demo_description/goliath/urdf/goliath_description.urdf.xacro
[2.285s] -- Symlinking: /home/bart/goliath_mobile/install/ros2_control_demo_description/share/ros2_control_demo_description/goliath/urdf/inc/create_link.xacro
[2.303s] -- Symlinking: /home/bart/goliath_mobile/install/ros2_control_demo_description/share/ros2_control_demo_description/goliath/urdf/meshes
[2.322s] -- Symlinking: /home/bart/goliath_mobile/install/ros2_control_demo_description/share/ros2_control_demo_description/goliath/rviz/view_robot.rviz
[2.340s] -- Symlinking: /home/bart/goliath_mobile/install/ros2_control_demo_description/share/ament_index/resource_index/package_run_dependencies/ros2_control_demo_description
[2.363s] -- Symlinking: /home/bart/goliath_mobile/install/ros2_control_demo_description/share/ament_index/resource_index/parent_prefix_path/ros2_control_demo_description
[2.383s] -- Symlinking: /home/bart/goliath_mobile/install/ros2_control_demo_description/share/ros2_control_demo_description/environment/ament_prefix_path.sh
[2.401s] -- Symlinking: /home/bart/goliath_mobile/install/ros2_control_demo_description/share/ros2_control_demo_description/environment/ament_prefix_path.dsv
[2.420s] -- Symlinking: /home/bart/goliath_mobile/install/ros2_control_demo_description/share/ros2_control_demo_description/environment/path.sh
[2.438s] -- Symlinking: /home/bart/goliath_mobile/install/ros2_control_demo_description/share/ros2_control_demo_description/environment/path.dsv
[2.459s] -- Symlinking: /home/bart/goliath_mobile/install/ros2_control_demo_description/share/ros2_control_demo_description/local_setup.bash
[2.478s] -- Symlinking: /home/bart/goliath_mobile/install/ros2_control_demo_description/share/ros2_control_demo_description/local_setup.sh
[2.500s] -- Symlinking: /home/bart/goliath_mobile/install/ros2_control_demo_description/share/ros2_control_demo_description/local_setup.zsh
[2.515s] -- Symlinking: /home/bart/goliath_mobile/install/ros2_control_demo_description/share/ros2_control_demo_description/local_setup.dsv
[2.532s] -- Symlinking: /home/bart/goliath_mobile/install/ros2_control_demo_description/share/ros2_control_demo_description/package.dsv
[2.553s] -- Symlinking: /home/bart/goliath_mobile/install/ros2_control_demo_description/share/ament_index/resource_index/packages/ros2_control_demo_description
[2.575s] -- Symlinking: /home/bart/goliath_mobile/install/ros2_control_demo_description/share/ros2_control_demo_description/cmake/ros2_control_demo_descriptionConfig.cmake
[2.593s] -- Symlinking: /home/bart/goliath_mobile/install/ros2_control_demo_description/share/ros2_control_demo_description/cmake/ros2_control_demo_descriptionConfig-version.cmake
[2.615s] -- Symlinking: /home/bart/goliath_mobile/install/ros2_control_demo_description/share/ros2_control_demo_description/package.xml
[2.639s] Invoked command in '/home/bart/goliath_mobile/build/ros2_control_demo_description' returned '0': CMAKE_PREFIX_PATH=${CMAKE_PREFIX_PATH}:/home/bart/goliath_mobile/install/ros2_control_demo_testing:/home/bart/goliath_mobile/install/gripper_description:/opt/ros/humble /usr/bin/cmake --install /home/bart/goliath_mobile/build/ros2_control_demo_description
