[0.461s] Invoking command in '/home/bart/goliath_mobile/build/goliath_interfaces': CMAKE_PREFIX_PATH=${CMAKE_PREFIX_PATH}:/home/bart/goliath_mobile/install/ros2_control_demo_testing:/home/bart/goliath_mobile/install/gripper_description:/opt/ros/humble /usr/bin/cmake --build /home/bart/goliath_mobile/build/goliath_interfaces -- -j4 -l4
[0.596s] [  3%] Built target goliath_interfaces__cpp
[0.599s] [ 12%] Built target goliath_interfaces__rosidl_generator_c
[0.614s] [ 15%] Built target goliath_interfaces__rs
[0.651s] [ 15%] Built target ament_cmake_python_symlink_goliath_interfaces
[0.687s] [ 25%] Built target goliath_interfaces__rosidl_typesupport_introspection_cpp
[0.700s] [ 34%] Built target goliath_interfaces__rosidl_typesupport_cpp
[0.742s] [ 43%] Built target goliath_interfaces__rosidl_typesupport_fastrtps_cpp
[0.746s] [ 53%] Built target goliath_interfaces__rosidl_typesupport_introspection_c
[0.781s] [ 62%] Built target goliath_interfaces__rosidl_typesupport_c
[0.781s] [ 71%] Built target goliath_interfaces__rosidl_typesupport_fastrtps_c
[0.845s] [ 71%] Built target goliath_interfaces
[0.918s] [ 75%] Built target goliath_interfaces__py
[1.008s] [ 81%] Built target goliath_interfaces__rosidl_generator_py
[1.084s] [ 87%] Built target goliath_interfaces__rosidl_typesupport_fastrtps_c__pyext
[1.091s] [ 93%] Built target goliath_interfaces__rosidl_typesupport_introspection_c__pyext
[1.099s] [100%] Built target goliath_interfaces__rosidl_typesupport_c__pyext
[1.380s] running egg_info
[1.381s] writing goliath_interfaces.egg-info/PKG-INFO
[1.381s] writing dependency_links to goliath_interfaces.egg-info/dependency_links.txt
[1.383s] writing top-level names to goliath_interfaces.egg-info/top_level.txt
[1.387s] reading manifest file 'goliath_interfaces.egg-info/SOURCES.txt'
[1.388s] writing manifest file 'goliath_interfaces.egg-info/SOURCES.txt'
[1.460s] [100%] Built target ament_cmake_python_build_goliath_interfaces_egg
[1.679s] Invoked command in '/home/bart/goliath_mobile/build/goliath_interfaces' returned '0': CMAKE_PREFIX_PATH=${CMAKE_PREFIX_PATH}:/home/bart/goliath_mobile/install/ros2_control_demo_testing:/home/bart/goliath_mobile/install/gripper_description:/opt/ros/humble /usr/bin/cmake --build /home/bart/goliath_mobile/build/goliath_interfaces -- -j4 -l4
[1.683s] Invoking command in '/home/bart/goliath_mobile/build/goliath_interfaces': CMAKE_PREFIX_PATH=${CMAKE_PREFIX_PATH}:/home/bart/goliath_mobile/install/ros2_control_demo_testing:/home/bart/goliath_mobile/install/gripper_description:/opt/ros/humble /usr/bin/cmake --install /home/bart/goliath_mobile/build/goliath_interfaces
[1.703s] -- Install configuration: ""
[1.704s] -- Execute custom install script
[1.704s] -- Up-to-date symlink: /home/bart/goliath_mobile/install/goliath_interfaces/share/ament_index/resource_index/rosidl_interfaces/goliath_interfaces
[1.706s] -- Up-to-date symlink: /home/bart/goliath_mobile/install/goliath_interfaces/include/goliath_interfaces/goliath_interfaces/msg/detail/pose_command__functions.h
[1.706s] -- Up-to-date symlink: /home/bart/goliath_mobile/install/goliath_interfaces/include/goliath_interfaces/goliath_interfaces/msg/detail/pose_command__struct.h
[1.709s] -- Up-to-date symlink: /home/bart/goliath_mobile/install/goliath_interfaces/include/goliath_interfaces/goliath_interfaces/msg/detail/pose_command__type_support.h
[1.709s] -- Up-to-date symlink: /home/bart/goliath_mobile/install/goliath_interfaces/include/goliath_interfaces/goliath_interfaces/msg/pose_command.h
[1.709s] -- Up-to-date symlink: /home/bart/goliath_mobile/install/goliath_interfaces/include/goliath_interfaces/goliath_interfaces/msg/rosidl_generator_c__visibility_control.h
[1.712s] -- Up-to-date symlink: /home/bart/goliath_mobile/install/goliath_interfaces/share/goliath_interfaces/environment/library_path.sh
[1.712s] -- Up-to-date symlink: /home/bart/goliath_mobile/install/goliath_interfaces/share/goliath_interfaces/environment/library_path.dsv
[1.713s] -- Up-to-date symlink: /home/bart/goliath_mobile/install/goliath_interfaces/include/goliath_interfaces/goliath_interfaces/msg/detail/pose_command__rosidl_typesupport_fastrtps_c.h
[1.713s] -- Up-to-date symlink: /home/bart/goliath_mobile/install/goliath_interfaces/include/goliath_interfaces/goliath_interfaces/msg/rosidl_typesupport_fastrtps_c__visibility_control.h
[1.717s] -- Up-to-date symlink: /home/bart/goliath_mobile/install/goliath_interfaces/include/goliath_interfaces/goliath_interfaces/msg/detail/pose_command__rosidl_typesupport_introspection_c.h
[1.719s] -- Up-to-date symlink: /home/bart/goliath_mobile/install/goliath_interfaces/include/goliath_interfaces/goliath_interfaces/msg/rosidl_typesupport_introspection_c__visibility_control.h
[1.720s] -- Up-to-date symlink: /home/bart/goliath_mobile/install/goliath_interfaces/include/goliath_interfaces/goliath_interfaces/msg/detail/pose_command__builder.hpp
[1.721s] -- Up-to-date symlink: /home/bart/goliath_mobile/install/goliath_interfaces/include/goliath_interfaces/goliath_interfaces/msg/detail/pose_command__struct.hpp
[1.722s] -- Up-to-date symlink: /home/bart/goliath_mobile/install/goliath_interfaces/include/goliath_interfaces/goliath_interfaces/msg/detail/pose_command__traits.hpp
[1.723s] -- Up-to-date symlink: /home/bart/goliath_mobile/install/goliath_interfaces/include/goliath_interfaces/goliath_interfaces/msg/detail/pose_command__type_support.hpp
[1.727s] -- Up-to-date symlink: /home/bart/goliath_mobile/install/goliath_interfaces/include/goliath_interfaces/goliath_interfaces/msg/pose_command.hpp
[1.730s] -- Up-to-date symlink: /home/bart/goliath_mobile/install/goliath_interfaces/include/goliath_interfaces/goliath_interfaces/msg/rosidl_generator_cpp__visibility_control.hpp
[1.731s] -- Up-to-date symlink: /home/bart/goliath_mobile/install/goliath_interfaces/include/goliath_interfaces/goliath_interfaces/msg/detail/pose_command__rosidl_typesupport_fastrtps_cpp.hpp
[1.731s] -- Up-to-date symlink: /home/bart/goliath_mobile/install/goliath_interfaces/include/goliath_interfaces/goliath_interfaces/msg/rosidl_typesupport_fastrtps_cpp__visibility_control.h
[1.732s] -- Up-to-date symlink: /home/bart/goliath_mobile/install/goliath_interfaces/include/goliath_interfaces/goliath_interfaces/msg/detail/pose_command__rosidl_typesupport_introspection_cpp.hpp
[1.732s] -- Up-to-date symlink: /home/bart/goliath_mobile/install/goliath_interfaces/share/goliath_interfaces/environment/pythonpath.sh
[1.734s] -- Up-to-date symlink: /home/bart/goliath_mobile/install/goliath_interfaces/share/goliath_interfaces/environment/pythonpath.dsv
[1.735s] -- Up-to-date symlink: /home/bart/goliath_mobile/install/goliath_interfaces/local/lib/python3.10/dist-packages/goliath_interfaces-0.0.0-py3.10.egg-info/PKG-INFO
[1.736s] -- Up-to-date symlink: /home/bart/goliath_mobile/install/goliath_interfaces/local/lib/python3.10/dist-packages/goliath_interfaces-0.0.0-py3.10.egg-info/SOURCES.txt
[1.737s] -- Up-to-date symlink: /home/bart/goliath_mobile/install/goliath_interfaces/local/lib/python3.10/dist-packages/goliath_interfaces-0.0.0-py3.10.egg-info/dependency_links.txt
[1.738s] -- Up-to-date symlink: /home/bart/goliath_mobile/install/goliath_interfaces/local/lib/python3.10/dist-packages/goliath_interfaces-0.0.0-py3.10.egg-info/top_level.txt
[1.738s] -- Up-to-date symlink: /home/bart/goliath_mobile/install/goliath_interfaces/local/lib/python3.10/dist-packages/goliath_interfaces/__init__.py
[1.738s] -- Up-to-date symlink: /home/bart/goliath_mobile/install/goliath_interfaces/local/lib/python3.10/dist-packages/goliath_interfaces/_goliath_interfaces_s.ep.rosidl_typesupport_c.c
[1.740s] -- Up-to-date symlink: /home/bart/goliath_mobile/install/goliath_interfaces/local/lib/python3.10/dist-packages/goliath_interfaces/_goliath_interfaces_s.ep.rosidl_typesupport_fastrtps_c.c
[1.741s] -- Up-to-date symlink: /home/bart/goliath_mobile/install/goliath_interfaces/local/lib/python3.10/dist-packages/goliath_interfaces/_goliath_interfaces_s.ep.rosidl_typesupport_introspection_c.c
[1.741s] -- Up-to-date symlink: /home/bart/goliath_mobile/install/goliath_interfaces/local/lib/python3.10/dist-packages/goliath_interfaces/goliath_interfaces_s__rosidl_typesupport_c.cpython-310-x86_64-linux-gnu.so
[1.742s] -- Up-to-date symlink: /home/bart/goliath_mobile/install/goliath_interfaces/local/lib/python3.10/dist-packages/goliath_interfaces/goliath_interfaces_s__rosidl_typesupport_fastrtps_c.cpython-310-x86_64-linux-gnu.so
[1.742s] -- Up-to-date symlink: /home/bart/goliath_mobile/install/goliath_interfaces/local/lib/python3.10/dist-packages/goliath_interfaces/goliath_interfaces_s__rosidl_typesupport_introspection_c.cpython-310-x86_64-linux-gnu.so
[1.743s] -- Up-to-date symlink: /home/bart/goliath_mobile/install/goliath_interfaces/local/lib/python3.10/dist-packages/goliath_interfaces/libgoliath_interfaces__rosidl_generator_py.so
[1.744s] -- Up-to-date symlink: /home/bart/goliath_mobile/install/goliath_interfaces/local/lib/python3.10/dist-packages/goliath_interfaces/msg/__init__.py
[1.745s] -- Up-to-date symlink: /home/bart/goliath_mobile/install/goliath_interfaces/local/lib/python3.10/dist-packages/goliath_interfaces/msg/_pose_command.py
[1.745s] -- Up-to-date symlink: /home/bart/goliath_mobile/install/goliath_interfaces/local/lib/python3.10/dist-packages/goliath_interfaces/msg/_pose_command_s.c
[1.747s] -- Up-to-date symlink: /home/bart/goliath_mobile/install/goliath_interfaces/local/lib/python3.10/dist-packages/goliath_interfaces/goliath_interfaces_s__rosidl_typesupport_fastrtps_c.cpython-310-x86_64-linux-gnu.so
[1.747s] -- Up-to-date symlink: /home/bart/goliath_mobile/install/goliath_interfaces/local/lib/python3.10/dist-packages/goliath_interfaces/goliath_interfaces_s__rosidl_typesupport_introspection_c.cpython-310-x86_64-linux-gnu.so
[1.747s] -- Up-to-date symlink: /home/bart/goliath_mobile/install/goliath_interfaces/local/lib/python3.10/dist-packages/goliath_interfaces/goliath_interfaces_s__rosidl_typesupport_c.cpython-310-x86_64-linux-gnu.so
[1.751s] -- Up-to-date symlink: /home/bart/goliath_mobile/install/goliath_interfaces/share/ament_index/resource_index/rust_packages/goliath_interfaces
[1.752s] -- Up-to-date symlink: /home/bart/goliath_mobile/install/goliath_interfaces/share/goliath_interfaces/rust/Cargo.toml
[1.752s] -- Up-to-date symlink: /home/bart/goliath_mobile/install/goliath_interfaces/share/goliath_interfaces/rust/build.rs
[1.752s] -- Up-to-date symlink: /home/bart/goliath_mobile/install/goliath_interfaces/share/goliath_interfaces/rust/src/lib.rs
[1.752s] -- Up-to-date symlink: /home/bart/goliath_mobile/install/goliath_interfaces/share/goliath_interfaces/rust/src/msg.rs
[1.753s] -- Up-to-date symlink: /home/bart/goliath_mobile/install/goliath_interfaces/share/goliath_interfaces/rust/src/msg/rmw.rs
[1.753s] -- Up-to-date symlink: /home/bart/goliath_mobile/install/goliath_interfaces/share/goliath_interfaces/msg/PoseCommand.idl
[1.753s] -- Up-to-date symlink: /home/bart/goliath_mobile/install/goliath_interfaces/share/goliath_interfaces/msg/PoseCommand.msg
[1.753s] -- Up-to-date symlink: /home/bart/goliath_mobile/install/goliath_interfaces/share/ament_index/resource_index/package_run_dependencies/goliath_interfaces
[1.753s] -- Up-to-date symlink: /home/bart/goliath_mobile/install/goliath_interfaces/share/ament_index/resource_index/parent_prefix_path/goliath_interfaces
[1.754s] -- Up-to-date symlink: /home/bart/goliath_mobile/install/goliath_interfaces/share/goliath_interfaces/environment/ament_prefix_path.sh
[1.754s] -- Up-to-date symlink: /home/bart/goliath_mobile/install/goliath_interfaces/share/goliath_interfaces/environment/ament_prefix_path.dsv
[1.757s] -- Up-to-date symlink: /home/bart/goliath_mobile/install/goliath_interfaces/share/goliath_interfaces/environment/path.sh
[1.758s] -- Up-to-date symlink: /home/bart/goliath_mobile/install/goliath_interfaces/share/goliath_interfaces/environment/path.dsv
[1.758s] -- Up-to-date symlink: /home/bart/goliath_mobile/install/goliath_interfaces/share/goliath_interfaces/local_setup.bash
[1.758s] -- Up-to-date symlink: /home/bart/goliath_mobile/install/goliath_interfaces/share/goliath_interfaces/local_setup.sh
[1.758s] -- Up-to-date symlink: /home/bart/goliath_mobile/install/goliath_interfaces/share/goliath_interfaces/local_setup.zsh
[1.759s] -- Up-to-date symlink: /home/bart/goliath_mobile/install/goliath_interfaces/share/goliath_interfaces/local_setup.dsv
[1.761s] -- Symlinking: /home/bart/goliath_mobile/install/goliath_interfaces/share/goliath_interfaces/package.dsv
[1.772s] -- Up-to-date symlink: /home/bart/goliath_mobile/install/goliath_interfaces/share/ament_index/resource_index/packages/goliath_interfaces
[1.772s] -- Up-to-date symlink: /home/bart/goliath_mobile/install/goliath_interfaces/share/goliath_interfaces/cmake/rosidl_cmake-extras.cmake
[1.775s] -- Up-to-date symlink: /home/bart/goliath_mobile/install/goliath_interfaces/share/goliath_interfaces/cmake/ament_cmake_export_include_directories-extras.cmake
[1.776s] -- Up-to-date symlink: /home/bart/goliath_mobile/install/goliath_interfaces/share/goliath_interfaces/cmake/ament_cmake_export_libraries-extras.cmake
[1.778s] -- Up-to-date symlink: /home/bart/goliath_mobile/install/goliath_interfaces/share/goliath_interfaces/cmake/ament_cmake_export_targets-extras.cmake
[1.779s] -- Up-to-date symlink: /home/bart/goliath_mobile/install/goliath_interfaces/share/goliath_interfaces/cmake/rosidl_cmake_export_typesupport_targets-extras.cmake
[1.779s] -- Up-to-date symlink: /home/bart/goliath_mobile/install/goliath_interfaces/share/goliath_interfaces/cmake/ament_cmake_export_dependencies-extras.cmake
[1.780s] -- Up-to-date symlink: /home/bart/goliath_mobile/install/goliath_interfaces/share/goliath_interfaces/cmake/rosidl_cmake_export_typesupport_libraries-extras.cmake
[1.780s] -- Up-to-date symlink: /home/bart/goliath_mobile/install/goliath_interfaces/share/goliath_interfaces/cmake/goliath_interfacesConfig.cmake
[1.781s] -- Up-to-date symlink: /home/bart/goliath_mobile/install/goliath_interfaces/share/goliath_interfaces/cmake/goliath_interfacesConfig-version.cmake
[1.781s] -- Up-to-date symlink: /home/bart/goliath_mobile/install/goliath_interfaces/share/goliath_interfaces/package.xml
[1.781s] -- Up-to-date: /home/bart/goliath_mobile/install/goliath_interfaces/lib/libgoliath_interfaces__rosidl_generator_c.so
[1.782s] -- Up-to-date: /home/bart/goliath_mobile/install/goliath_interfaces/lib/libgoliath_interfaces__rosidl_typesupport_fastrtps_c.so
[1.782s] -- Up-to-date: /home/bart/goliath_mobile/install/goliath_interfaces/lib/libgoliath_interfaces__rosidl_typesupport_introspection_c.so
[1.782s] -- Up-to-date: /home/bart/goliath_mobile/install/goliath_interfaces/lib/libgoliath_interfaces__rosidl_typesupport_c.so
[1.782s] -- Up-to-date: /home/bart/goliath_mobile/install/goliath_interfaces/lib/libgoliath_interfaces__rosidl_typesupport_fastrtps_cpp.so
[1.782s] -- Up-to-date: /home/bart/goliath_mobile/install/goliath_interfaces/lib/libgoliath_interfaces__rosidl_typesupport_introspection_cpp.so
[1.782s] -- Up-to-date: /home/bart/goliath_mobile/install/goliath_interfaces/lib/libgoliath_interfaces__rosidl_typesupport_cpp.so
[1.873s] Listing '/home/bart/goliath_mobile/install/goliath_interfaces/local/lib/python3.10/dist-packages/goliath_interfaces'...
[1.873s] Listing '/home/bart/goliath_mobile/install/goliath_interfaces/local/lib/python3.10/dist-packages/goliath_interfaces/msg'...
[1.885s] -- Up-to-date: /home/bart/goliath_mobile/install/goliath_interfaces/lib/libgoliath_interfaces__rosidl_generator_py.so
[1.886s] -- Up-to-date: /home/bart/goliath_mobile/install/goliath_interfaces/share/goliath_interfaces/cmake/export_goliath_interfaces__rosidl_generator_cExport.cmake
[1.888s] -- Up-to-date: /home/bart/goliath_mobile/install/goliath_interfaces/share/goliath_interfaces/cmake/export_goliath_interfaces__rosidl_generator_cExport-noconfig.cmake
[1.889s] -- Up-to-date: /home/bart/goliath_mobile/install/goliath_interfaces/share/goliath_interfaces/cmake/export_goliath_interfaces__rosidl_typesupport_fastrtps_cExport.cmake
[1.890s] -- Up-to-date: /home/bart/goliath_mobile/install/goliath_interfaces/share/goliath_interfaces/cmake/export_goliath_interfaces__rosidl_typesupport_fastrtps_cExport-noconfig.cmake
[1.890s] -- Up-to-date: /home/bart/goliath_mobile/install/goliath_interfaces/share/goliath_interfaces/cmake/goliath_interfaces__rosidl_typesupport_introspection_cExport.cmake
[1.890s] -- Up-to-date: /home/bart/goliath_mobile/install/goliath_interfaces/share/goliath_interfaces/cmake/goliath_interfaces__rosidl_typesupport_introspection_cExport-noconfig.cmake
[1.890s] -- Up-to-date: /home/bart/goliath_mobile/install/goliath_interfaces/share/goliath_interfaces/cmake/goliath_interfaces__rosidl_typesupport_cExport.cmake
[1.891s] -- Up-to-date: /home/bart/goliath_mobile/install/goliath_interfaces/share/goliath_interfaces/cmake/goliath_interfaces__rosidl_typesupport_cExport-noconfig.cmake
[1.892s] -- Up-to-date: /home/bart/goliath_mobile/install/goliath_interfaces/share/goliath_interfaces/cmake/export_goliath_interfaces__rosidl_generator_cppExport.cmake
[1.892s] -- Up-to-date: /home/bart/goliath_mobile/install/goliath_interfaces/share/goliath_interfaces/cmake/export_goliath_interfaces__rosidl_typesupport_fastrtps_cppExport.cmake
[1.892s] -- Up-to-date: /home/bart/goliath_mobile/install/goliath_interfaces/share/goliath_interfaces/cmake/export_goliath_interfaces__rosidl_typesupport_fastrtps_cppExport-noconfig.cmake
[1.892s] -- Up-to-date: /home/bart/goliath_mobile/install/goliath_interfaces/share/goliath_interfaces/cmake/goliath_interfaces__rosidl_typesupport_introspection_cppExport.cmake
[1.892s] -- Up-to-date: /home/bart/goliath_mobile/install/goliath_interfaces/share/goliath_interfaces/cmake/goliath_interfaces__rosidl_typesupport_introspection_cppExport-noconfig.cmake
[1.892s] -- Up-to-date: /home/bart/goliath_mobile/install/goliath_interfaces/share/goliath_interfaces/cmake/goliath_interfaces__rosidl_typesupport_cppExport.cmake
[1.893s] -- Up-to-date: /home/bart/goliath_mobile/install/goliath_interfaces/share/goliath_interfaces/cmake/goliath_interfaces__rosidl_typesupport_cppExport-noconfig.cmake
[1.893s] -- Up-to-date: /home/bart/goliath_mobile/install/goliath_interfaces/share/goliath_interfaces/cmake/export_goliath_interfaces__rosidl_generator_pyExport.cmake
[1.893s] -- Up-to-date: /home/bart/goliath_mobile/install/goliath_interfaces/share/goliath_interfaces/cmake/export_goliath_interfaces__rosidl_generator_pyExport-noconfig.cmake
[1.897s] Invoked command in '/home/bart/goliath_mobile/build/goliath_interfaces' returned '0': CMAKE_PREFIX_PATH=${CMAKE_PREFIX_PATH}:/home/bart/goliath_mobile/install/ros2_control_demo_testing:/home/bart/goliath_mobile/install/gripper_description:/opt/ros/humble /usr/bin/cmake --install /home/bart/goliath_mobile/build/goliath_interfaces
