[0.457s] Invoking command in '/home/bart/goliath_mobile/build/hoverboard_demo_description': CMAKE_PREFIX_PATH=${CMAKE_PREFIX_PATH}:/home/bart/goliath_mobile/install/ros2_control_demo_testing:/home/bart/goliath_mobile/install/gripper_description:/opt/ros/humble /usr/bin/cmake --build /home/bart/goliath_mobile/build/hoverboard_demo_description -- -j4 -l4
[0.671s] Invoked command in '/home/bart/goliath_mobile/build/hoverboard_demo_description' returned '0': CMAKE_PREFIX_PATH=${CMAKE_PREFIX_PATH}:/home/bart/goliath_mobile/install/ros2_control_demo_testing:/home/bart/goliath_mobile/install/gripper_description:/opt/ros/humble /usr/bin/cmake --build /home/bart/goliath_mobile/build/hoverboard_demo_description -- -j4 -l4
[0.678s] Invoking command in '/home/bart/goliath_mobile/build/hoverboard_demo_description': CMAKE_PREFIX_PATH=${CMAKE_PREFIX_PATH}:/home/bart/goliath_mobile/install/ros2_control_demo_testing:/home/bart/goliath_mobile/install/gripper_description:/opt/ros/humble /usr/bin/cmake --install /home/bart/goliath_mobile/build/hoverboard_demo_description
[0.710s] -- Install configuration: ""
[0.711s] -- Execute custom install script
[0.712s] -- Up-to-date symlink: /home/bart/goliath_mobile/install/hoverboard_demo_description/share/hoverboard_demo_description/urdf/hoverboard_description.xacro
[0.719s] -- Up-to-date symlink: /home/bart/goliath_mobile/install/hoverboard_demo_description/share/hoverboard_demo_description/urdf/macros.xacro
[0.720s] -- Up-to-date symlink: /home/bart/goliath_mobile/install/hoverboard_demo_description/share/hoverboard_demo_description/urdf/materials.xacro
[0.721s] -- Up-to-date symlink: /home/bart/goliath_mobile/install/hoverboard_demo_description/share/hoverboard_demo_description/urdf/ros2_control.xacro
[0.723s] -- Up-to-date symlink: /home/bart/goliath_mobile/install/hoverboard_demo_description/share/hoverboard_demo_description/urdf/wheels.xacro
[0.724s] -- Up-to-date symlink: /home/bart/goliath_mobile/install/hoverboard_demo_description/share/hoverboard_demo_description/rviz/hoverboard.rviz
[0.725s] -- Up-to-date symlink: /home/bart/goliath_mobile/install/hoverboard_demo_description/share/hoverboard_demo_description/meshes/base_link.stl
[0.725s] -- Up-to-date symlink: /home/bart/goliath_mobile/install/hoverboard_demo_description/share/hoverboard_demo_description/meshes/front_plate.stl
[0.726s] -- Up-to-date symlink: /home/bart/goliath_mobile/install/hoverboard_demo_description/share/hoverboard_demo_description/meshes/imu.stl
[0.726s] -- Up-to-date symlink: /home/bart/goliath_mobile/install/hoverboard_demo_description/share/hoverboard_demo_description/meshes/jetson.stl
[0.726s] -- Up-to-date symlink: /home/bart/goliath_mobile/install/hoverboard_demo_description/share/hoverboard_demo_description/meshes/left_back_wheel.stl
[0.726s] -- Up-to-date symlink: /home/bart/goliath_mobile/install/hoverboard_demo_description/share/hoverboard_demo_description/meshes/left_front_wheel.stl
[0.726s] -- Up-to-date symlink: /home/bart/goliath_mobile/install/hoverboard_demo_description/share/hoverboard_demo_description/meshes/left_plate.stl
[0.726s] -- Up-to-date symlink: /home/bart/goliath_mobile/install/hoverboard_demo_description/share/hoverboard_demo_description/meshes/lidar.stl
[0.727s] -- Up-to-date symlink: /home/bart/goliath_mobile/install/hoverboard_demo_description/share/hoverboard_demo_description/meshes/logo1.stl
[0.727s] -- Up-to-date symlink: /home/bart/goliath_mobile/install/hoverboard_demo_description/share/hoverboard_demo_description/meshes/logo2.stl
[0.731s] -- Up-to-date symlink: /home/bart/goliath_mobile/install/hoverboard_demo_description/share/hoverboard_demo_description/meshes/mount_link.stl
[0.731s] -- Up-to-date symlink: /home/bart/goliath_mobile/install/hoverboard_demo_description/share/hoverboard_demo_description/meshes/plate.stl
[0.731s] -- Up-to-date symlink: /home/bart/goliath_mobile/install/hoverboard_demo_description/share/hoverboard_demo_description/meshes/rear_plate.stl
[0.732s] -- Up-to-date symlink: /home/bart/goliath_mobile/install/hoverboard_demo_description/share/hoverboard_demo_description/meshes/right_back_wheel.stl
[0.732s] -- Up-to-date symlink: /home/bart/goliath_mobile/install/hoverboard_demo_description/share/hoverboard_demo_description/meshes/right_front_wheel.stl
[0.732s] -- Up-to-date symlink: /home/bart/goliath_mobile/install/hoverboard_demo_description/share/hoverboard_demo_description/meshes/right_plate.stl
[0.732s] -- Up-to-date symlink: /home/bart/goliath_mobile/install/hoverboard_demo_description/share/hoverboard_demo_description/meshes/top_cover.stl
[0.732s] -- Up-to-date symlink: /home/bart/goliath_mobile/install/hoverboard_demo_description/share/hoverboard_demo_description/meshes/zed_mini.stl
[0.732s] -- Up-to-date symlink: /home/bart/goliath_mobile/install/hoverboard_demo_description/share/ament_index/resource_index/package_run_dependencies/hoverboard_demo_description
[0.733s] -- Up-to-date symlink: /home/bart/goliath_mobile/install/hoverboard_demo_description/share/ament_index/resource_index/parent_prefix_path/hoverboard_demo_description
[0.733s] -- Up-to-date symlink: /home/bart/goliath_mobile/install/hoverboard_demo_description/share/hoverboard_demo_description/environment/ament_prefix_path.sh
[0.733s] -- Up-to-date symlink: /home/bart/goliath_mobile/install/hoverboard_demo_description/share/hoverboard_demo_description/environment/ament_prefix_path.dsv
[0.733s] -- Up-to-date symlink: /home/bart/goliath_mobile/install/hoverboard_demo_description/share/hoverboard_demo_description/environment/path.sh
[0.733s] -- Up-to-date symlink: /home/bart/goliath_mobile/install/hoverboard_demo_description/share/hoverboard_demo_description/environment/path.dsv
[0.733s] -- Up-to-date symlink: /home/bart/goliath_mobile/install/hoverboard_demo_description/share/hoverboard_demo_description/local_setup.bash
[0.734s] -- Up-to-date symlink: /home/bart/goliath_mobile/install/hoverboard_demo_description/share/hoverboard_demo_description/local_setup.sh
[0.734s] -- Up-to-date symlink: /home/bart/goliath_mobile/install/hoverboard_demo_description/share/hoverboard_demo_description/local_setup.zsh
[0.744s] -- Up-to-date symlink: /home/bart/goliath_mobile/install/hoverboard_demo_description/share/hoverboard_demo_description/local_setup.dsv
[0.744s] -- Symlinking: /home/bart/goliath_mobile/install/hoverboard_demo_description/share/hoverboard_demo_description/package.dsv
[0.778s] -- Up-to-date symlink: /home/bart/goliath_mobile/install/hoverboard_demo_description/share/ament_index/resource_index/packages/hoverboard_demo_description
[0.779s] -- Up-to-date symlink: /home/bart/goliath_mobile/install/hoverboard_demo_description/share/hoverboard_demo_description/cmake/hoverboard_demo_descriptionConfig.cmake
[0.779s] -- Up-to-date symlink: /home/bart/goliath_mobile/install/hoverboard_demo_description/share/hoverboard_demo_description/cmake/hoverboard_demo_descriptionConfig-version.cmake
[0.779s] -- Up-to-date symlink: /home/bart/goliath_mobile/install/hoverboard_demo_description/share/hoverboard_demo_description/package.xml
[0.792s] Invoked command in '/home/bart/goliath_mobile/build/hoverboard_demo_description' returned '0': CMAKE_PREFIX_PATH=${CMAKE_PREFIX_PATH}:/home/bart/goliath_mobile/install/ros2_control_demo_testing:/home/bart/goliath_mobile/install/gripper_description:/opt/ros/humble /usr/bin/cmake --install /home/bart/goliath_mobile/build/hoverboard_demo_description
