[0.067s] Invoking command in '/home/bart/goliath_mobile/build/rplidar_ros': CMAKE_PREFIX_PATH=${CMAKE_PREFIX_PATH}:/home/bart/goliath_mobile/install/ros2_control_demo_testing:/home/bart/goliath_mobile/install/gripper_description:/opt/ros/humble /usr/bin/cmake --build /home/bart/goliath_mobile/build/rplidar_ros -- -j4 -l4
[0.229s] [  5%] Built target rplidar_client
[0.270s] [ 63%] Built target rplidar_node
[0.273s] [100%] Built target rplidar_composition
[0.305s] Invoked command in '/home/bart/goliath_mobile/build/rplidar_ros' returned '0': CMAKE_PREFIX_PATH=${CMAKE_PREFIX_PATH}:/home/bart/goliath_mobile/install/ros2_control_demo_testing:/home/bart/goliath_mobile/install/gripper_description:/opt/ros/humble /usr/bin/cmake --build /home/bart/goliath_mobile/build/rplidar_ros -- -j4 -l4
[0.306s] Invoking command in '/home/bart/goliath_mobile/build/rplidar_ros': CMAKE_PREFIX_PATH=${CMAKE_PREFIX_PATH}:/home/bart/goliath_mobile/install/ros2_control_demo_testing:/home/bart/goliath_mobile/install/gripper_description:/opt/ros/humble /usr/bin/cmake --install /home/bart/goliath_mobile/build/rplidar_ros
[0.329s] -- Install configuration: ""
[0.329s] -- Execute custom install script
[0.330s] -- Up-to-date symlink: /home/bart/goliath_mobile/install/rplidar_ros/share/rplidar_ros/launch/rplidar_a1_launch.py
[0.331s] -- Up-to-date symlink: /home/bart/goliath_mobile/install/rplidar_ros/share/rplidar_ros/launch/rplidar_a2m12_launch.py
[0.331s] -- Up-to-date symlink: /home/bart/goliath_mobile/install/rplidar_ros/share/rplidar_ros/launch/rplidar_a2m7_launch.py
[0.333s] -- Up-to-date symlink: /home/bart/goliath_mobile/install/rplidar_ros/share/rplidar_ros/launch/rplidar_a2m8_launch.py
[0.333s] -- Up-to-date symlink: /home/bart/goliath_mobile/install/rplidar_ros/share/rplidar_ros/launch/rplidar_a3_launch.py
[0.333s] -- Up-to-date symlink: /home/bart/goliath_mobile/install/rplidar_ros/share/rplidar_ros/launch/rplidar_c1_launch.py
[0.333s] -- Up-to-date symlink: /home/bart/goliath_mobile/install/rplidar_ros/share/rplidar_ros/launch/rplidar_s1_launch.py
[0.334s] -- Up-to-date symlink: /home/bart/goliath_mobile/install/rplidar_ros/share/rplidar_ros/launch/rplidar_s1_tcp_launch.py
[0.336s] -- Up-to-date symlink: /home/bart/goliath_mobile/install/rplidar_ros/share/rplidar_ros/launch/rplidar_s2_launch.py
[0.336s] -- Up-to-date symlink: /home/bart/goliath_mobile/install/rplidar_ros/share/rplidar_ros/launch/rplidar_s2e_launch.py
[0.336s] -- Up-to-date symlink: /home/bart/goliath_mobile/install/rplidar_ros/share/rplidar_ros/launch/rplidar_s3_launch.py
[0.336s] -- Up-to-date symlink: /home/bart/goliath_mobile/install/rplidar_ros/share/rplidar_ros/launch/rplidar_t1_launch.py
[0.336s] -- Up-to-date symlink: /home/bart/goliath_mobile/install/rplidar_ros/share/rplidar_ros/launch/view_rplidar_a1_launch.py
[0.337s] -- Up-to-date symlink: /home/bart/goliath_mobile/install/rplidar_ros/share/rplidar_ros/launch/view_rplidar_a2m12_launch.py
[0.338s] -- Up-to-date symlink: /home/bart/goliath_mobile/install/rplidar_ros/share/rplidar_ros/launch/view_rplidar_a2m7_launch.py
[0.339s] -- Up-to-date symlink: /home/bart/goliath_mobile/install/rplidar_ros/share/rplidar_ros/launch/view_rplidar_a2m8_launch.py
[0.339s] -- Up-to-date symlink: /home/bart/goliath_mobile/install/rplidar_ros/share/rplidar_ros/launch/view_rplidar_a3_launch.py
[0.345s] -- Up-to-date symlink: /home/bart/goliath_mobile/install/rplidar_ros/share/rplidar_ros/launch/view_rplidar_c1_launch.py
[0.345s] -- Up-to-date symlink: /home/bart/goliath_mobile/install/rplidar_ros/share/rplidar_ros/launch/view_rplidar_s1_launch.py
[0.345s] -- Up-to-date symlink: /home/bart/goliath_mobile/install/rplidar_ros/share/rplidar_ros/launch/view_rplidar_s1_tcp_launch.py
[0.346s] -- Up-to-date symlink: /home/bart/goliath_mobile/install/rplidar_ros/share/rplidar_ros/launch/view_rplidar_s2_launch.py
[0.348s] -- Up-to-date symlink: /home/bart/goliath_mobile/install/rplidar_ros/share/rplidar_ros/launch/view_rplidar_s2e_launch.py
[0.348s] -- Up-to-date symlink: /home/bart/goliath_mobile/install/rplidar_ros/share/rplidar_ros/launch/view_rplidar_s3_launch.py
[0.348s] -- Up-to-date symlink: /home/bart/goliath_mobile/install/rplidar_ros/share/rplidar_ros/launch/view_rplidar_t1_launch.py
[0.349s] -- Up-to-date symlink: /home/bart/goliath_mobile/install/rplidar_ros/share/rplidar_ros/rviz/rplidar_ros.rviz
[0.349s] -- Up-to-date symlink: /home/bart/goliath_mobile/install/rplidar_ros/lib/rplidar_ros/rplidar_node
[0.350s] -- Up-to-date symlink: /home/bart/goliath_mobile/install/rplidar_ros/lib/rplidar_ros/rplidar_composition
[0.350s] -- Up-to-date symlink: /home/bart/goliath_mobile/install/rplidar_ros/lib/rplidar_ros/rplidar_client
[0.350s] -- Up-to-date symlink: /home/bart/goliath_mobile/install/rplidar_ros/share/ament_index/resource_index/package_run_dependencies/rplidar_ros
[0.350s] -- Up-to-date symlink: /home/bart/goliath_mobile/install/rplidar_ros/share/ament_index/resource_index/parent_prefix_path/rplidar_ros
[0.350s] -- Up-to-date symlink: /home/bart/goliath_mobile/install/rplidar_ros/share/rplidar_ros/environment/ament_prefix_path.sh
[0.351s] -- Up-to-date symlink: /home/bart/goliath_mobile/install/rplidar_ros/share/rplidar_ros/environment/ament_prefix_path.dsv
[0.351s] -- Up-to-date symlink: /home/bart/goliath_mobile/install/rplidar_ros/share/rplidar_ros/environment/path.sh
[0.351s] -- Up-to-date symlink: /home/bart/goliath_mobile/install/rplidar_ros/share/rplidar_ros/environment/path.dsv
[0.352s] -- Up-to-date symlink: /home/bart/goliath_mobile/install/rplidar_ros/share/rplidar_ros/local_setup.bash
[0.352s] -- Up-to-date symlink: /home/bart/goliath_mobile/install/rplidar_ros/share/rplidar_ros/local_setup.sh
[0.352s] -- Up-to-date symlink: /home/bart/goliath_mobile/install/rplidar_ros/share/rplidar_ros/local_setup.zsh
[0.352s] -- Up-to-date symlink: /home/bart/goliath_mobile/install/rplidar_ros/share/rplidar_ros/local_setup.dsv
[0.352s] -- Symlinking: /home/bart/goliath_mobile/install/rplidar_ros/share/rplidar_ros/package.dsv
[0.370s] -- Up-to-date symlink: /home/bart/goliath_mobile/install/rplidar_ros/share/ament_index/resource_index/packages/rplidar_ros
[0.371s] -- Up-to-date symlink: /home/bart/goliath_mobile/install/rplidar_ros/share/rplidar_ros/cmake/ament_cmake_export_dependencies-extras.cmake
[0.371s] -- Up-to-date symlink: /home/bart/goliath_mobile/install/rplidar_ros/share/rplidar_ros/cmake/ament_cmake_export_include_directories-extras.cmake
[0.373s] -- Up-to-date symlink: /home/bart/goliath_mobile/install/rplidar_ros/share/rplidar_ros/cmake/rplidar_rosConfig.cmake
[0.374s] -- Up-to-date symlink: /home/bart/goliath_mobile/install/rplidar_ros/share/rplidar_ros/cmake/rplidar_rosConfig-version.cmake
[0.384s] -- Up-to-date symlink: /home/bart/goliath_mobile/install/rplidar_ros/share/rplidar_ros/package.xml
[0.385s] Invoked command in '/home/bart/goliath_mobile/build/rplidar_ros' returned '0': CMAKE_PREFIX_PATH=${CMAKE_PREFIX_PATH}:/home/bart/goliath_mobile/install/ros2_control_demo_testing:/home/bart/goliath_mobile/install/gripper_description:/opt/ros/humble /usr/bin/cmake --install /home/bart/goliath_mobile/build/rplidar_ros
