-- Install configuration: ""
-- Execute custom install script
-- Up-to-date symlink: /home/bart/goliath_mobile/install/moveit/share/ament_index/resource_index/package_run_dependencies/moveit
-- Up-to-date symlink: /home/bart/goliath_mobile/install/moveit/share/ament_index/resource_index/parent_prefix_path/moveit
-- Up-to-date symlink: /home/bart/goliath_mobile/install/moveit/share/moveit/environment/ament_prefix_path.sh
-- Up-to-date symlink: /home/bart/goliath_mobile/install/moveit/share/moveit/environment/ament_prefix_path.dsv
-- Up-to-date symlink: /home/bart/goliath_mobile/install/moveit/share/moveit/environment/path.sh
-- Up-to-date symlink: /home/bart/goliath_mobile/install/moveit/share/moveit/environment/path.dsv
-- Up-to-date symlink: /home/bart/goliath_mobile/install/moveit/share/moveit/local_setup.bash
-- Up-to-date symlink: /home/bart/goliath_mobile/install/moveit/share/moveit/local_setup.sh
-- Up-to-date symlink: /home/bart/goliath_mobile/install/moveit/share/moveit/local_setup.zsh
-- Up-to-date symlink: /home/bart/goliath_mobile/install/moveit/share/moveit/local_setup.dsv
-- Symlinking: /home/bart/goliath_mobile/install/moveit/share/moveit/package.dsv
-- Up-to-date symlink: /home/bart/goliath_mobile/install/moveit/share/ament_index/resource_index/packages/moveit
-- Up-to-date symlink: /home/bart/goliath_mobile/install/moveit/share/moveit/cmake/moveitConfig.cmake
-- Up-to-date symlink: /home/bart/goliath_mobile/install/moveit/share/moveit/cmake/moveitConfig-version.cmake
-- Up-to-date symlink: /home/bart/goliath_mobile/install/moveit/share/moveit/package.xml
-- Up-to-date symlink: /home/bart/goliath_mobile/install/moveit/share/moveit/launch/demo.launch.py
-- Up-to-date symlink: /home/bart/goliath_mobile/install/moveit/share/moveit/launch/move_group.launch.py
-- Up-to-date symlink: /home/bart/goliath_mobile/install/moveit/share/moveit/launch/moveit_rviz.launch.py
-- Up-to-date symlink: /home/bart/goliath_mobile/install/moveit/share/moveit/launch/rsp.launch.py
-- Up-to-date symlink: /home/bart/goliath_mobile/install/moveit/share/moveit/launch/setup_assistant.launch.py
-- Up-to-date symlink: /home/bart/goliath_mobile/install/moveit/share/moveit/launch/spawn_controllers.launch.py
-- Up-to-date symlink: /home/bart/goliath_mobile/install/moveit/share/moveit/launch/static_virtual_joint_tfs.launch.py
-- Up-to-date symlink: /home/bart/goliath_mobile/install/moveit/share/moveit/config/goliath_mobile.ros2_control.xacro
-- Up-to-date symlink: /home/bart/goliath_mobile/install/moveit/share/moveit/config/goliath_mobile.srdf
-- Up-to-date symlink: /home/bart/goliath_mobile/install/moveit/share/moveit/config/goliath_mobile.urdf.xacro
-- Up-to-date symlink: /home/bart/goliath_mobile/install/moveit/share/moveit/config/initial_positions.yaml
-- Up-to-date symlink: /home/bart/goliath_mobile/install/moveit/share/moveit/config/joint_limits.yaml
-- Up-to-date symlink: /home/bart/goliath_mobile/install/moveit/share/moveit/config/kinematics.yaml
-- Up-to-date symlink: /home/bart/goliath_mobile/install/moveit/share/moveit/config/moveit.rviz
-- Up-to-date symlink: /home/bart/goliath_mobile/install/moveit/share/moveit/config/moveit_controllers.yaml
-- Up-to-date symlink: /home/bart/goliath_mobile/install/moveit/share/moveit/config/pilz_cartesian_limits.yaml
-- Up-to-date symlink: /home/bart/goliath_mobile/install/moveit/share/moveit/config/ros2_controllers.yaml
-- Up-to-date symlink: /home/bart/goliath_mobile/install/moveit/share/moveit/.setup_assistant
