[0.028s] Invoking command in '/home/bart/goliath_mobile/build/gripper_controller': AMENT_PREFIX_PATH=/home/bart/goliath_mobile/install/ros2_control_demo_testing:/home/bart/goliath_mobile/install/rplidar_ros:/home/bart/goliath_mobile/install/ros2_control_demos:/home/bart/goliath_mobile/install/moveit:/home/bart/goliath_mobile/install/gripper_controller:/home/bart/goliath_mobile/install/goliath_moveit_config:/home/bart/goliath_mobile/install/goliath_controller:/home/bart/goliath_mobile/install/ros2_control_demo_description:/home/bart/goliath_mobile/install/hoverboard_ros2_control:/home/bart/goliath_mobile/install/hoverboard_hardware_interface:/home/bart/goliath_mobile/install/hoverboard_demo_bringup:/home/bart/goliath_mobile/install/hoverboard_demo_description:/home/bart/goliath_mobile/install/gripper_description:/home/bart/goliath_mobile/install/goliath_commander_cpp:/home/bart/goliath_mobile/install/goliath_interfaces:/home/bart/goliath_mobile/install/arm_move_joy:/home/bart/goliath_base/install/hoverboard_demo_bringup:/home/bart/goliath_base/install/hoverboard_demo_description:/opt/ros/humble CMAKE_PREFIX_PATH=/home/bart/goliath_mobile/install/ros2_control_demo_description:/home/bart/goliath_mobile/install/rplidar_ros:/home/bart/goliath_mobile/install/ros2_control_demos:/home/bart/goliath_mobile/install/moveit:/home/bart/goliath_mobile/install/gripper_controller:/home/bart/goliath_mobile/install/goliath_moveit_config:/home/bart/goliath_mobile/install/goliath_controller:/home/bart/goliath_mobile/install/hoverboard_ros2_control:/home/bart/goliath_mobile/install/hoverboard_hardware_interface:/home/bart/goliath_mobile/install/hoverboard_demo_bringup:/home/bart/goliath_mobile/install/hoverboard_demo_description:/home/bart/goliath_mobile/install/goliath_commander_cpp:/home/bart/goliath_mobile/install/goliath_interfaces:/home/bart/goliath_mobile/install/arm_move_joy:/home/bart/goliath_base/install/hoverboard_demo_bringup:/home/bart/goliath_base/install/hoverboard_demo_description:/home/bart/goliath_mobile/install/ros2_control_demo_testing:/home/bart/goliath_mobile/install/gripper_description:/opt/ros/humble /usr/bin/cmake --build /home/bart/goliath_mobile/build/gripper_controller -- -j4 -l4
[0.070s] -- Found ament_cmake: 1.3.14 (/opt/ros/humble/share/ament_cmake/cmake)
[0.365s] -- Override CMake install command with custom implementation using symlinks instead of copying resources
[0.385s] -- Found pluginlib: 5.1.4 (/opt/ros/humble/share/pluginlib/cmake)
[0.470s] -- Found hardware_interface: 2.54.0 (/opt/ros/humble/share/hardware_interface/cmake)
[0.517s] -- Found rosidl_generator_c: 3.1.8 (/opt/ros/humble/share/rosidl_generator_c/cmake)
[0.523s] -- Found rosidl_adapter: 3.1.8 (/opt/ros/humble/share/rosidl_adapter/cmake)
[0.539s] -- Found rosidl_generator_cpp: 3.1.8 (/opt/ros/humble/share/rosidl_generator_cpp/cmake)
[0.570s] -- Using all available rosidl_typesupport_c: rosidl_typesupport_fastrtps_c;rosidl_typesupport_introspection_c
[0.610s] -- Using all available rosidl_typesupport_cpp: rosidl_typesupport_fastrtps_cpp;rosidl_typesupport_introspection_cpp
[0.881s] -- Found rmw_implementation_cmake: 6.1.2 (/opt/ros/humble/share/rmw_implementation_cmake/cmake)
[0.884s] -- Found rmw_cyclonedds_cpp: 1.3.4 (/opt/ros/humble/share/rmw_cyclonedds_cpp/cmake)
[0.912s] -- Using RMW implementation 'rmw_cyclonedds_cpp' as default
[0.979s] -- Found kdl_parser: 2.6.4 (/opt/ros/humble/share/kdl_parser/cmake)
[0.981s] -- Found eigen3_cmake_module: 0.1.1 (/opt/ros/humble/share/eigen3_cmake_module/cmake)
[0.983s] -- Ensuring Eigen3 include directory is part of orocos-kdl CMake target
[0.989s] -- Found controller_interface: 2.54.0 (/opt/ros/humble/share/controller_interface/cmake)
[0.991s] -- Found realtime_tools: 2.15.0 (/opt/ros/humble/share/realtime_tools/cmake)
[1.024s] -- Found ament_cmake_pytest: 1.3.14 (/opt/ros/humble/share/ament_cmake_pytest/cmake)
[2.606s] -- Configuring done
[2.635s] -- Generating done
[2.641s] -- Build files have been written to: /home/bart/goliath_mobile/build/gripper_controller
[2.680s] [35m[1mConsolidate compiler generated dependencies of target gripper_controller[0m
[2.720s] [ 50%] [32mBuilding CXX object CMakeFiles/gripper_controller.dir/hardware/gripper_hardware.cpp.o[0m
[9.579s] [01m[K/home/bart/goliath_mobile/src/goliath_gripper/gripper_controller/hardware/gripper_hardware.cpp:[m[K In member function ‘[01m[Kvirtual hardware_interface::return_type gripper_controller::RobotSystem::write(const rclcpp::Time&, const rclcpp::Duration&)[m[K’:
[9.580s] [01m[K/home/bart/goliath_mobile/src/goliath_gripper/gripper_controller/hardware/gripper_hardware.cpp:118:11:[m[K [01;35m[Kwarning: [m[Kcomparison of unsigned expression in ‘[01m[K< 0[m[K’ is always false [[01;35m[K]8;;https://gcc.gnu.org/onlinedocs/gcc/Warning-Options.html#index-Wtype-limits-Wtype-limits]8;;[m[K]
[9.580s]   118 |     if ([01;35m[Ki < 0[m[K) cmd << ",";
[9.580s]       |         [01;35m[K~~^~~[m[K
[13.134s] [100%] [32m[1mLinking CXX shared library libgripper_controller.so[0m
[13.461s] [100%] Built target gripper_controller
[13.477s] Invoked command in '/home/bart/goliath_mobile/build/gripper_controller' returned '0': AMENT_PREFIX_PATH=/home/bart/goliath_mobile/install/ros2_control_demo_testing:/home/bart/goliath_mobile/install/rplidar_ros:/home/bart/goliath_mobile/install/ros2_control_demos:/home/bart/goliath_mobile/install/moveit:/home/bart/goliath_mobile/install/gripper_controller:/home/bart/goliath_mobile/install/goliath_moveit_config:/home/bart/goliath_mobile/install/goliath_controller:/home/bart/goliath_mobile/install/ros2_control_demo_description:/home/bart/goliath_mobile/install/hoverboard_ros2_control:/home/bart/goliath_mobile/install/hoverboard_hardware_interface:/home/bart/goliath_mobile/install/hoverboard_demo_bringup:/home/bart/goliath_mobile/install/hoverboard_demo_description:/home/bart/goliath_mobile/install/gripper_description:/home/bart/goliath_mobile/install/goliath_commander_cpp:/home/bart/goliath_mobile/install/goliath_interfaces:/home/bart/goliath_mobile/install/arm_move_joy:/home/bart/goliath_base/install/hoverboard_demo_bringup:/home/bart/goliath_base/install/hoverboard_demo_description:/opt/ros/humble CMAKE_PREFIX_PATH=/home/bart/goliath_mobile/install/ros2_control_demo_description:/home/bart/goliath_mobile/install/rplidar_ros:/home/bart/goliath_mobile/install/ros2_control_demos:/home/bart/goliath_mobile/install/moveit:/home/bart/goliath_mobile/install/gripper_controller:/home/bart/goliath_mobile/install/goliath_moveit_config:/home/bart/goliath_mobile/install/goliath_controller:/home/bart/goliath_mobile/install/hoverboard_ros2_control:/home/bart/goliath_mobile/install/hoverboard_hardware_interface:/home/bart/goliath_mobile/install/hoverboard_demo_bringup:/home/bart/goliath_mobile/install/hoverboard_demo_description:/home/bart/goliath_mobile/install/goliath_commander_cpp:/home/bart/goliath_mobile/install/goliath_interfaces:/home/bart/goliath_mobile/install/arm_move_joy:/home/bart/goliath_base/install/hoverboard_demo_bringup:/home/bart/goliath_base/install/hoverboard_demo_description:/home/bart/goliath_mobile/install/ros2_control_demo_testing:/home/bart/goliath_mobile/install/gripper_description:/opt/ros/humble /usr/bin/cmake --build /home/bart/goliath_mobile/build/gripper_controller -- -j4 -l4
[13.480s] Invoking command in '/home/bart/goliath_mobile/build/gripper_controller': AMENT_PREFIX_PATH=/home/bart/goliath_mobile/install/ros2_control_demo_testing:/home/bart/goliath_mobile/install/rplidar_ros:/home/bart/goliath_mobile/install/ros2_control_demos:/home/bart/goliath_mobile/install/moveit:/home/bart/goliath_mobile/install/gripper_controller:/home/bart/goliath_mobile/install/goliath_moveit_config:/home/bart/goliath_mobile/install/goliath_controller:/home/bart/goliath_mobile/install/ros2_control_demo_description:/home/bart/goliath_mobile/install/hoverboard_ros2_control:/home/bart/goliath_mobile/install/hoverboard_hardware_interface:/home/bart/goliath_mobile/install/hoverboard_demo_bringup:/home/bart/goliath_mobile/install/hoverboard_demo_description:/home/bart/goliath_mobile/install/gripper_description:/home/bart/goliath_mobile/install/goliath_commander_cpp:/home/bart/goliath_mobile/install/goliath_interfaces:/home/bart/goliath_mobile/install/arm_move_joy:/home/bart/goliath_base/install/hoverboard_demo_bringup:/home/bart/goliath_base/install/hoverboard_demo_description:/opt/ros/humble CMAKE_PREFIX_PATH=/home/bart/goliath_mobile/install/ros2_control_demo_description:/home/bart/goliath_mobile/install/rplidar_ros:/home/bart/goliath_mobile/install/ros2_control_demos:/home/bart/goliath_mobile/install/moveit:/home/bart/goliath_mobile/install/gripper_controller:/home/bart/goliath_mobile/install/goliath_moveit_config:/home/bart/goliath_mobile/install/goliath_controller:/home/bart/goliath_mobile/install/hoverboard_ros2_control:/home/bart/goliath_mobile/install/hoverboard_hardware_interface:/home/bart/goliath_mobile/install/hoverboard_demo_bringup:/home/bart/goliath_mobile/install/hoverboard_demo_description:/home/bart/goliath_mobile/install/goliath_commander_cpp:/home/bart/goliath_mobile/install/goliath_interfaces:/home/bart/goliath_mobile/install/arm_move_joy:/home/bart/goliath_base/install/hoverboard_demo_bringup:/home/bart/goliath_base/install/hoverboard_demo_description:/home/bart/goliath_mobile/install/ros2_control_demo_testing:/home/bart/goliath_mobile/install/gripper_description:/opt/ros/humble /usr/bin/cmake --install /home/bart/goliath_mobile/build/gripper_controller
[13.491s] -- Install configuration: ""
[13.492s] -- Execute custom install script
[13.492s] -- Up-to-date symlink: /home/bart/goliath_mobile/install/gripper_controller/share/gripper_controller//gripper_controller.xml
[13.493s] -- Up-to-date symlink: /home/bart/goliath_mobile/install/gripper_controller/share/gripper_controller//gripper_controller.xml
[13.493s] -- Up-to-date symlink: /home/bart/goliath_mobile/install/gripper_controller/include/gripper_controller/gripper_controller/gripper_hardware.hpp
[13.494s] -- Up-to-date symlink: /home/bart/goliath_mobile/install/gripper_controller/share/gripper_controller/launch/view_gripper.launch.py
[13.496s] -- Up-to-date symlink: /home/bart/goliath_mobile/install/gripper_controller/share/gripper_controller/ros2_control/gripper.ros2_control.xacro
[13.496s] -- Up-to-date symlink: /home/bart/goliath_mobile/install/gripper_controller/share/gripper_controller/urdf/gripper.gazebo
[13.496s] -- Up-to-date symlink: /home/bart/goliath_mobile/install/gripper_controller/share/gripper_controller/urdf/gripper.trans
[13.496s] -- Up-to-date symlink: /home/bart/goliath_mobile/install/gripper_controller/share/gripper_controller/urdf/gripper.xacro
[13.497s] -- Up-to-date symlink: /home/bart/goliath_mobile/install/gripper_controller/share/gripper_controller/urdf/materials.xacro
[13.497s] -- Up-to-date symlink: /home/bart/goliath_mobile/install/gripper_controller/share/gripper_controller/launch/gripper_controller.launch.py
[13.497s] -- Up-to-date symlink: /home/bart/goliath_mobile/install/gripper_controller/share/gripper_controller/launch/smooth_gripper_control.launch.py
[13.498s] -- Up-to-date symlink: /home/bart/goliath_mobile/install/gripper_controller/share/gripper_controller/config/gripper_config.yaml
[13.498s] -- Up-to-date symlink: /home/bart/goliath_mobile/install/gripper_controller/share/gripper_controller/environment/library_path.sh
[13.499s] -- Up-to-date symlink: /home/bart/goliath_mobile/install/gripper_controller/share/gripper_controller/environment/library_path.dsv
[13.499s] -- Up-to-date symlink: /home/bart/goliath_mobile/install/gripper_controller/share/ament_index/resource_index/package_run_dependencies/gripper_controller
[13.499s] -- Up-to-date symlink: /home/bart/goliath_mobile/install/gripper_controller/share/ament_index/resource_index/parent_prefix_path/gripper_controller
[13.499s] -- Up-to-date symlink: /home/bart/goliath_mobile/install/gripper_controller/share/gripper_controller/environment/ament_prefix_path.sh
[13.499s] -- Up-to-date symlink: /home/bart/goliath_mobile/install/gripper_controller/share/gripper_controller/environment/ament_prefix_path.dsv
[13.500s] -- Up-to-date symlink: /home/bart/goliath_mobile/install/gripper_controller/share/gripper_controller/environment/path.sh
[13.500s] -- Up-to-date symlink: /home/bart/goliath_mobile/install/gripper_controller/share/gripper_controller/environment/path.dsv
[13.500s] -- Up-to-date symlink: /home/bart/goliath_mobile/install/gripper_controller/share/gripper_controller/local_setup.bash
[13.500s] -- Up-to-date symlink: /home/bart/goliath_mobile/install/gripper_controller/share/gripper_controller/local_setup.sh
[13.500s] -- Up-to-date symlink: /home/bart/goliath_mobile/install/gripper_controller/share/gripper_controller/local_setup.zsh
[13.501s] -- Up-to-date symlink: /home/bart/goliath_mobile/install/gripper_controller/share/gripper_controller/local_setup.dsv
[13.501s] -- Symlinking: /home/bart/goliath_mobile/install/gripper_controller/share/gripper_controller/package.dsv
[13.514s] -- Up-to-date symlink: /home/bart/goliath_mobile/install/gripper_controller/share/ament_index/resource_index/packages/gripper_controller
[13.514s] -- Up-to-date symlink: /home/bart/goliath_mobile/install/gripper_controller/share/ament_index/resource_index/hardware_interface__pluginlib__plugin/gripper_controller
[13.514s] -- Up-to-date symlink: /home/bart/goliath_mobile/install/gripper_controller/share/ament_index/resource_index/controller_interface__pluginlib__plugin/gripper_controller
[13.514s] -- Up-to-date symlink: /home/bart/goliath_mobile/install/gripper_controller/share/gripper_controller/cmake/ament_cmake_export_targets-extras.cmake
[13.514s] -- Up-to-date symlink: /home/bart/goliath_mobile/install/gripper_controller/share/gripper_controller/cmake/ament_cmake_export_dependencies-extras.cmake
[13.515s] -- Up-to-date symlink: /home/bart/goliath_mobile/install/gripper_controller/share/gripper_controller/cmake/gripper_controllerConfig.cmake
[13.515s] -- Up-to-date symlink: /home/bart/goliath_mobile/install/gripper_controller/share/gripper_controller/cmake/gripper_controllerConfig-version.cmake
[13.515s] -- Up-to-date symlink: /home/bart/goliath_mobile/install/gripper_controller/share/gripper_controller/package.xml
[13.515s] -- Installing: /home/bart/goliath_mobile/install/gripper_controller/lib/libgripper_controller.so
[13.518s] -- Set runtime path of "/home/bart/goliath_mobile/install/gripper_controller/lib/libgripper_controller.so" to ""
[13.518s] -- Up-to-date: /home/bart/goliath_mobile/install/gripper_controller/share/gripper_controller/cmake/export_gripper_controllerExport.cmake
[13.519s] -- Up-to-date: /home/bart/goliath_mobile/install/gripper_controller/share/gripper_controller/cmake/export_gripper_controllerExport-noconfig.cmake
[13.522s] Invoked command in '/home/bart/goliath_mobile/build/gripper_controller' returned '0': AMENT_PREFIX_PATH=/home/bart/goliath_mobile/install/ros2_control_demo_testing:/home/bart/goliath_mobile/install/rplidar_ros:/home/bart/goliath_mobile/install/ros2_control_demos:/home/bart/goliath_mobile/install/moveit:/home/bart/goliath_mobile/install/gripper_controller:/home/bart/goliath_mobile/install/goliath_moveit_config:/home/bart/goliath_mobile/install/goliath_controller:/home/bart/goliath_mobile/install/ros2_control_demo_description:/home/bart/goliath_mobile/install/hoverboard_ros2_control:/home/bart/goliath_mobile/install/hoverboard_hardware_interface:/home/bart/goliath_mobile/install/hoverboard_demo_bringup:/home/bart/goliath_mobile/install/hoverboard_demo_description:/home/bart/goliath_mobile/install/gripper_description:/home/bart/goliath_mobile/install/goliath_commander_cpp:/home/bart/goliath_mobile/install/goliath_interfaces:/home/bart/goliath_mobile/install/arm_move_joy:/home/bart/goliath_base/install/hoverboard_demo_bringup:/home/bart/goliath_base/install/hoverboard_demo_description:/opt/ros/humble CMAKE_PREFIX_PATH=/home/bart/goliath_mobile/install/ros2_control_demo_description:/home/bart/goliath_mobile/install/rplidar_ros:/home/bart/goliath_mobile/install/ros2_control_demos:/home/bart/goliath_mobile/install/moveit:/home/bart/goliath_mobile/install/gripper_controller:/home/bart/goliath_mobile/install/goliath_moveit_config:/home/bart/goliath_mobile/install/goliath_controller:/home/bart/goliath_mobile/install/hoverboard_ros2_control:/home/bart/goliath_mobile/install/hoverboard_hardware_interface:/home/bart/goliath_mobile/install/hoverboard_demo_bringup:/home/bart/goliath_mobile/install/hoverboard_demo_description:/home/bart/goliath_mobile/install/goliath_commander_cpp:/home/bart/goliath_mobile/install/goliath_interfaces:/home/bart/goliath_mobile/install/arm_move_joy:/home/bart/goliath_base/install/hoverboard_demo_bringup:/home/bart/goliath_base/install/hoverboard_demo_description:/home/bart/goliath_mobile/install/ros2_control_demo_testing:/home/bart/goliath_mobile/install/gripper_description:/opt/ros/humble /usr/bin/cmake --install /home/bart/goliath_mobile/build/gripper_controller
